     Step     Time          Energy         fmax         cmax       rtrust          rho
Sella   0 02:44:51     -738.391884      85.3319       0.0000       0.1000       1.0000
Sella   1 02:45:11     -744.701012      85.3319       0.0000       0.1000       1.0413
Sella   2 02:45:16     -748.463294      47.6768       0.0000       0.1000       1.1881
     Step     Time          Energy         fmax         cmax       rtrust          rho
Sella   0 02:47:45     -738.391884      85.3319       0.0000       0.1000       1.0000
Sella   1 02:47:55     -744.701012      85.3319       0.0000       0.1000       1.0413
Sella   2 02:47:59     -748.463294      47.6768       0.0000       0.1000       1.1881
     Step     Time          Energy         fmax         cmax       rtrust          rho
Sella   0 02:49:39     -757.146396       4.1218       0.0000       0.1000       1.0000
Sella   1 02:49:48     -757.386720       4.1218       0.0000       0.1150       0.9887
Sella   2 02:49:50     -757.645477       3.7901       0.0000       0.1150       0.9324
Sella   3 02:49:55     -757.858699       3.1143       0.0000       0.1150       0.8387
Sella   4 02:49:56     -757.946240       1.8716       0.0000       0.1150       0.7564
Sella   5 02:49:58     -757.995234       0.6216       0.0000       0.1150       0.7897
Sella   6 02:49:59     -758.008502       0.4468       0.0000       0.1150       0.7903
Sella   7 02:50:02     -758.013610       0.3087       0.0000       0.1150       0.9621
Sella   8 02:50:03     -758.016342       0.1442       0.0000       0.1150       1.3281
Sella   9 02:50:05     -758.017303       0.0808       0.0000       0.1150       1.1175
Sella  10 02:50:06     -758.017611       0.0585       0.0000       0.1150       1.3983
