17
 energy: -27.703806650870 gnorm: 0.167653612411 xtb: 6.7.1 (edcfbbe)
C           -2.29504400000000       -1.28131200000000       -0.47441500000000
C           -1.17464200000000       -0.39266800000000       -0.02947300000000
C           -1.33559400000000        0.93477600000000       -0.00320300000000
C           -0.26564800000000        1.88429400000000        0.37104600000000
N            0.98378900000000        1.54729400000000        0.50395900000000
N            1.45703900000000        0.23156900000000        0.36804200000000
C            2.74823243000000        1.40310482000000        0.54864597000000
S            0.35412200000000       -1.11953800000000        0.49417500000000
O            0.17188500000000       -1.28766800000000        1.99642400000000
H           -3.17789600000000       -1.13368900000000        0.18295500000000
H           -1.99165900000000       -2.34812000000000       -0.42478800000000
H           -2.57331500000000       -1.04086000000000       -1.52227100000000
H           -2.29593400000000        1.35538900000000       -0.27727200000000
H           -0.53146700000000        2.92731800000000        0.47801100000000
H            2.98897843000000        0.55727982000000       -0.12900203000000
H            3.07198443000000        1.15189282000000        1.58010897000000
H            3.29852543000000        2.30329682000000        0.20183497000000
17
 energy: -27.743726883067 gnorm: 0.092181549984 xtb: 6.7.1 (edcfbbe)
C           -2.29414156932429       -1.27976243344825       -0.47355031550146
C           -1.18716443523562       -0.38017830111303       -0.02686589233029
C           -1.31235826912527        0.95595593517982        0.00601091748155
C           -0.23519219481158        1.86975180389331        0.35691371840805
N            1.00423767520780        1.48884443836662        0.47747365997978
N            1.38013961157410        0.18691787156325        0.36848129212534
C            2.77465840586437        1.37225069379756        0.52570320488727
S            0.31751506213980       -1.16363452868244        0.52599862306254
O            0.13336776348277       -1.30557829188718        2.00826554368631
H           -3.17132640764410       -1.13973520870768        0.16672878475005
H           -1.99396122353201       -2.33125202721186       -0.42167244100805
H           -2.57744149051687       -1.04790337012463       -1.50654349548545
H           -2.26783770526379        1.39259130684009       -0.26190785485259
H           -0.48317875481059        2.91615105854143        0.47863091834239
H            3.14502922600105        0.60024050811358       -0.15169166417240
H            3.05357947808200        1.16973315714724        1.56453712862892
H            3.14743154791223        2.38796666773220        0.22826575199806
17
 energy: -27.771898248239 gnorm: 0.112746165902 xtb: 6.7.1 (edcfbbe)
C           -2.29698190009891       -1.27315849431445       -0.47597604065828
C           -1.19814897902517       -0.36945614860422       -0.02421691436999
C           -1.28058359112396        0.97450174227416        0.02561270612032
C           -0.19136780397701        1.84119830967384        0.35572269695865
N            1.03892552060010        1.39004622587950        0.44016298412782
N            1.33462184721646        0.10768087847026        0.35496929661185
C            2.74942440466570        1.40185549734278        0.51791667947135
S            0.28570666029577       -1.20722432201707        0.56541123998326
O            0.10068454236458       -1.33253731391373        2.02182653843885
H           -3.17178158185893       -1.14504653558195        0.15385072120631
H           -1.98564442931292       -2.31020405717365       -0.41778390627080
H           -2.58475638295357       -1.05070669389024       -1.49978830708257
H           -2.22492984358324        1.43860604106226       -0.24284443858704
H           -0.39880226112868        2.89849977418358        0.46782466135618
H            3.22083418510012        0.69359982914322       -0.15948244783259
H            2.99863893987451        1.19891981123719        1.54657998254018
H            3.03751739294517        2.43578473622854        0.23499242798651
17
 energy: -27.802839441273 gnorm: 0.178973847412 xtb: 6.7.1 (edcfbbe)
C           -2.29817880376717       -1.26746642903264       -0.48191613375482
C           -1.22055242740559       -0.34343332995355       -0.03053306553250
C           -1.21516301662249        1.01743410541796        0.05709982322140
C           -0.11444710846027        1.80079237277318        0.35131579048304
N            1.11308914715432        1.19977590560138        0.37750808554144
N            1.19826525201963       -0.03255103458975        0.33619589152145
C            2.70129395785971        1.48420933930646        0.50778320318803
S            0.22891357503037       -1.27917054031314        0.64466868130306
O            0.05437563368683       -1.37206465572236        2.03310954837586
H           -3.16254980011527       -1.15720774612623        0.12969896509162
H           -1.97192484910769       -2.27479907003628       -0.41107341062104
H           -2.59677148066017       -1.06208131543009       -1.48309643030595
H           -2.15418347730626        1.50742277056630       -0.21429925928209
H           -0.28153770968779        2.87051964087062        0.46259202814983
H            3.34004993559016        0.88001464931806       -0.15079830042113
H            2.91481279722977        1.24105458602610        1.49713432789136
H            2.89786509456195        2.47991003132399        0.23938813515045
17
 energy: -27.813669196627 gnorm: 0.159158169606 xtb: 6.7.1 (edcfbbe)
C           -2.31217224161702       -1.24822181448491       -0.48661140501006
C           -1.23136625405891       -0.34779118192240       -0.00482602035044
C           -1.19582708874265        1.01402032805984        0.07414401928687
C           -0.05155422797152        1.75854142252568        0.34574891866190
N            1.13294959193793        1.14083778424778        0.33577640960650
N            1.25922505080853       -0.12219666322300        0.30806516341123
C            2.68153343938330        1.44916911635412        0.48380914969731
S            0.18304813945377       -1.33857355698887        0.67536498924719
O           -0.01103617671715       -1.40837136379428        2.09646172664822
H           -3.19031447077396       -1.16389176870740        0.12239555664125
H           -1.94933254416457       -2.25396150129175       -0.41053056407149
H           -2.60980817460152       -1.05615996265755       -1.50004431863955
H           -2.09466951040433        1.57941045031024       -0.18529562918154
H           -0.12631036556971        2.84460125033776        0.44457222978075
H            3.44283523708906        0.93736155334568       -0.21053725124606
H            2.84583668702558        1.27919565917616        1.51377001030155
H            2.66031962892318        2.62838952871293        0.26251489521638
17
 energy: -27.823281434082 gnorm: 0.153484079638 xtb: 6.7.1 (edcfbbe)
C           -2.31230631416158       -1.24893523973607       -0.49713399223828
C           -1.24459783302547       -0.34209070971818        0.00668005050330
C           -1.18380420119926        1.01932316372827        0.08705008890558
C           -0.02347402093657        1.74275503102862        0.34254490006998
N            1.14819065410613        1.09943881827629        0.34032061334299
N            1.22288604029020       -0.15035578009220        0.32695586968970
C            2.66220490921664        1.47738173686832        0.46874821013129
S            0.16140769032122       -1.34713951740749        0.71063346662810
O           -0.04048662473397       -1.40958693978231        2.11759615788240
H           -3.20020853265227       -1.18860938373810        0.10370707601058
H           -1.93617783726491       -2.25004080287685       -0.43816118735467
H           -2.60103813504738       -1.04260793177548       -1.50886613836694
H           -2.07781099624773        1.59438386013245       -0.16436056616861
H           -0.07647474523354        2.82565502998838        0.44314490952329
H            3.45776189326659        1.00424635856810       -0.19311472408712
H            2.85445738268483        1.31338522413925        1.48901706918004
H            2.62282739061709        2.59515636239704        0.23001607634835
17
 energy: -27.805256823997 gnorm: 0.196307092221 xtb: 6.7.1 (edcfbbe)
C           -2.31548357963162       -1.25710559004932       -0.51304503440685
C           -1.26698261548827       -0.34252571917099        0.02490882325681
C           -1.20135083925552        0.99537585358871        0.06428961503274
C            0.00461210203375        1.76313989115664        0.30748900840934
N            1.14062538718167        1.18924454254923        0.40016273971688
N            1.20467144706823       -0.10083619848552        0.37282975304578
C            2.65929781847064        1.47773214111124        0.42263879805419
S            0.14228415586921       -1.29779443161220        0.71270943194075
O           -0.05431673548539       -1.36498507329267        2.15985173848949
H           -3.22590071165312       -1.23961369152311        0.11247142455674
H           -1.90646810807120       -2.28481925751770       -0.49945376389656
H           -2.58922089001305       -1.00885189796029       -1.55143608321058
H           -2.09792150197489        1.55025424130396       -0.14920256726661
H           -0.09035639223180        2.79608792475803        0.47825460626710
H            3.39248189953183        1.05574356965068       -0.13389552745860
H            2.97227719046824        1.32581960892976        1.47464343194946
H            2.66510809318130        2.43549336656353        0.18156148551981
17
 energy: -27.831382128512 gnorm: 0.109717001924 xtb: 6.7.1 (edcfbbe)
C           -2.31793913959006       -1.25252020872876       -0.50977124105923
C           -1.26464294340135       -0.34200217695877        0.02325918701240
C           -1.18770984467902        1.00808282181278        0.07668819388594
C            0.00291829086608        1.73664667816327        0.32521222913925
N            1.15682983064074        1.09478729756847        0.36908189986972
N            1.22174752937479       -0.16370584883770        0.36525556697065
C            2.65250336319635        1.48374890409715        0.44625042762250
S            0.13631852164051       -1.32382140544123        0.73592800328808
O           -0.07289318180151       -1.36393418863370        2.15855270540040
H           -3.21655525833085       -1.23304268255488        0.09867596072330
H           -1.92565677308000       -2.26289656994497       -0.49635878137667
H           -2.59465825561914       -1.00363193949704       -1.52777209363853
H           -2.07936979350255        1.57955637917267       -0.15608945276443
H           -0.05415404314414        2.80204173023478        0.46091573132044
H            3.44764837068358        1.05661649773250       -0.16974119076037
H            2.94710895626654        1.33501805947625        1.46809093333671
H            2.58186109048008        2.54141593233918        0.19659980102974
17
 energy: -27.837794806852 gnorm: 0.111798881493 xtb: 6.7.1 (edcfbbe)
C           -2.32565327271248       -1.23660625442607       -0.50510763719435
C           -1.27331494762583       -0.34122284816408        0.04271818630714
C           -1.15419954931054        1.00454628409964        0.10614666915032
C            0.06920850351161        1.66313915857564        0.33495522848313
N            1.18959276324342        0.96495960367483        0.32149804994276
N            1.22831389744099       -0.27841780731820        0.35696944923409
C            2.61256372436277        1.52056712589572        0.41310821726671
S            0.09869633257968       -1.37707324465375        0.77146993355801
O           -0.12894823312036       -1.37038535556922        2.18697119849068
H           -3.21935816300927       -1.24241241059530        0.09402365652413
H           -1.93572514731160       -2.23937052065472       -0.51870178601290
H           -2.61013779320514       -0.96016393992614       -1.50873141129462
H           -2.00705896266420        1.63526473963186       -0.13909081431309
H            0.09990501469683        2.74280347307138        0.41511343452147
H            3.52252303356244        1.23186752527995       -0.19836304312833
H            2.87127327230016        1.40488646919391        1.45143796142191
H            2.39567624726157        2.56997728188458        0.24036058704283
17
 energy: -27.841816111895 gnorm: 0.114247178332 xtb: 6.7.1 (edcfbbe)
C           -2.32189236168900       -1.23067885660159       -0.51590131082616
C           -1.26360931395779       -0.35154606511429        0.04751890311166
C           -1.13722294880225        0.99284656798281        0.09854079068904
C            0.08028782568157        1.64083582254385        0.34969302783992
N            1.19976587915378        0.94534958031122        0.33972604707015
N            1.25101625687674       -0.30726609720031        0.39976885568667
C            2.61670383633804        1.51739977620726        0.40966324083356
S            0.08823448478912       -1.38373431654770        0.81551158041207
O           -0.16459713572017       -1.31817156285966        2.23558005008881
H           -3.21003809017951       -1.25726422509689        0.09099905324137
H           -1.93509328492382       -2.23456720093778       -0.56925682709036
H           -2.61698927935771       -0.91786715842318       -1.50620591362951
H           -1.97945053975464        1.63083644460865       -0.16430383807372
H            0.11043132673938        2.71931814195671        0.40792682775806
H            3.46511170001763        1.27295715821240       -0.23618014401890
H            2.93341544085194        1.37894296497741        1.42015684781205
H            2.31728292393671        2.59496830598112        0.24154068909513
17
 energy: -27.846643838930 gnorm: 0.100558877524 xtb: 6.7.1 (edcfbbe)
C           -2.32651299436427       -1.22779526113271       -0.51944348292300
C           -1.25794250479544       -0.37032631365907        0.05615354771722
C           -1.13882323181945        0.97193257855439        0.08858030265783
C            0.07872867856524        1.62365295218496        0.33597258496507
N            1.20608959791798        0.94535012127345        0.32331886419778
N            1.30004196883603       -0.32167722165330        0.40958299735878
C            2.61682553623871        1.51004629557406        0.41632655976096
S            0.08436601536433       -1.37022909197756        0.84437257709108
O           -0.17007704452193       -1.23019876972029        2.27450460924838
H           -3.19385807536543       -1.29448600958581        0.12428760415432
H           -1.93179734462798       -2.23251323423923       -0.64650025498667
H           -2.65731457405424       -0.85202311561758       -1.48433129732484
H           -1.97878649273818        1.60425391956027       -0.17648007727671
H            0.09669863238755        2.69723559821816        0.39423007577796
H            3.43621403132820        1.31541538699132       -0.28533868240851
H            2.95787693591507        1.34125485334854        1.41255542426086
H            2.31162758573387        2.58246659188043        0.29698652772929
17
 energy: -27.852882908898 gnorm: 0.081950239414 xtb: 6.7.1 (edcfbbe)
C           -2.32962371546089       -1.22428755188410       -0.52199197182262
C           -1.24570656378552       -0.39355102684550        0.05755145811373
C           -1.13031948126525        0.95010930422556        0.06354190787673
C            0.08333821912021        1.60352844811827        0.32789778466940
N            1.21963147170800        0.92909505512669        0.34627502303514
N            1.34293961421976       -0.34294312710343        0.43534204341436
C            2.60215620863923        1.51498806187345        0.41358001518501
S            0.08122611625780       -1.35136470131887        0.88034840472752
O           -0.16711545586504       -1.12747948330617        2.30647482147626
H           -3.15985469848176       -1.34197289440082        0.17261087977178
H           -1.93163076684011       -2.22018402386820       -0.73562340091056
H           -2.71653715666908       -0.78051516428302       -1.44518838494199
H           -1.96813729378811        1.57154202926674       -0.21854377925742
H            0.09450730675871        2.67956597227460        0.36362056143882
H            3.37116138874001        1.37654996015433       -0.34674817788116
H            2.99693836090568        1.27874336911192        1.38493370660886
H            2.29038316580639        2.57053505285859        0.38069698849594
17
 energy: -27.859981580711 gnorm: 0.052336731707 xtb: 6.7.1 (edcfbbe)
C           -2.33266853400564       -1.22071611572818       -0.52115850517342
C           -1.22925744896516       -0.41630849040172        0.05284977827994
C           -1.11891370930776        0.92984650911314        0.03890481016142
C            0.09919506129563        1.58526584987615        0.29515141682337
N            1.24161813412179        0.90864396351080        0.34107310905738
N            1.36951930842998       -0.36827452262926        0.44680859868394
C            2.57070831528199        1.53454270054799        0.41992978713533
S            0.07703874068493       -1.33900774359881        0.91655439277584
O           -0.15878973948874       -1.03057210534681        2.32373364854650
H           -3.12214648474032       -1.38100979914151        0.21156399013167
H           -1.94467723878660       -2.19500649689187       -0.80223051860337
H           -2.77162441114032       -0.73927686398006       -1.39397836202289
H           -1.96023353314369        1.54161924872707       -0.25073199410332
H            0.11161109004230        2.66125870293266        0.33871104867571
H            3.28546636016306        1.45701721294292       -0.40890004032044
H            3.05129735865824        1.19727518135264        1.34529662812446
H            2.26521345090036        2.56706204871491        0.51120009182767
17
 energy: -27.865740446050 gnorm: 0.045680539435 xtb: 6.7.1 (edcfbbe)
C           -2.33683543687505       -1.22389186697376       -0.51182377437608
C           -1.20625534485877       -0.43791280810064        0.03486917595162
C           -1.10225179589766        0.90957267573920        0.00984969366084
C            0.11200219538541        1.55961279007524        0.28380340539312
N            1.25660894320062        0.88422942629718        0.34605323123896
N            1.38448081454551       -0.38756405266604        0.43342400187466
C            2.54649249894144        1.55992768083809        0.41521090891029
S            0.07942621248511       -1.33511477308993        0.94915900046570
O           -0.15956100386334       -0.92431090894094        2.33486814234978
H           -3.08018704508900       -1.42887896519870        0.26434911178639
H           -1.95617753998060       -2.17824826356674       -0.87855865641278
H           -2.83543733793297       -0.69236467411918       -1.32766364932647
H           -1.94430380404034        1.52069629019800       -0.29642596319284
H            0.13887225890970        2.64169806493060        0.32018947422502
H            3.19031841879349        1.50541596320855       -0.45526086354627
H            3.07087592613069        1.13442018511619        1.28596921577071
H            2.27528876014579        2.58507251625293        0.65676542522716
17
 energy: -27.868572826184 gnorm: 0.049540809764 xtb: 6.7.1 (edcfbbe)
C           -2.34533839061661       -1.23413486208186       -0.49908098727773
C           -1.19631608085411       -0.44983679346850        0.02022805343189
C           -1.09348338394575        0.89812152338438       -0.01876824206828
C            0.11680165621091        1.55404504100677        0.27409085738658
N            1.25689761636045        0.88678003208036        0.36249056764835
N            1.38370433630439       -0.38731797141126        0.41696474246362
C            2.52726936400223        1.58876018311903        0.44417937553850
S            0.08443954021729       -1.32709000040815        0.95649246819481
O           -0.15461514572204       -0.89172796210162        2.31502716980548
H           -3.05753140822668       -1.45405834152669        0.28860882537901
H           -1.99217475276298       -2.17065794290550       -0.89816261290194
H           -2.86720147939762       -0.69663173637709       -1.27545385535349
H           -1.93265820031760        1.50863217490268       -0.34598351124319
H            0.15779231374859        2.63718398162601        0.31152128893379
H            3.09931022489452        1.54226113782145       -0.48454667838957
H            3.12383427600317        1.09337231220868        1.24175591675835
H            2.32262623410187        2.59465850413140        0.75541450169362
17
 energy: -27.869003326704 gnorm: 0.042608913355 xtb: 6.7.1 (edcfbbe)
C           -2.34889601229927       -1.24343308170517       -0.49499091275138
C           -1.18906625282414       -0.45896178482891        0.00655382986812
C           -1.07899245803315        0.88562892257422       -0.04882640081203
C            0.13279988222908        1.54325894232333        0.26377250287911
N            1.26302534577465        0.87581552384634        0.36932052570245
N            1.38942122619146       -0.41056488806378        0.40312747289451
C            2.51470941402405        1.59776380404232        0.46803194950586
S            0.07895449237299       -1.32801813755267        0.98479242043707
O           -0.18340376299165       -0.80654212902461        2.33651403985907
H           -3.01102435985553       -1.52613414497181        0.35335518510280
H           -1.99466106253971       -2.17016934461279       -0.98898606493865
H           -2.94298044601224       -0.64213474288640       -1.22071695076440
H           -1.90666486589424        1.49830319154209       -0.39628274423724
H            0.18441381790957        2.61886750557492        0.31362584203123
H            3.04143909518841        1.59025285164344       -0.51674626673993
H            3.15778338583093        1.06527287228099        1.20396319447121
H            2.32649928092882        2.60315391981857        0.82827025749200
17
 energy: -27.868989051081 gnorm: 0.044453832668 xtb: 6.7.1 (edcfbbe)
C           -2.35008376161168       -1.24571604203649       -0.49857546863763
C           -1.19504830107875       -0.45241015690646        0.00062992592127
C           -1.07461153989151        0.88772076952436       -0.05450603657478
C            0.13733062243513        1.54674853611966        0.28601614983003
N            1.26177456445196        0.87837777215066        0.38981260402236
N            1.38075863354779       -0.41565989312243        0.38716862829362
C            2.52172106036788        1.59749711514106        0.45866010928432
S            0.07921455078117       -1.33194364028515        0.97156132727457
O           -0.19177363870396       -0.82169329524206        2.32218686773793
H           -3.00812701334516       -1.51965718964715        0.33636063295754
H           -2.00902259009596       -2.16847126718443       -0.97125930275540
H           -2.93311302711603       -0.66750318908764       -1.22268775510588
H           -1.89445275853674        1.50362468221218       -0.40436002470501
H            0.19063434045234        2.61394284721715        0.36178306264422
H            3.04325131041913        1.54236036386290       -0.47002100270231
H            3.12046828231975        1.14109979039829        1.18959996434978
H            2.35443598560467        2.60404207688563        0.78240819816515
17
 energy: -27.869866461053 gnorm: 0.037730830527 xtb: 6.7.1 (edcfbbe)
C           -2.35383002935054       -1.24284758467199       -0.49312347330986
C           -1.20673450449953       -0.44787244127405        0.00964860448159
C           -1.07856409911724        0.88942540856348       -0.06448235009947
C            0.12531323258795        1.54819390904986        0.30332129437448
N            1.25523161656531        0.88266898940832        0.42086461715131
N            1.38947423467593       -0.40706321049572        0.39819123890635
C            2.53112627900586        1.59117930245411        0.46428884473501
S            0.07883808184623       -1.31501474947313        0.95949260976703
O           -0.18072429240032       -0.84401301309858        2.31770556976635
H           -3.03019898599121       -1.47588426188949        0.30453192505684
H           -2.01799970599798       -2.16798719691853       -0.90180381483657
H           -2.89675100345137       -0.71449812670283       -1.24155207572178
H           -1.88975615752636        1.50278114740745       -0.43696204379189
H            0.16750789845913        2.61852826469027        0.35217179903796
H            3.03215615922741        1.57866743628179       -0.52127426368229
H            3.16553640251609        1.07182648076019        1.18796646906418
H            2.34273159345066        2.62426892590893        0.80579292910057
17
 energy: -27.870218144399 gnorm: 0.043422237482 xtb: 6.7.1 (edcfbbe)
C           -2.35385736160307       -1.24332177617035       -0.49159607110309
C           -1.21050978338847       -0.44579464003696        0.01580494941690
C           -1.08406709269698        0.89218981343495       -0.05536402904798
C            0.11818261638925        1.55639200030023        0.28878099807925
N            1.25276945547018        0.89011295284044        0.40506660785813
N            1.38026686462403       -0.39902166310252        0.41874094557394
C            2.52856534847814        1.59422207434966        0.48077141127693
S            0.07815743471764       -1.31031532766745        0.96191654158983
O           -0.17876281796836       -0.87466324548825        2.31525141620360
H           -3.01492268706886       -1.52094143209271        0.34735011595691
H           -1.98606475165250       -2.17057018284249       -0.95900770825670
H           -2.93960314585189       -0.66854847587720       -1.22641504529883
H           -1.89044884475379        1.50584370223471       -0.44931317098982
H            0.16207094472421        2.63525889052691        0.32036340553801
H            3.02906630166588        1.56248671004426       -0.48522813565525
H            3.19928250405217        1.07852188946813        1.20623840084249
H            2.34323173486247        2.61050799007875        0.77141724801551
17
 energy: -27.871554474230 gnorm: 0.014069514719 xtb: 6.7.1 (edcfbbe)
C           -2.34899262443762       -1.24511298087556       -0.49660468709895
C           -1.20406950429624       -0.44613415073616        0.00829313304619
C           -1.07345781447373        0.89099987564993       -0.06265840634872
C            0.12799439638250        1.55150158826486        0.29322664049656
N            1.25838357828542        0.88304791536498        0.39738420694015
N            1.37657378346716       -0.41084489819747        0.39750414885060
C            2.52445414412904        1.58964315234654        0.47497024003090
S            0.07697854012766       -1.32100871536075        0.97428184722477
O           -0.19065635288263       -0.82740679487428        2.33287546668024
H           -3.00523812764821       -1.52409329362093        0.33584501170190
H           -1.99105547106093       -2.16667850242553       -0.95943767612661
H           -2.93627901000390       -0.67830323556008       -1.22445291616597
H           -1.88035861851289        1.50770091343172       -0.43886596495690
H            0.17351757423426        2.62417040837207        0.35719322427923
H            3.01695228825333        1.57111220289270       -0.50479600993058
H            3.15855736672193        1.08362514556368        1.19192056994660
H            2.35005257171488        2.61014064976435        0.78809905143039
17
 energy: -27.871759075613 gnorm: 0.012598564986 xtb: 6.7.1 (edcfbbe)
C           -2.35448493664008       -1.24504177307195       -0.49257363328820
C           -1.21207163713305       -0.44449661583657        0.01352951127598
C           -1.07515494713534        0.89073311676279       -0.06846245969250
C            0.13002125067088        1.54960998540259        0.29500949456710
N            1.25819530315749        0.88197045703529        0.41076573165987
N            1.37969355128853       -0.41190433390848        0.39681552712073
C            2.52534055051337        1.59275142916926        0.47321638152389
S            0.07414443918306       -1.31389661070286        0.96853617934384
O           -0.18421976920596       -0.84282808832815        2.32655751184849
H           -3.00856752345129       -1.52294446996335        0.33534942413170
H           -1.99634322780967       -2.16426369956548       -0.95107075702885
H           -2.93790046476742       -0.68617383468002       -1.21973647884819
H           -1.87511893660368        1.50973931596295       -0.45775223356945
H            0.17622005742382        2.62180859058240        0.35303053629326
H            3.01266006890832        1.57588242574379       -0.50097023820199
H            3.16975526363698        1.08095973416836        1.18225779905176
H            2.35118767796407        2.62045365122952        0.80027558381237
17
 energy: -27.871963683643 gnorm: 0.005926945168 xtb: 6.7.1 (edcfbbe)
C           -2.35636929329134       -1.24299918001562       -0.49027929878606
C           -1.21519637548857       -0.44097053501056        0.01627353302348
C           -1.07455950432431        0.89262887077581       -0.07101829627470
C            0.12963838984026        1.55038215448254        0.29206056106544
N            1.25808157847167        0.88180101100833        0.41165250263095
N            1.37874298838283       -0.41235399186122        0.39872715646355
C            2.52353556678413        1.59375511712708        0.47881475818778
S            0.07282095643022       -1.31599581325912        0.96557937270409
O           -0.18122172179691       -0.86114035704644        2.33316007816197
H           -3.00514511394317       -1.52981168151300        0.33897702993893
H           -1.99199898359150       -2.15862359684136       -0.95320160458729
H           -2.94567374453768       -0.68363230193978       -1.21477366407123
H           -1.86879506024884        1.51201512351208       -0.46921850450187
H            0.17566133062690        2.62428506220272        0.34432554775914
H            3.00297745969068        1.57827155182581       -0.49967723991121
H            3.17158165073078        1.08252018050703        1.18792585010020
H            2.35927659626487        2.62222766604579        0.79545009809663
17
 energy: -27.872068638969 gnorm: 0.002502675769 xtb: 6.7.1 (edcfbbe)
C           -2.35821296637832       -1.24094393605149       -0.48538994868895
C           -1.21833429792527       -0.43582432545154        0.01875391072787
C           -1.07271866741570        0.89609554048418       -0.07805191039272
C            0.13030210743914        1.55326292715458        0.28609937327916
N            1.25784775337360        0.88341481154538        0.41445696636953
N            1.37713298402512       -0.41093410376414        0.40490835867259
C            2.52191930983001        1.59555179394152        0.48408991156581
S            0.07106703773488       -1.32009639721007        0.95994797878193
O           -0.18080424268774       -0.88992878239590        2.34007631326029
H           -2.99744953006728       -1.54230188080964        0.34626410985161
H           -1.98787334278854       -2.14936882010402       -0.95955068237296
H           -2.95824301071210       -0.67994775639827       -1.20125342988436
H           -1.86197710042780        1.51612409532011       -0.48432323845559
H            0.17690066176846        2.62848881311545        0.33023625864353
H            2.99791139045079        1.57840955368743       -0.49731487894843
H            3.17127706857075        1.08514576527797        1.19393846398693
H            2.36461156521003        2.62521198165856        0.79189032360358
17
 energy: -27.872119841677 gnorm: 0.004179411546 xtb: 6.7.1 (edcfbbe)
C           -2.35947072827171       -1.23965868948243       -0.48098811520580
C           -1.21938356252330       -0.43270817996429        0.01930466287767
C           -1.07130631967501        0.89826768849678       -0.08431078303378
C            0.13169215178155        1.55599723148125        0.27874405301296
N            1.25798315476014        0.88553935254064        0.41597180750393
N            1.37663129339110       -0.40870870078690        0.41214230863024
C            2.52180987330567        1.59709217248812        0.48711311234180
S            0.07034144159300       -1.32361412784113        0.95493318974154
O           -0.18401313528255       -0.91137183305035        2.34210927753949
H           -2.98800246432724       -1.55440500372913        0.35400292717048
H           -1.98726912338258       -2.14072554208045       -0.96834420950839
H           -2.97063541437241       -0.67566261895796       -1.18536867843615
H           -1.85915054092690        1.51809639406452       -0.49372420909301
H            0.17903128067621        2.63152303816327        0.31693730230734
H            2.99990217613188        1.57720905720994       -0.49379163422864
H            3.16985823927577        1.08774863559526        1.19879255277645
H            2.36533839784639        2.62774040585295        0.79125431560367
17
 energy: -27.872200803308 gnorm: 0.006604759203 xtb: 6.7.1 (edcfbbe)
C           -2.36224837678438       -1.23736304284902       -0.47218371361546
C           -1.21919898773910       -0.42870465009000        0.01797854664619
C           -1.06831432575267        0.90085384281647       -0.09683820715761
C            0.13544547954993        1.56077434219290        0.26147715823860
N            1.25897298531683        0.88988321929806        0.41772624990895
N            1.37745028669397       -0.40383700165185        0.42885110445603
C            2.52288997821675        1.60041594426818        0.49257405419825
S            0.07006064817583       -1.33033966415760        0.94526448982432
O           -0.19444856589754       -0.94906309202385        2.34154023692347
H           -2.96523298028219       -1.58087970280156        0.37130552971468
H           -1.99051193192449       -2.12194471882084       -0.99108456153934
H           -2.99848391937022       -0.66464328039054       -1.14790017569480
H           -1.85637748041233        1.51938657566929       -0.50825458124076
H            0.18436176253604        2.63639508899783        0.28754183443234
H            3.00850423953275        1.57510189346648       -0.48495168067004
H            3.16631357160107        1.09359681082917        1.20952799849292
H            2.36417433653975        2.63272671524697        0.79220359708204
17
 energy: -27.872267481058 gnorm: 0.006414080685 xtb: 6.7.1 (edcfbbe)
C           -2.36529870346780       -1.23556329924774       -0.46454641410360
C           -1.21687975726708       -0.42782220543375        0.01442730368377
C           -1.06526149042217        0.90092862391135       -0.10753665067225
C            0.13955924983133        1.56334676346032        0.24473161122680
N            1.26066133410951        0.89308399058864        0.41786112868137
N            1.38027657172016       -0.39981177993806        0.44403036609932
C            2.52462991565444        1.60379532502438        0.49765857916144
S            0.07131964648213       -1.33565589031072        0.93738631607321
O           -0.20572703086779       -0.97540917980931        2.33649388663608
H           -2.94281254033325       -1.60427934742176        0.38684961544873
H           -1.99940138110272       -2.10471396940356       -1.01418300146963
H           -3.02436253460722       -0.65337677151601       -1.11060016590816
H           -1.85580300542104        1.51762934112744       -0.51746154134277
H            0.18984293258571        2.63880312673902        0.25936645785873
H            3.01817506311612        1.57559041214221       -0.47557937633598
H            3.16285363850886        1.09900011620539        1.22009793000725
H            2.36158481148084        2.63681402388225        0.79578183495545
17
 energy: -27.872335709100 gnorm: 0.003450445793 xtb: 6.7.1 (edcfbbe)
C           -2.36924221336866       -1.23393571514366       -0.45703014264542
C           -1.21268039138496       -0.42977141711017        0.00858234906866
C           -1.06166522175748        0.89862134833158       -0.11772907600141
C            0.14431189978305        1.56361739587911        0.22731096300438
N            1.26317136122530        0.89519886569152        0.41686256842712
N            1.38532910902335       -0.39641366847306        0.45820117796989
C            2.52667455413624        1.60788510740741        0.50362272954622
S            0.07431770015088       -1.34024851892396        0.93011964576315
O           -0.21747561872137       -0.99475581848572        2.32720646730469
H           -2.91981453390125       -1.62525690927793        0.40121079005973
H           -2.01554744101619       -2.08770279116154       -1.03743529796095
H           -3.04910980478934       -0.64156037064376       -1.07062526459663
H           -1.85620876425853        1.51299086088030       -0.52397271353312
H            0.19591769267923        2.63880011550448        0.22930842442070
H            3.02777724099371        1.58018049989861       -0.46496249715964
H            3.15947157326509        1.10420239584450        1.23127262515445
H            2.35812957794094        2.64050789978237        0.80283513117792
17
 energy: -27.872368653089 gnorm: 0.001918338118 xtb: 6.7.1 (edcfbbe)
C           -2.37306489874865       -1.23264851236057       -0.45109453293179
C           -1.20941458083386       -0.43180544548886        0.00301354561919
C           -1.05849869439276        0.89639499868205       -0.12597689403145
C            0.14786208831802        1.56268280022617        0.21449267549903
N            1.26532258697125        0.89603320214799        0.41642936395728
N            1.38979675032038       -0.39447789028364        0.46685105727256
C            2.52761632692069        1.61148405556501        0.50978222167082
S            0.07697996623953       -1.34345745087900        0.92436335402809
O           -0.22502450132093       -1.00874754140662        2.32008570355697
H           -2.90258289117541       -1.64001344897371        0.41213302665573
H           -2.03013960152370       -2.07510184026133       -1.05331358941699
H           -3.06728766938961       -0.63249160682367       -1.03954337494353
H           -1.85476763221213        1.50915435513893       -0.53139101071938
H            0.20039204055665        2.63791690778091        0.20578683917175
H            3.03207280941852        1.58677789557261       -0.45664158603712
H            3.15750930447178        1.10746908913625        1.23993807986126
H            2.35658531638024        2.64318971222756        0.80986300078732
17
 energy: -27.872388405667 gnorm: 0.001862163252 xtb: 6.7.1 (edcfbbe)
C           -2.37781305368792       -1.23119134640161       -0.44340916129452
C           -1.20619159649862       -0.43360543852519       -0.00387287976260
C           -1.05423598585829        0.89413239038458       -0.13761435630933
C            0.15209767833697        1.56126677886521        0.19894964278674
N            1.26784779584485        0.89663645043266        0.41601279887293
N            1.39458187839808       -0.39276519614260        0.47448827593110
C            2.52787150526509        1.61588717148148        0.51844142267198
S            0.07976557246437       -1.34718073139527        0.91730859624061
O           -0.23228782797449       -1.02579831048701        2.31301162741519
H           -2.88186412282012       -1.65711954842657        0.42529877268717
H           -2.04823438022148       -2.06033497910615       -1.07022205032134
H           -3.08834866378047       -0.62243409674956       -1.00151238836511
H           -1.85085429126583        1.50541874195031       -0.54426867106693
H            0.20556265663901        2.63645464788822        0.17893599259802
H            3.03501301812947        1.59730805090672       -0.44672469816985
H            3.15569539717491        1.10986528445137        1.24933624539584
H            2.35475113985449        2.64581941087347        0.82061871068983
17
 energy: -27.872395423220 gnorm: 0.001364731714 xtb: 6.7.1 (edcfbbe)
C           -2.37892423281108       -1.23103137379893       -0.44082947728890
C           -1.20609773958742       -0.43342189400575       -0.00534147905110
C           -1.05289512051896        0.89381814669055       -0.14237912291490
C            0.15334816835879        1.56090589340408        0.19426897147901
N            1.26842083798561        0.89658941104151        0.41501432127057
N            1.39492398448102       -0.39285660785460        0.47366745057077
C            2.52744075380894        1.61659216910807        0.52115660316749
S            0.08001630513307       -1.34765645786574        0.91570528405332
O           -0.23237486734039       -1.02795020396194        2.31201771332267
H           -2.87608621268603       -1.66167148790159        0.42863704237852
H           -2.05313083661692       -2.05654019711928       -1.07332725680347
H           -3.09352219912324       -0.62116445966859       -0.99065325220464
H           -1.84868802392102        1.50501585791301       -0.55068429926235
H            0.20692145805034        2.63586614183356        0.17417010215823
H            3.03562730265587        1.60246872622338       -0.44391031143986
H            3.15542412903023        1.10824870374864        1.25019693216853
H            2.35295301310117        2.64514691221370        0.82706865839583
17
 energy: -27.872389210091 gnorm: 0.003348647703 xtb: 6.7.1 (edcfbbe)
C           -2.38338114365068       -1.23017360941682       -0.43079759422007
C           -1.20538704613566       -0.43225935126004       -0.01083575826333
C           -1.04793130146747        0.89294870957417       -0.16080894251838
C            0.15834968022606        1.56078639549616        0.17458511228060
N            1.27065334721238        0.89726608073617        0.41232994060922
N            1.39645439005906       -0.39224814074009        0.47685638456433
C            2.52683571988642        1.61908625869506        0.53126440116143
S            0.08023499557389       -1.34971301975113        0.90989128872165
O           -0.23681182516055       -1.03980645369849        2.30895741884014
H           -2.84709428643318       -1.68994078232845        0.44578665116073
H           -2.06839421395404       -2.03641683040560       -1.09708636746571
H           -3.12324267646108       -0.61149249716775       -0.94138467079551
H           -1.84125739497877        1.50317379068655       -0.57543929271516
H            0.21278040825977        2.63558959795858        0.14922050147130
H            3.03972318712168        1.61856442366530       -0.43242584391500
H            3.15396737043752        1.10351798683762        1.25577653613833
H            2.34785750946464        2.64347672111882        0.84888811494511
17
 energy: -27.872406990814 gnorm: 0.001055931489 xtb: 6.7.1 (edcfbbe)
C           -2.38215305800570       -1.23100650640588       -0.43379634284642
C           -1.20625953843684       -0.43266790965408       -0.00893137529504
C           -1.04940152390926        0.89278629669566       -0.15637551995147
C            0.15680566688280        1.56020098533223        0.18068320347553
N            1.27001815194686        0.89635018293416        0.41174103878902
N            1.39543231631954       -0.39346186960563        0.47193967439556
C            2.52679208696536        1.61743084097179        0.52856003389379
S            0.07983720584758       -1.34735462705645        0.91309476313620
O           -0.23288667298797       -1.02824998276365        2.31034847555141
H           -2.85575568940720       -1.68182711272174        0.43969644872663
H           -2.06421859136484       -2.04264802861021       -1.08934264895653
H           -3.11409619738169       -0.61616814109002       -0.95593358861603
H           -1.84286806626191        1.50345615638463       -0.57007782856975
H            0.21075357684591        2.63519876776926        0.15927223663427
H            3.03757062665286        1.61804323191896       -0.43582613618480
H            3.15510221215477        1.10086385289499        1.25135275142089
H            2.34868421413973        2.64141314300604        0.84837269439645
17
 energy: -27.872412592865 gnorm: 0.001128116019 xtb: 6.7.1 (edcfbbe)
C           -2.38190987903349       -1.23201934880337       -0.43470766674207
C           -1.20705881583162       -0.43308146679909       -0.00801395755081
C           -1.04984601453217        0.89217893712072       -0.15607954611190
C            0.15636230346273        1.55938857486855        0.18215091153009
N            1.26990486590059        0.89533238567203        0.41028935064171
N            1.39485731020441       -0.39478862760338        0.46797930276087
C            2.52691668416311        1.61594489668868        0.52808334303514
S            0.07915694735008       -1.34444927218380        0.91643247858528
O           -0.23043519118456       -1.01517845275285        2.31154873844218
H           -2.85656188627929       -1.68281705774464        0.43667069179604
H           -2.06355234170074       -2.04294796201220       -1.08945157465318
H           -3.11260466726275       -0.61857064131634       -0.95770725023899
H           -1.84310896790449        1.50288261766245       -0.57010941301641
H            0.21006286946867        2.63455860343566        0.16270203881202
H            3.03525933551158        1.62334724540523       -0.43708658528468
H            3.15670904297655        1.09490010130950        1.24643821801252
H            2.34920512469138        2.63767874705292        0.85563879998192
17
 energy: -27.872417231370 gnorm: 0.000958061171 xtb: 6.7.1 (edcfbbe)
C           -2.38160222113899       -1.23274921871507       -0.43510370945961
C           -1.20765600929417       -0.43309906736689       -0.00724861625607
C           -1.04995329360901        0.89197046499625       -0.15655565706439
C            0.15624961866238        1.55901182786348        0.18218462250270
N            1.26974493260050        0.89464629106711        0.40980153223658
N            1.39423810112686       -0.39564795146395        0.46728152964366
C            2.52703230091654        1.61486291158169        0.52795910410393
S            0.07792507976302       -1.34234645155729        0.91974457641671
O           -0.23056302338061       -1.00628200194060        2.31365964564535
H           -2.85394972573346       -1.68806953466247        0.43515232373782
H           -2.06250904866132       -2.04038711916328       -1.09359973707746
H           -3.11422064251792       -0.61878093751872       -0.95490012946668
H           -1.84274030931774        1.50253433598357       -0.57168783298459
H            0.21012116378078        2.63420616363583        0.16257538887461
H            3.03247599464052        1.62840488233677       -0.43847222128705
H            3.15865087521292        1.08956854747226        1.24166523077181
H            2.35011292694968        2.63451613745141        0.86232182966239
