15
 energy: -20.618524363159 gnorm: 0.058450190925 xtb: 6.7.1 (edcfbbe)
C           -0.95961800000000       -1.47636400000000        0.26833400000000
C            0.17989300000000       -0.52559600000000        0.07610700000000
C            1.51771800000000       -0.85913100000000        0.03900500000000
C            2.16597200000000        0.34225900000000       -0.18030900000000
N            1.26122000000000        1.33761800000000       -0.27394000000000
N            0.06040400000000        0.80215900000000       -0.12277200000000
C           -1.17867800000000        1.57054800000000       -0.15428300000000
H           -0.58209100000000       -2.49056800000000        0.51749600000000
H           -1.55694900000000       -1.53284100000000       -0.66522700000000
H           -1.60676400000000       -1.12249600000000        1.09757900000000
H            1.96290500000000       -1.83855400000000        0.15390700000000
H            3.23498400000000        0.48152400000000       -0.26784400000000
H           -1.66681400000000        1.53421300000000        0.84213700000000
H           -0.96719900000000        2.62990900000000       -0.41259600000000
H           -1.86498500000000        1.14732000000000       -0.91759400000000
15
 energy: -20.624061327212 gnorm: 0.016870870829 xtb: 6.7.1 (edcfbbe)
C           -0.98199054007529       -1.47077767052472        0.26888456637475
C            0.17211730578000       -0.54872652478645        0.07595393302182
C            1.51684354616058       -0.85340400241276        0.03853667832604
C            2.15332589344912        0.36760008863233       -0.18439326489132
N            1.26189702886393        1.34795160466533       -0.27724992204608
N            0.06880009779950        0.78249457240624       -0.12054565588810
C           -1.15172341026112        1.54714142871895       -0.15137650697695
H           -0.61089558584716       -2.46702610873802        0.50984808254528
H           -1.58479902019655       -1.53769571906400       -0.64163598219914
H           -1.62913207924198       -1.13347275589235        1.08345856395465
H            1.96740583721132       -1.82046235890446        0.15556550752487
H            3.20884182321305        0.54178909323479       -0.27506561286982
H           -1.64341201318577        1.52192490973624        0.82731926142499
H           -0.91316000892965        2.58292063158373       -0.40463233367546
H           -1.83412087473996        1.13974281134515       -0.90466731462555
15
 energy: -20.624743802389 gnorm: 0.005480679519 xtb: 6.7.1 (edcfbbe)
C           -0.99265756137949       -1.46841439436697        0.27005587591764
C            0.17253964296088       -0.56819829893713        0.07645760075251
C            1.52253626464202       -0.85539590531767        0.03741173728914
C            2.14572708788847        0.37833526713193       -0.18431501524191
N            1.25521486469545        1.34627090604752       -0.27510293193721
N            0.06748223547124        0.76521635499905       -0.11812869397040
C           -1.14194316989902        1.53267193091505       -0.15116298312490
H           -0.63566998316789       -2.46534503899208        0.50719366778086
H           -1.59746632450430       -1.52192063375656       -0.63496158299905
H           -1.62957004020538       -1.11997642576184        1.08148273288461
H            1.98318021898547       -1.81474635642589        0.15322767126794
H            3.19408411652796        0.58143482845742       -0.27869402001371
H           -1.63772883692140        1.51437854256831        0.82128573664257
H           -0.88070033293114        2.55831379608581       -0.40060777942320
H           -1.82503018216287        1.13737542735307       -0.90414201582487
15
 energy: -20.624840366135 gnorm: 0.003916065834 xtb: 6.7.1 (edcfbbe)
C           -0.99496269277413       -1.46721835794531        0.27086615025442
C            0.17707927245097       -0.57677944694776        0.07628611097308
C            1.52861872880082       -0.85751132238149        0.03667953594983
C            2.14545889610407        0.38034393846916       -0.18403452782730
N            1.25096313925273        1.34355204894631       -0.27385118824772
N            0.06554890016054        0.75737567349287       -0.11702679361519
C           -1.14117470913462        1.52780806261639       -0.15175493133175
H           -0.65178526780892       -2.47049786423817        0.50484026770558
H           -1.60412730535335       -1.51038180812449       -0.63247192695748
H           -1.62518966122528       -1.11169537797926        1.08508485228712
H            1.99554973502221       -1.81391479401374        0.15179487137152
H            3.19128260114118        0.59641699503262       -0.27912434439364
H           -1.64132498520972        1.51166021019856        0.81914898297009
H           -0.87073269056595        2.55187424173393       -0.39847735443994
H           -1.82520596086055        1.13896780114037       -0.90795970469861
15
 energy: -20.624872042494 gnorm: 0.001086502289 xtb: 6.7.1 (edcfbbe)
C           -0.99576192519168       -1.46579338332587        0.27193290824770
C            0.18158791380042       -0.58261229709851        0.07636584325861
C            1.53327955677517       -0.85908957444947        0.03667362559329
C            2.14593852866351        0.38052749885803       -0.18356569387924
N            1.24752757319891        1.34110183270167       -0.27290225462162
N            0.06373702046610        0.75189258024415       -0.11620469929061
C           -1.14158028734441        1.52475780585095       -0.15310274315859
H           -0.66415960501571       -2.47513358344236        0.50021931375780
H           -1.60992825679609       -1.49775484878192       -0.62945873233040
H           -1.61837481826948       -1.10649016848054        1.09149818810946
H            2.00503228322854       -1.81349696784783        0.15084549925802
H            3.18972459258883        0.60504412919359       -0.27924262122763
H           -1.64606769916188        1.50738965748062        0.81622664993915
H           -0.86624603033607        2.54885742474344       -0.39573687877223
H           -1.82471084660617        1.14079989435407       -0.91354840488370
15
 energy: -20.624877318486 gnorm: 0.000657069144 xtb: 6.7.1 (edcfbbe)
C           -0.99568933544452       -1.46512059045858        0.27289576124657
C            0.18257005128279       -0.58311478148860        0.07659686550083
C            1.53377280848031       -0.85904532827615        0.03725098247481
C            2.14629815975977        0.38006169176328       -0.18345570398957
N            1.24713678912597        1.34059200565721       -0.27337908374075
N            0.06352036790688        0.75131277403942       -0.11633803292275
C           -1.14196545216862        1.52418984460200       -0.15435259545092
H           -0.66593753134143       -2.47624770284167        0.49502271628016
H           -1.61350265180794       -1.49092801474366       -0.62616053121855
H           -1.61385002789515       -1.10840097771852        1.09708167458454
H            2.00635400054256       -1.81313516206178        0.15140924116880
H            3.18966632328740        0.60518177353821       -0.27901293342769
H           -1.64899088305027        1.50349215065913        0.81364195697851
H           -0.86652976134661        2.54912590965200       -0.39334014180366
H           -1.82285485733113        1.14203640767773       -0.91786017568034
15
 energy: -20.624885567803 gnorm: 0.001397337710 xtb: 6.7.1 (edcfbbe)
C           -0.99564567795269       -1.46444286686382        0.27444140310084
C            0.18282385739576       -0.58260617925942        0.07740769158505
C            1.53359785410414       -0.85847745132677        0.03944176372951
C            2.14667495774812        0.37956017009620       -0.18385759486961
N            1.24740284012089        1.34033293783765       -0.27554403088630
N            0.06377345501760        0.75155818214922       -0.11727078028368
C           -1.14233256130883        1.52360308387599       -0.15657721485127
H           -0.66600464367809       -2.47805603195806        0.48401996335814
H           -1.62031174293665       -1.47965000031910       -0.61988126606052
H           -1.60654850421001       -1.11480741273867        1.10709565733494
H            2.00656876915578       -1.81228106471602        0.15520956551585
H            3.18998132939145        0.60393109623763       -0.27966852608111
H           -1.65340260348463        1.49630452506495        0.80901314205176
H           -0.86729440396376        2.55021770458060       -0.38853869356950
H           -1.81928492539907        1.14481330733962       -0.92529108007408
15
 energy: -20.624898500064 gnorm: 0.001621805719 xtb: 6.7.1 (edcfbbe)
C           -0.99574697830890       -1.46325548446726        0.27801291625902
C            0.18302975812425       -0.58216061202728        0.07927145769730
C            1.53374784743900       -0.85795924846626        0.04281993775475
C            2.14705723899246        0.37938810054537       -0.18392786061820
N            1.24770103070866        1.33980121069996       -0.27977650040780
N            0.06418056164853        0.75145653119516       -0.11975914714334
C           -1.14265471900137        1.52222493494116       -0.16142306249902
H           -0.66653718389025       -2.48238419295492        0.46134718958665
H           -1.63545366277745       -1.45693357859973       -0.60601799890231
H           -1.59137761642050       -1.12848710088945        1.12832860656423
H            2.00743346297368       -1.81104975614732        0.16201467025399
H            3.19040548400509        0.60346425898698       -0.28013790186411
H           -1.66250129684792        1.48205305243579        0.79904677794246
H           -0.86716269343102        2.55200090277330       -0.37880200865395
H           -1.81212323321425        1.15184098197449       -0.94099707596968
15
 energy: -20.624906473394 gnorm: 0.000824886582 xtb: 6.7.1 (edcfbbe)
C           -0.99550027687291       -1.46263744792555        0.28104396945753
C            0.18270345169594       -0.58167894760420        0.08022841836747
C            1.53379234846841       -0.85768833302893        0.04528166985385
C            2.14693646847835        0.37947483658102       -0.18452526352296
N            1.24798347428360        1.33968812396578       -0.28174710840486
N            0.06437430338207        0.75154248571597       -0.12179743426978
C           -1.14269156190955        1.52158009802128       -0.16557244888411
H           -0.66647636720210       -2.48524842742034        0.44347961750929
H           -1.64798030390728       -1.44053447357589       -0.59301570512376
H           -1.57830747805925       -1.14091805423762        1.14513954752611
H            2.00727805076829       -1.81041989830784        0.16723149151725
H            3.19051328114276        0.60313545658373       -0.28079325459424
H           -1.67084244000913        1.47030564026373        0.78975271728188
H           -0.86644488395048        2.55389175991607       -0.36971014278981
H           -1.80534006630870        1.15950718105279       -0.95499607392386
15
 energy: -20.624909371463 gnorm: 0.000409797535 xtb: 6.7.1 (edcfbbe)
C           -0.99527943376742       -1.46263380299973        0.28320217229033
C            0.18237280015343       -0.58161093675893        0.08021235328752
C            1.53375140913172       -0.85773445761090        0.04523822659084
C            2.14671728636784        0.37990604317293       -0.18352389410668
N            1.24779651825480        1.33951824701984       -0.28347784717867
N            0.06419455980124        0.75141569879333       -0.12273292145393
C           -1.14271840843158        1.52135614561484       -0.16805653424586
H           -0.66624217821906       -2.48688393990673        0.43408972385568
H           -1.65537207577856       -1.43210282714773       -0.58449892795447
H           -1.56990807177438       -1.14759743203105        1.15492958923824
H            2.00666891219001       -1.81058414605308        0.16765272972641
H            3.19049931136331        0.60356842968632       -0.27907598041087
H           -1.67602971109014        1.46411482883612        0.78378463276853
H           -0.86540128363697        2.55475157150708       -0.36443516696467
H           -1.80105163456424        1.16451657787770       -0.96330815544238
15
 energy: -20.624910630685 gnorm: 0.000354476519 xtb: 6.7.1 (edcfbbe)
C           -0.99518731699557       -1.46280591995859        0.28426631819978
C            0.18232164396038       -0.58177852462650        0.08006421625963
C            1.53388717106602       -0.85770312872569        0.04547345179927
C            2.14651058994221        0.38004392701863       -0.18397525477966
N            1.24759947266742        1.33967833005362       -0.28225135453047
N            0.06397218608247        0.75124816763772       -0.12236890451528
C           -1.14279298738534        1.52130412404333       -0.16945675968664
H           -0.66632727537176       -2.48785051018274        0.42994631860777
H           -1.65910903089653       -1.42838872286920       -0.58025739681421
H           -1.56546610746741       -1.15057347087653        1.15974627167356
H            2.00649324034039       -1.81069375959883        0.16795807214068
H            3.19030110722268        0.60388992488628       -0.27960523414039
H           -1.67954401034212        1.46070756518005        0.78017595309779
H           -0.86433509749917        2.55527311722089       -0.36122262199840
H           -1.79832558532363        1.16764888079756       -0.96849307531342
15
 energy: -20.624911047623 gnorm: 0.000218517560 xtb: 6.7.1 (edcfbbe)
C           -0.99507102417968       -1.46282566424279        0.28494533377382
C            0.18231773448636       -0.58173006026506        0.07991983830914
C            1.53383447718569       -0.85769521125233        0.04516672601383
C            2.14649981889190        0.38002771950591       -0.18393437313477
N            1.24756437154059        1.33973925094722       -0.28197068759656
N            0.06392069208062        0.75133386875430       -0.12200912677673
C           -1.14283180163104        1.52145364189929       -0.17008314319391
H           -0.66615688840979       -2.48814991419383        0.42844358286809
H           -1.66063910274492       -1.42697048074386       -0.57819375485039
H           -1.56359940026551       -1.15206563667261        1.16212466565707
H            2.00623807236582       -1.81085702688054        0.16726905160322
H            3.19029474438786        0.60378278899722       -0.27934016730849
H           -1.68157096638824        1.45915050577235        0.77833112043006
H           -0.86416723686203        2.55576499894937       -0.35959715582454
H           -1.79663549045760        1.16904121942537       -0.97107190996982
