15
 energy: -20.621268074220 gnorm: 0.044993962627 xtb: 6.7.1 (edcfbbe)
C           -2.45664000000000        0.64562000000000       -0.02168000000000
C           -1.07928000000000        0.09988000000000       -0.01122000000000
N           -0.01850000000000        0.91739000000000       -0.01321000000000
N            1.03615000000000        0.08370000000000       -0.01123000000000
C            0.68625000000000       -1.23441000000000       -0.00407000000000
C           -0.68771000000000       -1.25954000000000       -0.00460000000000
C            2.37804000000000        0.61231000000000       -0.02850000000000
H           -2.45806000000000        1.74008000000000        0.00006000000000
H           -3.01453000000000        0.28870000000000        0.84986000000000
H           -2.98517000000000        0.32398000000000       -0.92477000000000
H            1.42497000000000       -2.02317000000000       -0.00301000000000
H           -1.32352000000000       -2.13329000000000       -0.00326000000000
H            2.34335000000000        1.70433000000000        0.00575000000000
H            2.86350000000000        0.28272000000000       -0.95033000000000
H            2.91122000000000        0.22861000000000        0.84461000000000
15
 energy: -20.623493237051 gnorm: 0.012689038686 xtb: 6.7.1 (edcfbbe)
C           -2.46724483716063        0.64317947032874       -0.02082495109532
C           -1.08637859522039        0.09751868112030       -0.01323142063017
N           -0.01940115864630        0.88881626668618       -0.01801003741547
N            1.04170031824886        0.07763793245190       -0.01261135076595
C            0.68172384412059       -1.22449697383527       -0.00622702223753
C           -0.69297076402192       -1.25254525777039       -0.00586589349578
C            2.38228153038854        0.60273311257243       -0.02799960008226
H           -2.43914060883302        1.73146061721124        0.00014023737715
H           -3.02519814199545        0.28835897583917        0.84707119448027
H           -2.99897884545291        0.32322466805714       -0.91839828088093
H            1.41482571166020       -2.00758092815821       -0.00239505847833
H           -1.32843329014754       -2.11683124387387       -0.00074137863894
H            2.32255682064915        1.68839322692950        0.00613566670328
H            2.89620048855682        0.29598177556532       -0.94165018230174
H            2.93852752785401        0.24105967687582        0.83900807746173
15
 energy: -20.623651746231 gnorm: 0.002896803161 xtb: 6.7.1 (edcfbbe)
C           -2.46524884878286        0.64575227177079       -0.02070340538585
C           -1.08456445618081        0.09544451818863       -0.01477118172952
N           -0.01717367194305        0.87838513296630       -0.01975134283157
N            1.04277082667223        0.07311949126542       -0.01436801210173
C            0.68018952376364       -1.22491863563432       -0.00701293516572
C           -0.69386423909505       -1.25496509385537       -0.00624426642561
C            2.37691791116507        0.60251257281390       -0.02794440733191
H           -2.42530482269301        1.73146217129016        0.00014880752641
H           -3.02051285716609        0.29109435407431        0.84696449796243
H           -2.99758373778326        0.32587149655845       -0.91612824455231
H            1.41013223557886       -2.00892660376113       -0.00182765773008
H           -1.32991927296492       -2.11639749507193        0.00030957983438
H            2.30409590147725        1.68717439362686        0.00624187781824
H            2.90087039088349        0.30329198598649       -0.93861552283701
H            2.93926511706851        0.24800943978145        0.83810221294983
15
 energy: -20.623670406112 gnorm: 0.001186927678 xtb: 6.7.1 (edcfbbe)
C           -2.46332511176276        0.64765598168038       -0.02044294086051
C           -1.08318879301290        0.09386044442476       -0.01568179230158
N           -0.01571670106601        0.87499163289641       -0.02168136474513
N            1.04329103421924        0.07006999697997       -0.01581193692368
C            0.67991842135784       -1.22780188536334       -0.00749973808098
C           -0.69400678706881       -1.25806587950605       -0.00658907104622
C            2.37387763733047        0.60393084627464       -0.02767396870175
H           -2.41898166019810        1.73266569892650       -0.00009789705371
H           -3.01740745225277        0.29439119304323        0.84817158794797
H           -2.99678670076648        0.32840233290084       -0.91505454376484
H            1.40812225380430       -2.01389864049995       -0.00170158179681
H           -1.33076893284413       -2.11883624259065        0.00051347343035
H            2.29533714184157        1.68845489344742        0.00608646726707
H            2.90185031744464        0.30790226932271       -0.93718360425056
H            2.93785533297389        0.25318735806314        0.83904691088039
