2
 energy: -5.622855793191 gnorm: 0.442502510550 xtb: 6.7.1 (edcfbbe)
N            0.84255000000000        0.07793000000000        0.02714000000000
N            2.26255000000000        0.07793000000000        0.02714000000000
2
 energy: -5.757181409964 gnorm: 0.181172179990 xtb: 6.7.1 (edcfbbe)
N            0.97730458343397        0.07793000000000        0.02714000000000
N            2.12779541656603        0.07793000000000        0.02714000000000
2
 energy: -5.703879433075 gnorm: 0.846889954245 xtb: 6.7.1 (edcfbbe)
N            1.06553200443722        0.07793000000000        0.02714000000000
N            2.03956799556278        0.07793000000000        0.02714000000000
2
 energy: -5.763237926768 gnorm: 0.063672744191 xtb: 6.7.1 (edcfbbe)
N            0.99540535302273        0.07793000000000        0.02714000000000
N            2.10969464697727        0.07793000000000        0.02714000000000
2
 energy: -5.763826838543 gnorm: 0.025745245531 xtb: 6.7.1 (edcfbbe)
N            1.00030824371891        0.07793000000000        0.02714000000000
N            2.10479175628109        0.07793000000000        0.02714000000000
2
 energy: -5.763934986424 gnorm: 0.001654253633 xtb: 6.7.1 (edcfbbe)
N            1.00363607050555        0.07793000000000        0.02714000000000
N            2.10146392949445        0.07793000000000        0.02714000000000
2
 energy: -5.763935295770 gnorm: 0.000884179207 xtb: 6.7.1 (edcfbbe)
N            1.00333469264438        0.07793000000000        0.02714000000000
N            2.10176530735562        0.07793000000000        0.02714000000000
