17
 energy: -27.848001518171 gnorm: 0.139215120841 xtb: 6.7.1 (edcfbbe)
C           -2.89931300000000       -0.47452600000000       -0.33421000000000
C           -1.45403500000000       -0.09336900000000       -0.23697600000000
C           -0.52837600000000       -1.02032400000000        0.02764400000000
C            0.92521300000000       -0.74945300000000        0.08788400000000
N            1.47877300000000        0.37593200000000       -0.28432200000000
C            2.93554900000000        0.49069600000000       -0.29645400000000
N            0.72451100000000        1.46695500000000       -0.74936800000000
S           -0.98901000000000        1.60042800000000       -0.44616800000000
O           -1.05243700000000        2.16679400000000        0.96555600000000
H           -3.23757300000000       -0.92020000000000        0.62512700000000
H           -3.04021500000000       -1.21282300000000       -1.15173500000000
H           -3.52558500000000        0.41636700000000       -0.55033200000000
H           -0.84406900000000       -2.04294900000000        0.19820600000000
H            1.55451300000000       -1.57411300000000        0.40482500000000
H            3.35245400000000        0.20170800000000        0.69262000000000
H            3.35912600000000       -0.16891800000000       -1.08362800000000
H            3.24047400000000        1.53779500000000       -0.50875100000000
17
 energy: -27.864560467085 gnorm: 0.077644252784 xtb: 6.7.1 (edcfbbe)
C           -2.88216377129412       -0.45553200566996       -0.34150973100868
C           -1.42867193184915       -0.10577313798935       -0.24601216400953
C           -0.50222845608478       -1.03460217903373        0.02977704026363
C            0.90751635238212       -0.76298656334426        0.08854099286155
N            1.44495506059368        0.37089266645571       -0.28699419573524
C            2.89378000749296        0.50127393093664       -0.29903262934731
N            0.75325450093469        1.42670587820480       -0.74311474381532
S           -0.93541539319094        1.60451858240213       -0.43332129634668
O           -1.03645703110369        2.14558397488130        0.96231412811202
H           -3.23067981356556       -0.89982898161740        0.59652074411349
H           -3.04533149215878       -1.19129485117628       -1.13634748325427
H           -3.49882689987832        0.42232694602546       -0.54907958167360
H           -0.80656108814647       -2.05570035649426        0.21580911600916
H            1.55538679004529       -1.56509521138760        0.41106389987958
H            3.30877056892757        0.21383259828576        0.67372546485609
H            3.32400141655720       -0.14926680408137       -1.06956041550266
H            3.17867118033831        1.53494551360242       -0.51286114540225
17
 energy: -27.869812411278 gnorm: 0.029072308211 xtb: 6.7.1 (edcfbbe)
C           -2.86754698348109       -0.43760941716548       -0.35212726770996
C           -1.41016144858204       -0.12503565157329       -0.25344710081141
C           -0.48154740472049       -1.05504641658803        0.03844100474733
C            0.89629718141458       -0.78394319386268        0.09406921788846
N            1.40714917336433        0.36620354205278       -0.29231915943128
C            2.85429321888067        0.51096129163467       -0.30287026301306
N            0.76197783266259        1.37338783830437       -0.73336113476625
S           -0.89708461044534        1.60954344273229       -0.41740979717765
O           -1.00706960576011        2.11759809328929        0.95886161586633
H           -3.22028237261823       -0.87343521345849        0.58043632958573
H           -3.04386717438499       -1.16761924405925       -1.14006768834793
H           -3.45041666591658        0.45274701032003       -0.55629863699151
H           -0.78075743979054       -2.07552972918638        0.23820316503806
H            1.57822396608831       -1.55399831927507        0.41934278569034
H            3.26621775655410        0.23145505262306        0.66432466019179
H            3.29070244978669       -0.13291887351384       -1.06526995068841
H            3.10387212694815        1.54323978772604       -0.52058978007058
17
 energy: -27.870603938783 gnorm: 0.010897648596 xtb: 6.7.1 (edcfbbe)
C           -2.86495370552801       -0.43219555202835       -0.35809499722434
C           -1.40616970426148       -0.13707494447763       -0.25215681380037
C           -0.48048134779010       -1.06829324400170        0.04521039067818
C            0.90479247212967       -0.79510279642807        0.10142295013496
N            1.40606302051893        0.35728331031874       -0.29470643423550
C            2.85267039105527        0.51292742790086       -0.30567622038465
N            0.74919539197658        1.37216605938073       -0.74137743489235
S           -0.90338545930650        1.60376474217168       -0.40963857232734
O           -0.99624531303243        2.10383040668725        0.96853556615138
H           -3.23085144292065       -0.86093065331247        0.57487982412535
H           -3.05293778148590       -1.15617317060042       -1.15150825459868
H           -3.42678134678960        0.47515661165048       -0.56420546659786
H           -0.78186943003739       -2.08802583666705        0.25098702563577
H            1.59504449124653       -1.55630344834303        0.42905707259804
H            3.26370265315489        0.24600187479085        0.66701833480145
H            3.29195413481162       -0.12954718273420       -1.06926121044974
H            3.08025297625855        1.55251639569237       -0.53056775961428
17
 energy: -27.870936136028 gnorm: 0.004988237969 xtb: 6.7.1 (edcfbbe)
C           -2.86200794488607       -0.42395136368790       -0.36819470783754
C           -1.40092983243164       -0.15580421372653       -0.24771585650089
C           -0.47856445228699       -1.08563686437197        0.05911101219666
C            0.90974400820214       -0.80463378169505        0.11512673411329
N            1.39990908605967        0.34903929327900       -0.29478794401205
C            2.84651475928939        0.51880745747749       -0.31256501548349
N            0.73634074644814        1.36216278412480       -0.74853205013736
S           -0.90352777288374        1.59353795667082       -0.39410021531485
O           -0.97743218514102        2.08068107907747        0.98521940956964
H           -3.25015667151486       -0.84417598623589        0.56120203348665
H           -3.06316848078019       -1.13925904583796       -1.16722777864627
H           -3.39639823357000        0.50179352196297       -0.57845939992253
H           -0.77948222559973       -2.10595377227716        0.26587306282459
H            1.61170688169300       -1.55284105532490        0.44388767952052
H            3.26195815885308        0.27013042722056        0.66344820423944
H            3.29051606702792       -0.12490071059518       -1.07238188241252
H            3.05497809152091        1.56100427393946       -0.54998528568332
17
 energy: -27.871051353634 gnorm: 0.004205512096 xtb: 6.7.1 (edcfbbe)
C           -2.86133194677695       -0.41966133159712       -0.37696567845815
C           -1.40013486214630       -0.16543298284031       -0.24279126766574
C           -0.47842297044497       -1.09272401720637        0.06857756911257
C            0.90971699289415       -0.80453623773417        0.12592944234299
N            1.39636900782037        0.34621987674160       -0.29422287864263
C            2.84263568867758        0.52235615750522       -0.31926156803433
N            0.72889503167824        1.35581129115830       -0.75367368005691
S           -0.90229923628887        1.58748714974805       -0.37958169921121
O           -0.96003526354563        2.06180909533921        1.00456519447906
H           -3.26429644801711       -0.83629844323846        0.54768908987152
H           -3.06474032882202       -1.13004729663716       -1.17925507344883
H           -3.38270538854767        0.51215809192854       -0.59060039662090
H           -0.77572145352958       -2.11432856765954        0.27460444912550
H            1.61581608773838       -1.54589146981575        0.45882703793823
H            3.26315133724180        0.28760571343753        0.65810308692110
H            3.28803011078526       -0.12690140331355       -1.07328522103418
H            3.04507364128332        1.56237437418401       -0.56874040661811
17
 energy: -27.871181940882 gnorm: 0.003898390235 xtb: 6.7.1 (edcfbbe)
C           -2.86176853423863       -0.41569351840162       -0.39124573775851
C           -1.40205823885780       -0.17417190664867       -0.23459350690696
C           -0.47928440832844       -1.09726999396601        0.08115533003303
C            0.90708804376342       -0.79890363797582        0.14255522512159
N            1.39197189706166        0.34490097645205       -0.29429902334221
C            2.83703355229344        0.52636996472592       -0.33017615472897
N            0.71954880180014        1.34752651002639       -0.76362438297686
S           -0.89895672347085        1.58123557641224       -0.35443917401015
O           -0.92700529957436        2.03144573469362        1.04070266295358
H           -3.28367241254777       -0.82987436321533        0.52547619413920
H           -3.06134323996927       -1.12125549233594       -1.19791262618744
H           -3.36949098223455        0.52097634017522       -0.60991698794893
H           -0.76865186072128       -2.12159583703274        0.28441590159552
H            1.61570965095770       -1.53266368709455        0.48561668358742
H            3.26391419625825        0.31426662266449        0.64989188788957
H            3.28283284658857       -0.13654637185586       -1.07208069384623
H            3.03413271121980        1.56125308337662       -0.60160759761370
17
 energy: -27.871290378507 gnorm: 0.006271494270 xtb: 6.7.1 (edcfbbe)
C           -2.86298653598635       -0.41406702852842       -0.40751945330880
C           -1.40643186036572       -0.17717781513187       -0.22454172461769
C           -0.48103090229060       -1.09639565431940        0.09362471547974
C            0.90271593960856       -0.78914007097673        0.16165052575438
N            1.38765599105859        0.34613821680387       -0.29476254076672
C            2.83113693341724        0.52898483833757       -0.34267290880066
N            0.71016676913647        1.34021073805574       -0.77566477865364
S           -0.89471770048732        1.57814422250470       -0.32351235369242
O           -0.88498578388452        1.99844854711877        1.08479777425314
H           -3.30245754442359       -0.82888581754947        0.50007947224396
H           -3.05124216636108       -1.11669000590787       -1.21909909709512
H           -3.36224708966589        0.52445023101694       -0.63212400116327
H           -0.76143235617679       -2.12409001039524        0.29149866104171
H            1.61147509661265       -1.51706711277660        0.51763350897488
H            3.26342653088614        0.34341127802451        0.64077482027999
H            3.27567726394115       -0.15293590653905       -1.06848368261189
H            3.02527741498107        1.55666135026259       -0.64176093731770
17
 energy: -27.871377424186 gnorm: 0.007869114321 xtb: 6.7.1 (edcfbbe)
C           -2.86368077055959       -0.41509873906807       -0.42139251077693
C           -1.41122710093349       -0.17353464725476       -0.21455344148353
C           -0.48305668080201       -1.09073833730587        0.10354563073520
C            0.89826652721499       -0.77876997789072        0.17873293817900
N            1.38416775775016        0.34939947886314       -0.29422533713707
C            2.82646263238980        0.52909198052052       -0.35367154677594
N            0.70258159611560        1.33624527278148       -0.78364413438852
S           -0.89108326395202        1.57912542019241       -0.29465139827551
O           -0.84802466597606        1.97395703579646        1.12248096644861
H           -3.31527156880610       -0.83379160536777        0.47799124609710
H           -3.03583791106143       -1.11712525254675       -1.23733535308981
H           -3.36243506661587        0.52181087560092       -0.65140786192508
H           -0.75745851646601       -2.12129287933959        0.29390324391887
H            1.60554263055686       -1.50378888237312        0.54479775214479
H            3.26272510138374        0.36670197311386        0.63199906779856
H            3.26758278455381       -0.17118128612124       -1.06427508420807
H            3.02074651520764        1.54898957039914       -0.67837617726183
17
 energy: -27.871470490379 gnorm: 0.006599432729 xtb: 6.7.1 (edcfbbe)
C           -2.86291487197417       -0.41814222218858       -0.43400186887770
C           -1.41558540400135       -0.16400745190510       -0.20446563051958
C           -0.48541203970420       -1.08124743245543        0.11218806276646
C            0.89401913035186       -0.76831922740812        0.19514582369353
N            1.38103512131217        0.35409011268557       -0.29178112177424
C            2.82267685667556        0.52676399612177       -0.36422824533832
N            0.69563600577952        1.33557021307812       -0.78555221769216
S           -0.88843601189730        1.58403752548736       -0.26593585083157
O           -0.81664386997936        1.95640881023986        1.15537716791210
H           -3.32314231392641       -0.84373456173619        0.45748694533124
H           -3.01424942727779       -1.12136427730119       -1.25384717875924
H           -3.36818900095967        0.51419321725124       -0.66981064368712
H           -0.75765506899179       -2.11389807755359        0.29332475535187
H            1.59903536702909       -1.49250371422591        0.56802971634012
H            3.26330116285055        0.38647776526996        0.62237976709057
H            3.25736130055152       -0.19219764697798       -1.05986959982462
H            3.01916306416179        1.53787297161824       -0.71452188118153
17
 energy: -27.871537208803 gnorm: 0.003950305099 xtb: 6.7.1 (edcfbbe)
C           -2.86005543047540       -0.42075256317206       -0.44554079410718
C           -1.41746529414998       -0.15430684433202       -0.19698321491846
C           -0.48781264634947       -1.07307898818134        0.12033456690029
C            0.89116992722928       -0.76106500835388        0.20943498401634
N            1.37772720153466        0.35762135488652       -0.28861654361951
C            2.81932419846862        0.52395563336109       -0.37397328349227
N            0.68858145385622        1.33699876036242       -0.78251604744609
S           -0.88753499339792        1.59036269074699       -0.23949434255248
O           -0.79278297953704        1.94179404708450        1.18361539912927
H           -3.32762664153210       -0.85252125503484        0.43955104876602
H           -2.99284997633840       -1.12529249541369       -1.26803649775161
H           -3.37293408866356        0.50698135307067       -0.68780440622762
H           -0.76223831796691       -2.10632502244181        0.29466363496246
H            1.59548341500667       -1.48409041105487        0.58607197552934
H            3.26535338324415        0.40564060394730        0.61335182311178
H            3.24690159543787       -0.21262835412448       -1.05546279971251
H            3.01675919363333        1.52670649864954       -0.74867750258800
17
 energy: -27.871568810835 gnorm: 0.002063743139 xtb: 6.7.1 (edcfbbe)
C           -2.85668193099164       -0.42165193578107       -0.45459451621745
C           -1.41724183312093       -0.14949973578931       -0.19345679419067
C           -0.48963327660100       -1.06930550618118        0.12758755115248
C            0.88968273703321       -0.75765775161579        0.21849826567000
N            1.37455371081002        0.35921793966923       -0.28652472598403
C            2.81624143243668        0.52242654321743       -0.38127864945372
N            0.68324516853154        1.33915043115381       -0.77839594366039
S           -0.88736147305440        1.59436363977960       -0.22034268769252
O           -0.77796534226186        1.92909223907711        1.20408525397230
H           -3.32988038342604       -0.85508884564364        0.42699956083345
H           -2.97907495815115       -1.12718147979991       -1.27766694534339
H           -3.37276240439561        0.50355333703413       -0.70242597899443
H           -0.76726987282582       -2.10216376395269        0.29936528644906
H            1.59519078556966       -1.47844199922724        0.59677646602090
H            3.26645806016843        0.42124014945027        0.60626697924535
H            3.23959209960864       -0.22665164632277       -1.05149790205347
H            3.01290748067031        1.51859838493206       -0.77347721975373
17
 energy: -27.871584602487 gnorm: 0.001435303894 xtb: 6.7.1 (edcfbbe)
C           -2.85401191398968       -0.42125779038361       -0.46177046632762
C           -1.41650123740185       -0.14847850579120       -0.19159740479124
C           -0.49073202366902       -1.06832332674179        0.13383686367421
C            0.88875243249566       -0.75582134420929        0.22441073151673
N            1.37182522743044        0.35986061648697       -0.28506716310405
C            2.81343506702078        0.52196313579374       -0.38668937313563
N            0.67952134848218        1.34105424182060       -0.77467374685096
S           -0.88715092000853        1.59577040517479       -0.20593518689970
O           -0.76785419295893        1.91671311266117        1.22014451224848
H           -3.33278308944649       -0.85318918548577        0.41778400024260
H           -2.97108632886800       -1.12783850273716       -1.28430248077053
H           -3.36907198804436        0.50328118505829       -0.71470043163393
H           -0.77013984938484       -2.10082011163528        0.30492834483915
H            1.59609971506651       -1.47424634753145        0.60290640111103
H            3.26670985909895        0.43555424930765        0.60109624915685
H            3.23484889609270       -0.23683643949980       -1.04695908917721
H            3.00813899808452        1.51261460771218       -0.79349376009843
17
 energy: -27.871596303878 gnorm: 0.001955332618 xtb: 6.7.1 (edcfbbe)
C           -2.85162031215459       -0.41983447444029       -0.46817764021625
C           -1.41558413019556       -0.14955034364103       -0.19029606643229
C           -0.49128213834217       -1.06876480672067        0.13945711510296
C            0.88813681081617       -0.75462179171316        0.22805199487371
N            1.36936925540192        0.36041019830984       -0.28345453719782
C            2.81069382065362        0.52187235112378       -0.39141006191206
N            0.67691646038103        1.34420118973937       -0.76846994965955
S           -0.88729904678058        1.59545245909249       -0.19259559284040
O           -0.76210702433979        1.90319074649615        1.23479906094535
H           -3.33683506129680       -0.84665494111559        0.41027407317922
H           -2.96564495853644       -1.12913956392049       -1.28829595162223
H           -3.36244660234673        0.50486622456725       -0.72785960045925
H           -0.77111073664448       -2.10104049734749        0.31070484796904
H            1.59787020092529       -1.47117784502306        0.60466056677062
H            3.26646846795916        0.45252696469299        0.59617964640112
H            3.23161000071187       -0.24717006820247       -1.03932980157028
H            3.00286499378810        1.50543419810241       -0.81432010333217
17
 energy: -27.871600246809 gnorm: 0.002895569923 xtb: 6.7.1 (edcfbbe)
C           -2.85085130799934       -0.41789463615563       -0.47575053439858
C           -1.41631568943909       -0.15102016101188       -0.18656284668969
C           -0.49172212645825       -1.06929585869455        0.14406261941919
C            0.88699592960820       -0.75194706013891        0.23415431470372
N            1.36719413901385        0.36106579443885       -0.28248242202789
C            2.80785530164694        0.52275276381014       -0.39693795685432
N            0.67305484825649        1.34501521051289       -0.76580323476009
S           -0.88703541196348        1.59415402945640       -0.17456266025422
O           -0.74849935932863        1.88447876602700        1.25722304790099
H           -3.34612359348050       -0.83881210579498        0.40024435595460
H           -2.96042511063897       -1.13050908975423       -1.29389613976594
H           -3.35547755882635        0.50754399478723       -0.74402979681753
H           -0.76874851903815       -2.10271632289770        0.31265081399544
H            1.59814853180656       -1.46718799235156        0.61069274179218
H            3.26585709650408        0.47923258164539        0.59294291587981
H            3.22925369368368       -0.26249821466322       -1.02707922647632
H            2.99683913665300        1.49763830078479       -0.84494799160165
17
 energy: -27.871618992701 gnorm: 0.001779584660 xtb: 6.7.1 (edcfbbe)
C           -2.85166137952878       -0.41668861630696       -0.47382977077680
C           -1.41658640497217       -0.15269043184760       -0.18664655486869
C           -0.49087437489511       -1.07082707548763        0.14102568835819
C            0.88762229707892       -0.75312431257443        0.23053293784657
N            1.36819594431523        0.36117901448595       -0.28211638176169
C            2.80855605611312        0.52326825913744       -0.39547639035167
N            0.67465092173176        1.34677683374756       -0.76178720552697
S           -0.88792282774068        1.59237507936339       -0.17528324601891
O           -0.75471556113656        1.88412708531395        1.25592592614506
H           -3.34836820438956       -0.83122887010590        0.40396590948422
H           -2.96372920675048       -1.13341016662583       -1.28810590516016
H           -3.35256717187190        0.50915241084980       -0.74654332510396
H           -0.76570601541562       -2.10491357265862        0.30869123417106
H            1.59870918056130       -1.47040141735173        0.60371946114044
H            3.26529628477038        0.48654371457513        0.59425924373190
H            3.23209383042976       -0.26477818990138       -1.01949159484018
H            2.99700663170042        1.49464025538689       -0.84892202646871
17
 energy: -27.871656479746 gnorm: 0.003157314614 xtb: 6.7.1 (edcfbbe)
C           -2.85288042684797       -0.41322781869871       -0.47176674375074
C           -1.41755619419041       -0.15473548253003       -0.18475606300356
C           -0.48903929875006       -1.07435583911622        0.13148040693839
C            0.88909822429106       -0.75673114586582        0.22133431459606
N            1.37003208993629        0.36230155137731       -0.27984510101880
C            2.80956114033378        0.52488608134007       -0.39388325009103
N            0.67681535295810        1.35362140833856       -0.74555908012320
S           -0.89052964566111        1.58960187829643       -0.16444826939746
O           -0.76525135608184        1.87621418055319        1.26662057767247
H           -3.35773616911332       -0.80162666913098        0.41271486475908
H           -2.96797819054578       -1.14860874261683       -1.26934522003010
H           -3.34315077178968        0.51123246119530       -0.76759835967623
H           -0.75876194386165       -2.11104587983693        0.29062161655131
H            1.59984794766174       -1.48064075024138        0.58378880965497
H            3.26246170560745        0.52978587566087        0.59755309096605
H            3.23969275717721       -0.28489821690380       -0.98396169421125
H            2.99537477887625        1.47822710817899       -0.88303189983624
17
 energy: -27.871699304646 gnorm: 0.003824690677 xtb: 6.7.1 (edcfbbe)
C           -2.85321164030715       -0.41014941605054       -0.47181012107660
C           -1.41789277649110       -0.15528224140318       -0.18366975083125
C           -0.48808273210042       -1.07767091047193        0.12144805556448
C            0.89021115525969       -0.76108902587399        0.21252019964056
N            1.37066940965756        0.36294577323329       -0.27852067384711
C            2.80960693164052        0.52710716351472       -0.39325052051167
N            0.67677516667112        1.35968698329871       -0.73120539622169
S           -0.89235470777063        1.58906418591287       -0.14790747134545
O           -0.76705801370865        1.86391741453031        1.28577069380335
H           -3.36709308672303       -0.76750586029723        0.42139709144637
H           -2.97033440563471       -1.16810119987477       -1.24857793164629
H           -3.33396978981841        0.51061458667633       -0.79647449849669
H           -0.75558385011812       -2.11643916790623        0.27083403958668
H            1.60074110024977       -1.49007714750358        0.56639469540697
H            3.25783478138603        0.58011306196417        0.60024845270540
H            3.24729312313557       -0.30704440370253       -0.94408479328884
H            2.99244933467197        1.45991020395361       -0.92319407088852
17
 energy: -27.871612629999 gnorm: 0.014394128365 xtb: 6.7.1 (edcfbbe)
C           -2.85510478950018       -0.40320570383703       -0.46622385717002
C           -1.41764353111227       -0.15464330881892       -0.18526475900486
C           -0.48569130944899       -1.08736966281154        0.08559915037613
C            0.89419565798361       -0.77774598412052        0.18048283722599
N            1.37400130521062        0.36333543187130       -0.27632258757760
C            2.81215661724703        0.53438326910084       -0.38591881490306
N            0.67914275298575        1.37481729728021       -0.69519583650444
S           -0.89596572228567        1.59028018436287       -0.11178215949833
O           -0.77530803897859        1.84147515411745        1.32918673804318
H           -3.38615404058792       -0.66566899750652        0.45814169987337
H           -2.98402662830341       -1.23059164861383       -1.17607433094973
H           -3.31416111081907        0.50173179457454       -0.87556056239895
H           -0.75214891942628       -2.13085897814468        0.20605495246341
H            1.60240320820928       -1.52159814603914        0.51118175430809
H            3.24245654360957        0.70993962283670        0.61080576665412
H            3.27258002654652       -0.35648548347507       -0.83322258002903
H            2.98926797867004        1.41220515922336       -1.01596941090854
17
 energy: -27.871771712357 gnorm: 0.006787915636 xtb: 6.7.1 (edcfbbe)
C           -2.85572907679285       -0.40822933573616       -0.46060448539445
C           -1.41676236678003       -0.15217675681023       -0.19028069971188
C           -0.48678184647839       -1.08359462846266        0.09018431660806
C            0.89385884809672       -0.77607623602917        0.18470573499516
N            1.37504305577933        0.36150473780331       -0.27960722212794
C            2.81454164710932        0.53226362001447       -0.38195260298060
N            0.68102605033686        1.36574181861624       -0.71615777406817
S           -0.89412457013286        1.59328451717778       -0.14199216931646
O           -0.77772381649827        1.86771028468615        1.29604500371480
H           -3.36874248299247       -0.70536956466956        0.45712333548537
H           -2.98678882864614       -1.21047026345516       -1.19116364458445
H           -3.33107818853883        0.49747854621344       -0.83521756820696
H           -0.75890093896479       -2.12366556923357        0.22317971286779
H            1.60033577068801       -1.51485585963535        0.52803346136046
H            3.24677592367392        0.63889746314509        0.61058864621493
H            3.26724142603522       -0.31988389492887       -0.88251734456301
H            2.99780939410527        1.43744112130428       -0.95044870029290
17
 energy: -27.871805026433 gnorm: 0.003198001530 xtb: 6.7.1 (edcfbbe)
C           -2.85398487212509       -0.40810905676128       -0.46439088194221
C           -1.41578224959109       -0.15226636745299       -0.18922441304635
C           -0.48763891319952       -1.08236149669671        0.09660036201261
C            0.89225026543013       -0.77312667820278        0.19044166061906
N            1.37269767078114        0.36140217011071       -0.27791731285383
C            2.81223482087379        0.53136017294375       -0.38408586607389
N            0.67999891564120        1.36524904881380       -0.71609978109281
S           -0.89052887674211        1.59238658320028       -0.13607879968752
O           -0.77182963752731        1.86259258555629        1.29972400480766
H           -3.36521977664871       -0.71352496225764        0.44749724210410
H           -2.98249731002149       -1.20244707977583       -1.19902301280117
H           -3.33076517658420        0.49663332232285       -0.83165624610616
H           -0.76183524297088       -2.12231371969950        0.22592012108992
H            1.60089077282809       -1.50917668608970        0.53104929040652
H            3.24583759108713        0.64428169003424        0.61126091190714
H            3.26229178404517       -0.32781540360763       -0.88233522125965
H            2.99388023472379        1.43723587756217       -0.96176405808367
17
 energy: -27.871829740937 gnorm: 0.001490303795 xtb: 6.7.1 (edcfbbe)
C           -2.85457765243244       -0.40794303585931       -0.46303736845158
C           -1.41525069005088       -0.15249669923061       -0.19076231667224
C           -0.48797346122857       -1.08338990913146        0.09466432055919
C            0.89213253234420       -0.77448915806781        0.18730318581174
N            1.37204579980131        0.35996024709572       -0.28113101253103
C            2.81184936246179        0.53231364810237       -0.38306699250754
N            0.67878028388472        1.36405276393930       -0.71879719306674
S           -0.88977574797346        1.59232437939896       -0.13604184537496
O           -0.76851796985210        1.85984280341786        1.30036707629353
H           -3.36654788559332       -0.70682400262167        0.45224966943593
H           -2.98372017051024       -1.20686596603474       -1.19334439006168
H           -3.32873785717660        0.49677425875739       -0.83642111082496
H           -0.76363227007073       -2.12290902575430        0.22414683510536
H            1.60138479680673       -1.50948271299734        0.52852084593391
H            3.24193293297556        0.64717622494277        0.61242680752632
H            3.26595495680715       -0.32534164905414       -0.87813301002679
H            2.99465303980692        1.43729783309704       -0.95902550114874
17
 energy: -27.871861109964 gnorm: 0.002845715147 xtb: 6.7.1 (edcfbbe)
C           -2.85607548576893       -0.40691618439394       -0.45969096907085
C           -1.41404501089850       -0.15331901540901       -0.19453256331080
C           -0.48838928109086       -1.08658654342054        0.08786077741020
C            0.89223633948595       -0.77825786265726        0.17849586182748
N            1.37092386147111        0.35678338675551       -0.28850171178538
C            2.81107657235146        0.53565589994584       -0.37966372928251
N            0.67623999752089        1.36119815560039       -0.72555232319092
S           -0.88647745465369        1.59129909127310       -0.13476147010783
O           -0.75794011457596        1.85046767945083        1.30345704873318
H           -3.37047222212147       -0.68005366924195        0.46503117180195
H           -2.98955094568598       -1.22305112743711       -1.17130303593877
H           -3.32347367883597        0.49392232247198       -0.85499574983637
H           -0.76757792872233       -2.12525184636369        0.21579896465220
H            1.60312677373989       -1.51129887927221        0.51993791590718
H            3.23022640130218        0.65710082982286        0.61835497595182
H            3.27497076738700       -0.32030793997079       -0.86560236286910
H            2.99520140909523        1.43861570284604       -0.95441480089173
17
 energy: -27.871884813960 gnorm: 0.003056779012 xtb: 6.7.1 (edcfbbe)
C           -2.85675573319008       -0.40607693372141       -0.45807699610369
C           -1.41398879885482       -0.15385847785626       -0.19593489684417
C           -0.48837707866152       -1.08824417233345        0.08309229374521
C            0.89227063864709       -0.77992804083664        0.17418181231285
N            1.37071303456014        0.35595818146850       -0.29075761971838
C            2.81083683522360        0.53752231621914       -0.37751145744391
N            0.67541403590466        1.36029424039799       -0.72790084050413
S           -0.88476083495338        1.59028368560604       -0.13338366174461
O           -0.75275518577126        1.84509270995700        1.30562180237845
H           -3.37230865023866       -0.66203218249922        0.47118556424025
H           -2.99353598658159       -1.23318652587170       -1.15642845746405
H           -3.32082863214227        0.49040970357368       -0.86731577000612
H           -0.76832504835316       -2.12692379371509        0.20883451856359
H            1.60356936990779       -1.51289561455910        0.51495606548202
H            3.22510101742135        0.66343864193011        0.62216973699910
H            3.27875374111461       -0.31907426649354       -0.85846411298581
H            2.99497727596755        1.43922052873400       -0.95434998090686
17
 energy: -27.871965336879 gnorm: 0.004411652812 xtb: 6.7.1 (edcfbbe)
C           -2.85915885853816       -0.40302905813123       -0.45251163159001
C           -1.41472168766799       -0.15589239596701       -0.19951298622099
C           -0.48807612965166       -1.09384306496437        0.06485232689021
C            0.89230808401645       -0.78524463125314        0.15954460240897
N            1.37046471948410        0.35416543756724       -0.29655594681623
C            2.81015943633488        0.54390449179377       -0.36970236920368
N            0.67303175916098        1.35803043583470       -0.73395678241310
S           -0.87954948279212        1.58639228641011       -0.12710020985970
O           -0.73581039674615        1.82677934195978        1.31410372406032
H           -3.37874724913616       -0.59710412303508        0.49107285196278
H           -3.00780115750119       -1.26847657239015       -1.10256341701645
H           -3.31175312511227        0.47625478496296       -0.91132207025987
H           -0.76868369953416       -2.13343445778149        0.18073784504900
H            1.60404824106711       -1.51915361745152        0.49770603546003
H            3.20937178743740        0.68918659147603        0.63483461142541
H            3.29072245101517       -0.31751470330058       -0.83086732803119
H            2.99419530816380        1.43897925427004       -0.95884125584574
17
 energy: -27.872024228944 gnorm: 0.007973396644 xtb: 6.7.1 (edcfbbe)
C           -2.86149480872164       -0.39963324762219       -0.44671621183518
C           -1.41590748489645       -0.15834605772486       -0.20226777615160
C           -0.48753675620327       -1.09970310168505        0.04444528165898
C            0.89252081626389       -0.79082471379055        0.14368403477205
N            1.37058914740814        0.35309582386599       -0.30100383387038
C            2.80940361373008        0.55068890342404       -0.36166791136967
N            0.67069865527217        1.35692971417698       -0.73691079142884
S           -0.87506766725729        1.58204114194469       -0.11735675343603
O           -0.71944138822569        1.80637758998136        1.32588633371225
H           -3.38692134765553       -0.52123849086149        0.50926109524055
H           -3.02309069147243       -1.30697453300780       -1.03909767258633
H           -3.30076199169833        0.45655893738054       -0.96379429292566
H           -0.76733927582746       -2.14093732974534        0.14760431888588
H            1.60397550925786       -1.52675967996752        0.47843055021293
H            3.19458483911545        0.72039527410584        0.64609295414872
H            3.30208375995097       -0.31768527200359       -0.79884920775281
H            2.99370507095957        1.43601504152905       -0.96782211727511
17
 energy: -27.872121065497 gnorm: 0.005304462884 xtb: 6.7.1 (edcfbbe)
C           -2.86165718500395       -0.39845083168819       -0.44539388481540
C           -1.41700103825406       -0.15933073679923       -0.20082449732203
C           -0.48702391035938       -1.10111222556450        0.03746176542826
C            0.89278854394634       -0.79205557990906        0.13937696491978
N            1.37119726470340        0.35403959155304       -0.29958487119635
C            2.80916550595286        0.55241375708543       -0.35983224571418
N            0.67047806716346        1.35823065598372       -0.73343935964585
S           -0.87495453945051        1.58044775315766       -0.11097474567082
O           -0.71682193636166        1.80024663815327        1.33221086597317
H           -3.38988191244327       -0.49388222707409        0.50772176431073
H           -3.02727352344561       -1.31579934968113       -1.01479938810073
H           -3.29706571846095        0.44402842365165       -0.98251833511632
H           -0.76458078862608       -2.14355208874514        0.13472157066014
H            1.60315354078071       -1.52999655704378        0.47232158077476
H            3.19279052755805        0.73426098298609        0.64674642874323
H            3.30295805365809       -0.32096145789389       -0.78629403078171
H            2.99372904864262        1.43147325182826       -0.97698158244695
17
 energy: -27.872250929728 gnorm: 0.008513104325 xtb: 6.7.1 (edcfbbe)
C           -2.86315678052551       -0.39551115812444       -0.44143721515101
C           -1.41836389476979       -0.16262295941921       -0.20153002769808
C           -0.48602787499210       -1.10619485899546        0.01701632257164
C            0.89373755434808       -0.79743163812391        0.12332683796388
N            1.37194779476732        0.35507574372469       -0.29907639775100
C            2.80817833183219        0.55842870695039       -0.35458477609282
N            0.66861382227544        1.36242978169728       -0.72249277336303
S           -0.87478638951055        1.57628527979201       -0.09026143955683
O           -0.70908759477351        1.77660501944378        1.35443675660147
H           -3.40190399128628       -0.39521429620878        0.51451487035138
H           -3.04113440431923       -1.35765214678481       -0.93275213809674
H           -3.27831337594605        0.40884473000622       -1.05464459396360
H           -0.75948387112245       -2.15149944233564        0.09680107691907
H            1.60231760479894       -1.54020666879144        0.44957758654519
H            3.18436343762495        0.77374575720083        0.64874923396569
H            3.30917415880875       -0.32549223665508       -0.75075117750105
H            2.99392547278985        1.42041038662370       -0.99697414574446
17
 energy: -27.872460813513 gnorm: 0.005856437540 xtb: 6.7.1 (edcfbbe)
C           -2.86273547984184       -0.39551769526286       -0.44371416937533
C           -1.41820190553847       -0.16477631732206       -0.20049357623171
C           -0.48512458176398       -1.10668057365826        0.01141202564029
C            0.89533183093128       -0.79918308839240        0.11746900831925
N            1.37271312560993        0.35802956251929       -0.29248322733572
C            2.80777015274736        0.55898451706696       -0.35793405745008
N            0.66869600808176        1.37252770966336       -0.69633059891419
S           -0.88174988701265        1.57584837673177       -0.06630266230131
O           -0.72159285537595        1.76300272217739        1.37873873021712
H           -3.41192840080846       -0.32550455143961        0.50084806161776
H           -3.04418958456813       -1.37983485933604       -0.87678641277801
H           -3.25790114940102        0.37438033800814       -1.11085743084726
H           -0.75356052338584       -2.15413263375591        0.07997493393261
H            1.60181753032782       -1.54735498297711        0.43552794972477
H            3.19092690824594        0.79746277881353        0.63480914931940
H            3.30479331871547       -0.33225034209723       -0.73601585739844
H            2.99493549303682        1.40499903926118       -1.01794386613947
17
 energy: -27.872575470544 gnorm: 0.007114505369 xtb: 6.7.1 (edcfbbe)
C           -2.86240958549972       -0.39367632040518       -0.44650631275028
C           -1.41694986090593       -0.16530389583589       -0.20025716218307
C           -0.48395669329216       -1.10849789688696        0.00472864898776
C            0.89730167577286       -0.80199228511634        0.11019852992449
N            1.37264763647924        0.35950799238565       -0.28890739848267
C            2.80802072154793        0.56009256681949       -0.36104009559885
N            0.66879361485065        1.38174300112674       -0.67213491038594
S           -0.88643463841297        1.57631478667572       -0.04283181409662
O           -0.73148371069183        1.74737611202662        1.40418708603855
H           -3.42092670364853       -0.25598738130130        0.48667693307439
H           -3.05083375080548       -1.40383021441890       -0.81926205982489
H           -3.23876383062604        0.34048499677598       -1.16498921003319
H           -0.75135504325018       -2.15667304763870        0.06522385646076
H            1.60413119544207       -1.55449215207139        0.41672345248314
H            3.19155531461206        0.82606944501842        0.62537143105640
H            3.30658203266237       -0.34049562013351       -0.71594972184928
H            2.99408162576572        1.38935991297973       -1.04131325282107
17
 energy: -27.872385525944 gnorm: 0.016646967144 xtb: 6.7.1 (edcfbbe)
C           -2.85915257512230       -0.39263395429367       -0.45853381347687
C           -1.41195826219535       -0.16179106573632       -0.19710258298590
C           -0.48229826938158       -1.10668904756286        0.01571653136749
C            0.90104373435332       -0.80241446915197        0.11332359154323
N            1.37134155612350        0.36207655602454       -0.27914320840508
C            2.81008815883295        0.55512341274976       -0.37608365686664
N            0.67236775258160        1.40011296584685       -0.62236414242183
S           -0.89856587906245        1.58285135714422       -0.01004611079579
O           -0.76954820350421        1.73946109417944        1.44024920836196
H           -3.42781994500186       -0.20977816755535        0.43876720608692
H           -3.04864615841285       -1.40605515396639       -0.78109557908895
H           -3.21338884767151        0.29802116140197       -1.20722782284274
H           -0.75327168517844       -2.15295212590718        0.07745240500534
H            1.61181792084745       -1.56004568466549        0.39626539840368
H            3.20483360802371        0.84992799239148        0.59758941249571
H            3.30237556096633       -0.35697438308687       -0.70905960119592
H            2.99078153380176        1.36175951218801       -1.07878923518502
17
 energy: -27.872712630279 gnorm: 0.007204780428 xtb: 6.7.1 (edcfbbe)
C           -2.85862311407117       -0.39055006184335       -0.45454120365560
C           -1.41270822639131       -0.16360952984677       -0.19342087572230
C           -0.48181350467480       -1.11094409481124        0.00555649453649
C            0.90138147795908       -0.80694007364484        0.10372635847975
N            1.37108071360823        0.36233132640429       -0.27772473591191
C            2.80871498679385        0.56011922626251       -0.37256873942795
N            0.67123027308637        1.40127669326577       -0.61590597756674
S           -0.89625677101216        1.57887633975921        0.00210558528201
O           -0.76359830892801        1.72465646301380        1.45391011429741
H           -3.43821640720680       -0.14659540647839        0.44133906331797
H           -3.05412365064321       -1.42786095015079       -0.72969642237740
H           -3.19884649257458        0.27254129515053       -1.25554061067614
H           -0.75267747575047       -2.15854740943025        0.05489210326658
H            1.61298832861190       -1.56734221730107        0.37830491110371
H            3.19822696934322        0.87427576984013        0.59859104841974
H            3.30470247982489       -0.35751769205558       -0.68678594369020
H            2.98853872202502        1.35583032186622       -1.09232316967586
17
 energy: -27.872743078077 gnorm: 0.003087614964 xtb: 6.7.1 (edcfbbe)
C           -2.85880032266415       -0.39103101521404       -0.44964122679785
C           -1.41441862102169       -0.16360161523405       -0.19447067624877
C           -0.48299573298276       -1.11088966763761        0.00441339927168
C            0.89895300116976       -0.80627993389916        0.10530397530157
N            1.37138205565969        0.36068552528409       -0.28137637525226
C            2.80781116509679        0.56154836507760       -0.36578129196498
N            0.67076668972932        1.39086952016967       -0.64116067902899
S           -0.88897927763307        1.57629373857647       -0.01964450142951
O           -0.74817635154053        1.73418030150600        1.43078902940815
H           -3.43025791543286       -0.19044940810725        0.45918602181008
H           -3.05393487778950       -1.41569879073241       -0.76389458079751
H           -3.21334752804261        0.29719936673901       -1.21641920851369
H           -0.75518561575333       -2.15809306340409        0.05790529086020
H            1.60970791373291       -1.56287849952486        0.39034776382493
H            3.19341299815891        0.85530693299066        0.61087732630865
H            3.30554077670353       -0.34751820068575       -0.69606342316944
H            2.98852164260963        1.37035644409590       -1.07045284358266
17
 energy: -27.872778275391 gnorm: 0.002908509183 xtb: 6.7.1 (edcfbbe)
C           -2.85807268218967       -0.38955477382621       -0.45009091099334
C           -1.41367699752327       -0.16330099887496       -0.19289946592867
C           -0.48263275537360       -1.11190546117710        0.00233779107332
C            0.89961368648126       -0.80831949545359        0.10179915773196
N            1.37094251876646        0.36061661439242       -0.27998043592270
C            2.80768879872262        0.56217411226500       -0.36692347942283
N            0.67039467741771        1.39391883101449       -0.63108042312018
S           -0.89003877861705        1.57617092133937       -0.01041438512447
O           -0.75210305815240        1.72803813188459        1.44130129461861
H           -3.43368648113871       -0.16303128908068        0.44980412115378
H           -3.05595674737315       -1.42157566391733       -0.73954474253370
H           -3.20433445761072        0.28045427634622       -1.23729584653044
H           -0.75616308016214       -2.15874819220040        0.05315916116976
H            1.61151484675824       -1.56648132886476        0.37998121944478
H            3.19236452721015        0.86943816476467        0.60679090553566
H            3.30708657933581       -0.35080512665464       -0.68569377557647
H            2.98705940344852        1.36291127804309       -1.08133218557549
17
 energy: -27.872806603161 gnorm: 0.006307357596 xtb: 6.7.1 (edcfbbe)
C           -2.85638785081863       -0.38587377306164       -0.44886056977186
C           -1.41231624926921       -0.16335452499636       -0.18808213228714
C           -0.48175691986789       -1.11547804087145       -0.00548216656929
C            0.90104444708816       -0.81465103596226        0.09038001592526
N            1.37013107465056        0.35986861334494       -0.27696907547547
C            2.80687449300401        0.56533052274152       -0.36742724190948
N            0.66866682689260        1.39936130619726       -0.60934949950260
S           -0.89045680464387        1.57400129828304        0.01073177300177
O           -0.75749248579661        1.71178741880598        1.46563748476718
H           -3.44340822847414       -0.08649952461163        0.42709546319263
H           -3.06369743793976       -1.43592460313802       -0.67131828210136
H           -3.18010738755130        0.23321657282420       -1.29121589475986
H           -0.75899475578936       -2.16160717304503        0.03673106896001
H            1.61572291644623       -1.57642770574756        0.35172575025634
H            3.18657120070888        0.90657050112388        0.59835111417062
H            3.31187583728185       -0.35568287396650       -0.65591047489738
H            2.98373132407855        1.34536302207982       -1.10611933299981
17
 energy: -27.872842280484 gnorm: 0.002229585392 xtb: 6.7.1 (edcfbbe)
C           -2.85714235586938       -0.38621111608310       -0.44738519990261
C           -1.41292075632646       -0.16334196139184       -0.18870470874075
C           -0.48220334160382       -1.11490402298966       -0.00451329096975
C            0.90041113877587       -0.81381399787121        0.09171818919802
N            1.37027012053697        0.35905494812353       -0.27931198820830
C            2.80680328942092        0.56508719098943       -0.36585329587474
N            0.66797197258987        1.39586431509250       -0.61902939935043
S           -0.88868936185388        1.57392396800412        0.00290167745192
O           -0.75212682559313        1.71648890410762        1.45709692578930
H           -3.44010083022805       -0.10820047661746        0.43273803161677
H           -3.06240119704097       -1.42915975598715       -0.68802402855415
H           -3.18731945203908        0.24420903424596       -1.27401326931086
H           -0.75937853736058       -2.16091077068942        0.04019013424491
H            1.61463170454617       -1.57413541157607        0.35794564308733
H            3.18487248581884        0.89795361152029        0.60272578102331
H            3.31257699620914       -0.35280857591217       -0.66123129296201
H            2.98474495001764        1.35090411703482       -1.09733190853839
17
 energy: -27.872863234880 gnorm: 0.002022205564 xtb: 6.7.1 (edcfbbe)
C           -2.85745062696798       -0.38548674445386       -0.44604407633843
C           -1.41299413015284       -0.16372111144811       -0.18839187586217
C           -0.48220782479550       -1.11585249582630       -0.00818950705587
C            0.90051520935556       -0.81531908740116        0.08777447319237
N            1.37049720792261        0.35860482578527       -0.27960244694418
C            2.80657146857917        0.56644147578332       -0.36438093922384
N            0.66722627216375        1.39573650432431       -0.61760631716724
S           -0.88750289209319        1.57297303851914        0.00551562634838
O           -0.75013146361428        1.71316608516682        1.46018268382955
H           -3.44086739850595       -0.09011642127171        0.42762846931087
H           -3.06685710018201       -1.43163081114082       -0.66976289036050
H           -3.18301354626898        0.23150572317251       -1.28306114996000
H           -0.75984471897435       -2.16188633747525        0.03417942727801
H            1.61469328673149       -1.57631122902334        0.35194610376133
H            3.18158614484451        0.90556645735651        0.60257675199338
H            3.31438440743397       -0.35181139021987       -0.65310375675116
H            2.98539570452409        1.34814151815273       -1.09974257605092
17
 energy: -27.872897396012 gnorm: 0.003719016342 xtb: 6.7.1 (edcfbbe)
C           -2.85904695158600       -0.38312648974222       -0.44083353208942
C           -1.41380979680766       -0.16548364986947       -0.18536541759382
C           -0.48216852883600       -1.11922381931310       -0.01984872414587
C            0.90114478683073       -0.82002546158511        0.07474558474420
N            1.37114306726203        0.35743644270934       -0.28055908223627
C            2.80570909755542        0.57087996945071       -0.36039004371592
N            0.66470940879605        1.39606505801067       -0.61098902612238
S           -0.88482384520818        1.56992856435188        0.01785751581402
O           -0.74361949053695        1.70046279112787        1.47359515702148
H           -3.44597144047446       -0.02510665457922        0.40875484611209
H           -3.07963928345607       -1.43856170625983       -0.60516357528959
H           -3.16767086526575        0.18600596212451       -1.32050230804451
H           -0.75941029976708       -2.16609635564536        0.01233753476811
H            1.61477928092498       -1.58417026348173        0.33127211848543
H            3.17124361246791        0.93452773782914        0.60096642134447
H            3.32029050082318       -0.35061098533856       -0.62419489383745
H            2.98714074727792        1.33709886021070       -1.11176457521501
17
 energy: -27.872914963639 gnorm: 0.002197963083 xtb: 6.7.1 (edcfbbe)
C           -2.86026503935892       -0.38334769988089       -0.43993984089611
C           -1.41440146201610       -0.16640810720028       -0.18689416972683
C           -0.48231971807017       -1.11952190181066       -0.02298257065180
C            0.90105396118223       -0.81964794787886        0.07296755127789
N            1.37161660642729        0.35753319028027       -0.28206986839143
C            2.80583847434875        0.57161024099368       -0.35875269426241
N            0.66471921939174        1.39527159870502       -0.61456318330761
S           -0.88427201013935        1.56949933698671        0.01707405124877
O           -0.74001881165274        1.69871972787919        1.47223408511225
H           -3.44436642318577       -0.02022983933686        0.40750117356356
H           -3.08376781353858       -1.43802063626669       -0.59847543300223
H           -3.16927016519116        0.18179532801763       -1.31886187547594
H           -0.75775001339261       -2.16682381748910        0.00847921756702
H            1.61342846748926       -1.58413803387663        0.33196836823519
H            3.16917673602140        0.93582386382430        0.60294784484267
H            3.32142621073303       -0.34955122834489       -0.62079483019442
H            2.98917178095178        1.33743592539827       -1.10991982593901
17
 energy: -27.872928287228 gnorm: 0.001950920290 xtb: 6.7.1 (edcfbbe)
C           -2.86195060800300       -0.38226246674181       -0.43750292162792
C           -1.41523568459072       -0.16761155444615       -0.18745382561802
C           -0.48250754602146       -1.12072809318133       -0.03002609468613
C            0.90120699762334       -0.82063220329529        0.06664872876247
N            1.37200101053599        0.35757580536463       -0.28409804437307
C            2.80579652053508        0.57360976606999       -0.35621076772643
N            0.66441458274335        1.39555316826833       -0.61501746362983
S           -0.88342932463777        1.56831882260441        0.02184461362055
O           -0.73464834681108        1.69081992450367        1.47673624278015
H           -3.44397176747922        0.00895995534677        0.39767863112660
H           -3.09207396391476       -1.44004185138481       -0.56623406755533
H           -3.16629592305113        0.15976881120115       -1.33299515298480
H           -0.75587550692949       -2.16855046432994       -0.00232741454244
H            1.61228786413332       -1.58664539258771        0.32518496721083
H            3.16390151193665        0.94704379438638        0.60387455921952
H            3.32457791059191       -0.34861333595616       -0.60755579239164
H            2.99180227333906        1.33343531417809       -1.11262819758495
17
 energy: -27.872934496396 gnorm: 0.001801616490 xtb: 6.7.1 (edcfbbe)
C           -2.86299660621714       -0.38153543131278       -0.43523451297126
C           -1.41563158375109       -0.16921905369056       -0.18796532178653
C           -0.48229445325977       -1.12221333185931       -0.03492107804292
C            0.90155746515195       -0.82126605594889        0.06210839100717
N            1.37157991111402        0.35778641514175       -0.28637663607003
C            2.80571907757391        0.57530216339770       -0.35449855158401
N            0.66440189971226        1.39594086580813       -0.61657900822173
S           -0.88354575312437        1.56638848398233        0.02566271549800
O           -0.72996381498767        1.68133034197927        1.48014478435255
H           -3.44464487669756        0.03454109329863        0.38812267877568
H           -3.09831012739905       -1.43796771952554       -0.53972119802612
H           -3.16391334436740        0.14023455930207       -1.34446296260671
H           -0.75421046818539       -2.17026254479548       -0.00955453129478
H            1.61257617125336       -1.58760116833283        0.32037148489780
H            3.15916541311824        0.95540119807687        0.60513125232664
H            3.32707835500224       -0.34782007966724       -0.59773957338950
H            2.99343273506354        1.33096026414613       -1.11456993286471
17
 energy: -27.872937847803 gnorm: 0.001350611318 xtb: 6.7.1 (edcfbbe)
C           -2.86268088009886       -0.38065565787425       -0.43547309596129
C           -1.41523250823833       -0.16872612324186       -0.18992456404552
C           -0.48229229597574       -1.12222329112100       -0.03700785252354
C            0.90140818726706       -0.82136741870084        0.06071549637069
N            1.37117081415393        0.35834535446064       -0.28634202756039
C            2.80578277090170        0.57569519006330       -0.35381666731240
N            0.66518703336888        1.39722287346473       -0.61570493985150
S           -0.88348641557718        1.56594061016025        0.02694255933480
O           -0.72950640191056        1.67673568564883        1.48168214667124
H           -3.44224412685512        0.04503226950630        0.38385982993363
H           -3.10168387079118       -1.44005543048483       -0.52665255994820
H           -3.16338010456082        0.13208182451130       -1.34983999541406
H           -0.75517676554033       -2.17007008893094       -0.01201645974097
H            1.61298110027154       -1.58734708040231        0.31814822406138
H            3.15821385963987        0.95679992465298        0.60554569176575
H            3.32702597172624       -0.34765452744750       -0.59537283933643
H            2.99391363221899        1.33024588573544       -1.11482494644364
17
 energy: -27.872939097495 gnorm: 0.001301416946 xtb: 6.7.1 (edcfbbe)
C           -2.86176130480061       -0.38106792357566       -0.43685138957548
C           -1.41474735481997       -0.16775202062799       -0.19017541783032
C           -0.48225495583239       -1.12141989538429       -0.03328838448105
C            0.90116737940121       -0.82074025537220        0.06401572703892
N            1.37077961844207        0.35845510945350       -0.28538068301742
C            2.80569890176138        0.57463461347076       -0.35502902574199
N            0.66538454396955        1.39723122641148       -0.61594426275128
S           -0.88377959991927        1.56634849931243        0.02430897612801
O           -0.73144809338091        1.67998867707784        1.47915652582918
H           -3.44161097466614        0.03110676840168        0.38783803151863
H           -3.09738646278057       -1.43887382231582       -0.54096629896803
H           -3.16546509415998        0.14150633149498       -1.34352117659590
H           -0.75675828597770       -2.16888799129206       -0.00595488417001
H            1.61375765421040       -1.58546414884872        0.32183232021120
H            3.16091883354333        0.94902130358864        0.60558281658621
H            3.32494855336527       -0.34761736326353       -0.60387124954941
H            2.99255664164439        1.33353089146919       -1.11183362463171
17
 energy: -27.872943079567 gnorm: 0.000350522622 xtb: 6.7.1 (edcfbbe)
C           -2.86198470941689       -0.38131053193065       -0.43690191533926
C           -1.41478571507288       -0.16769782909476       -0.19031960350093
C           -0.48225609547832       -1.12133444118239       -0.03290670043145
C            0.90117893512905       -0.82065863279494        0.06409238111192
N            1.37087599434379        0.35851091631476       -0.28531565864758
C            2.80569229547499        0.57454024450986       -0.35520459760734
N            0.66518875269368        1.39730744441464       -0.61562864245067
S           -0.88393008876420        1.56650285116674        0.02434815067653
O           -0.73172379935965        1.68046719998159        1.47926027438906
H           -3.44280546740819        0.03377693956809        0.38753969370048
H           -3.09686117756558       -1.43962761978663       -0.53900395932048
H           -3.16429760946032        0.13932819289258       -1.34586146109804
H           -0.75660634865950       -2.16883732280239       -0.00535339620960
H            1.61371654340608       -1.58546476455397        0.32203379810688
H            3.16193423819513        0.94600046860907        0.60696222763100
H            3.32468931889770       -0.34771057458813       -0.60774233739199
H            2.99197493304518        1.33620745927676       -1.11008025361897
17
 energy: -27.872946340136 gnorm: 0.000648845513 xtb: 6.7.1 (edcfbbe)
C           -2.86192721981879       -0.38167719995283       -0.43720500793121
C           -1.41479730543591       -0.16761204912276       -0.19006794431824
C           -0.48224259917465       -1.12116803340439       -0.03216652478531
C            0.90119356371816       -0.82048376271010        0.06437272970814
N            1.37097516528871        0.35863468618100       -0.28514761397493
C            2.80563975705532        0.57443832460846       -0.35551724559642
N            0.66503202116362        1.39742361360494       -0.61521300956077
S           -0.88405910191537        1.56672524403720        0.02433334781357
O           -0.73218540483783        1.68121438049382        1.47930358646027
H           -3.44365293768064        0.03718682105977        0.38517217886317
H           -3.09716183505120       -1.44021126419290       -0.53535098257705
H           -3.16321731682881        0.13570336516097       -1.34854850377522
H           -0.75644528487296       -2.16870288424558       -0.00430982976054
H            1.61370606125081       -1.58536675918251        0.32228146982777
H            3.16360318295196        0.94044159741378        0.60833636863652
H            3.32413097139674       -0.34675527436222       -0.61381601818214
H            2.99140828279093        1.34020919461360       -1.10653900084806
17
 energy: -27.872956501216 gnorm: 0.001514829625 xtb: 6.7.1 (edcfbbe)
C           -2.86157225911084       -0.38265910572389       -0.43789430622682
C           -1.41491941876876       -0.16735452575615       -0.18895591039133
C           -0.48214446156499       -1.12058576011139       -0.02987787088223
C            0.90122533362599       -0.81969160817300        0.06586069338210
N            1.37112481551249        0.35910964785503       -0.28467960015414
C            2.80544012161152        0.57395487129376       -0.35653796795359
N            0.66451968967066        1.39764655526465       -0.61462763296450
S           -0.88455971460100        1.56750307081643        0.02344331354668
O           -0.73392484575290        1.68428080349472        1.47849903503314
H           -3.44585026315508        0.04821746538307        0.37697146030844
H           -3.09787139616451       -1.44200259387339       -0.52301149559635
H           -3.15921294427880        0.12323833642741       -1.35717585726262
H           -0.75595974389892       -2.16817617191110       -0.00025384178500
H            1.61385326962653       -1.58454231501686        0.32384117442513
H            3.16921715836060        0.91849434722552        0.61357708949637
H            3.32154770631815       -0.34273372138317       -0.63690643983614
H            2.98908695256995        1.35530070418860       -1.09235384313959
17
 energy: -27.872966195222 gnorm: 0.002452459091 xtb: 6.7.1 (edcfbbe)
C           -2.86115989833014       -0.38380023017098       -0.43852595376240
C           -1.41502456486114       -0.16718598346515       -0.18770058904314
C           -0.48195497472591       -1.11982076157320       -0.02649638282792
C            0.90131806426773       -0.81847074079876        0.06825209361077
N            1.37108938619280        0.35986327903766       -0.28430093520868
C            2.80534919032300        0.57327945826098       -0.35772882160953
N            0.66398942096678        1.39789823463540       -0.61479358136950
S           -0.88532201672752        1.56838564034863        0.02140357405566
O           -0.73650549836275        1.68836962030296        1.47647087268213
H           -3.44820328214383        0.06373409306105        0.36561691683499
H           -3.09937042503403       -1.44419983380604       -0.50514160701637
H           -3.15376961389518        0.10539846851279       -1.36881682429347
H           -0.75536767810247       -2.16745829573438        0.00508567524879
H            1.61442329305222       -1.58285685481525        0.32649352518378
H            3.17691625125953        0.88579130442710        0.62103185845074
H            3.31753758935373       -0.33604331969303       -0.67044595441499
H            2.98605475676726        1.37711592147045       -1.07048586652129
17
 energy: -27.872972240378 gnorm: 0.002129762735 xtb: 6.7.1 (edcfbbe)
C           -2.86104256986603       -0.38415388922241       -0.43863415853000
C           -1.41499685467636       -0.16723865431949       -0.18761833856073
C           -0.48180433333828       -1.11959323231743       -0.02549646601584
C            0.90139113461630       -0.81791964591557        0.06919750991692
N            1.37094331044982        0.36024731272984       -0.28427092664328
C            2.80536916859372        0.57303641668132       -0.35803374520365
N            0.66384602277482        1.39800605045982       -0.61536136833204
S           -0.88571908075073        1.56859571706391        0.02029797322298
O           -0.73748837860039        1.68961562519230        1.47531775274621
H           -3.44861712612479        0.06994714838125        0.36118426554151
H           -3.10033027650701       -1.44470297922413       -0.49772461316619
H           -3.15189585278809        0.09813451463921       -1.37297185508039
H           -0.75514295325270       -2.16722117791537        0.00720085693153
H            1.61482907521964       -1.58189514285240        0.32773917901306
H            3.17969623098305        0.87217441876378        0.62351802982725
H            3.31575765917854       -0.33248572433817       -0.68364019156310
H            2.98520482408855        1.38545324219378       -1.06078590410468
17
 energy: -27.872982856928 gnorm: 0.001091747291 xtb: 6.7.1 (edcfbbe)
C           -2.86080259496568       -0.38476792654649       -0.43862564429922
C           -1.41487716846717       -0.16748850975982       -0.18769768623377
C           -0.48141754539213       -1.11918209747701       -0.02348628741844
C            0.90159592406284       -0.81666797971772        0.07108323440833
N            1.37047389718230        0.36118192946118       -0.28444313637602
C            2.80556479845621        0.57253410625356       -0.35840601063554
N            0.66378985997698        1.39828921797150       -0.61743880469984
S           -0.88666420809926        1.56891018851082        0.01724236209265
O           -0.73949036545066        1.69204995915295        1.47204895807368
H           -3.44856446651920        0.08278724673081        0.35212253847783
H           -3.10257293864901       -1.44548431637385       -0.48183249581648
H           -3.14837784598510        0.08287272885298       -1.38100255295598
H           -0.75466341297133       -2.16676264596545        0.01152608842096
H            1.61591345308511       -1.57940375450153        0.33071834884121
H            3.18495043131990        0.84217284888077        0.62902095505805
H            3.31153641186037       -0.32437819848622       -0.71191461230283
H            2.98360577055591        1.40333720301375       -1.03899725463504
17
 energy: -27.872987642866 gnorm: 0.000634582753 xtb: 6.7.1 (edcfbbe)
C           -2.86069297908849       -0.38544561295371       -0.43828223305352
C           -1.41477797269253       -0.16786163182407       -0.18802367514125
C           -0.48103131175938       -1.11883086087989       -0.02158980579627
C            0.90178509569085       -0.81531104731782        0.07276898390654
N            1.36989675188407        0.36225133106332       -0.28482186197339
C            2.80588038703079        0.57200374980076       -0.35851211514675
N            0.66394564215924        1.39862321229036       -0.62034953533827
S           -0.88779102132781        1.56914040074674        0.01333407252360
O           -0.74137922002338        1.69477647213630        1.46781801475543
H           -3.44827907248703        0.09545124241327        0.34359958747353
H           -3.10479899841569       -1.44624870648696       -0.46590206511950
H           -3.14524524011975        0.06759986312641       -1.38847203026917
H           -0.75415793966954       -2.16634826631277        0.01609380158263
H            1.61705852353448       -1.57653287043302        0.33404415972504
H            3.19008411425010        0.81021105495109        0.63490103193318
H            3.30712156387595       -0.31543799780237       -0.74135926930461
H            2.98238167715820        1.42195966748259       -1.01532906075765
17
 energy: -27.872986487675 gnorm: 0.001324006397 xtb: 6.7.1 (edcfbbe)
C           -2.86088522050999       -0.38552560628112       -0.43785824559176
C           -1.41476406504644       -0.16804062411144       -0.18844227158938
C           -0.48098991462896       -1.11891895899145       -0.02177681410173
C            0.90178122958617       -0.81515440106890        0.07260532160739
N            1.36975953164837        0.36241663569852       -0.28507844287781
C            2.80598842291300        0.57197806019979       -0.35807644881947
N            0.66419720075127        1.39862443460429       -0.62155636108807
S           -0.88803111130331        1.56901010318278        0.01220520565472
O           -0.74113168426461        1.69512439955870        1.46653729136861
H           -3.44788567603417        0.09469035177673        0.34443187001316
H           -3.10499732100570       -1.44592270936529       -0.46613820927802
H           -3.14608304767436        0.06790635015815       -1.38720836507450
H           -0.75405013472263       -2.16643058504721        0.01602693112269
H            1.61717585221760       -1.57606842311903        0.33437261827545
H            3.18977081751422        0.80811401772510        0.63433026814218
H            3.30690800202175       -0.31356809715387       -0.74178588000895
H            2.98323711853786        1.42176505223449       -1.01267046775494
17
 energy: -27.872989123283 gnorm: 0.000252733306 xtb: 6.7.1 (edcfbbe)
C           -2.86080529766995       -0.38604515948464       -0.43794844618309
C           -1.41478145719694       -0.16799869033952       -0.18827111096146
C           -0.48090852144325       -1.11864661730891       -0.02069843015554
C            0.90181624438173       -0.81467124049422        0.07327398516800
N            1.36976263211817        0.36273099966847       -0.28505068010723
C            2.80601604184147        0.57168373860737       -0.35831975582579
N            0.66417424437445        1.39872643612199       -0.62208815001922
S           -0.88840188706413        1.56936620279737        0.01081407103727
O           -0.74201370979592        1.69706722911068        1.46508930205876
H           -3.44854852928930        0.09922794110675        0.34121998540368
H           -3.10537404599179       -1.44671466918529       -0.46048653424104
H           -3.14473763640015        0.06227662878361       -1.39054717621770
H           -0.75381237262781       -2.16616243464473        0.01826087343208
H            1.61735019489374       -1.57531937303933        0.33551668839545
H            3.19236932827151        0.79554778851382        0.63706879141327
H            3.30541248808876       -0.31072831261838       -0.75402490580705
H            2.98248228350948        1.42965953240518       -1.00389050739081
17
 energy: -27.872989508794 gnorm: 0.000231992454 xtb: 6.7.1 (edcfbbe)
C           -2.86078191207470       -0.38631207653286       -0.43794440070155
C           -1.41478328160503       -0.16792584899248       -0.18836766348676
C           -0.48090035578148       -1.11849089472735       -0.02032683535632
C            0.90180967375671       -0.81447653723567        0.07352339211807
N            1.36984346514140        0.36282116955319       -0.28505013575974
C            2.80606740191735        0.57151686402601       -0.35831055496158
N            0.66428247028039        1.39871553720087       -0.62247718614869
S           -0.88853037256047        1.56959000670279        0.00981713244567
O           -0.74243124762489        1.69830142214317        1.46405081103418
H           -3.44859707143159        0.09924707429868        0.34100092993962
H           -3.10523234148109       -1.44699397929456       -0.45977702587540
H           -3.14485322422122        0.06150222290130       -1.39072876358082
H           -0.75375425567626       -2.16599958419836        0.01920508338439
H            1.61731777158895       -1.57507393145012        0.33603740417721
H            3.19321750091138        0.79105276711710        0.63780519023936
H            3.30487681643916       -0.30954563157584       -0.75798361950045
H            2.98244896242145        1.43207142006436       -1.00055575796761
