17
 energy: -26.347131321823 gnorm: 0.095579054291 xtb: 6.7.1 (edcfbbe)
C           -2.26575000000000       -0.06964000000000       -0.00308000000000
C           -0.79497000000000        0.08229000000000       -0.00173000000000
C            0.01585000000000        1.19578000000000        0.00000000000000
C            1.32653000000000        0.68640000000000        0.00635000000000
N            1.35255000000000       -0.64775000000000        0.00479000000000
N            0.05404000000000       -0.99192000000000       -0.00362000000000
H           -2.75925000000000        0.90730000000000        0.02056000000000
H           -2.59684000000000       -0.63652000000000        0.87288000000000
H           -2.59870000000000       -0.59577000000000       -0.90330000000000
H           -0.29413000000000        2.23092000000000       -0.00143000000000
H            2.26172000000000        1.23131000000000        0.01198000000000
H           -0.18055000000000       -1.97883000000000       -0.01051000000000
C           -0.59346749000000       -3.71595605000000       -0.02263755000000
N           -0.89640849000000       -4.99041577000000       -0.03153504000000
N           -1.16003654000000       -6.09948759000000       -0.03927790000000
H           -1.42700599000000       -3.01363710000000       -0.02367407000000
H            0.46692988000000       -3.46388951000000       -0.01493809000000
17
 energy: -26.359466800149 gnorm: 0.028620142548 xtb: 6.7.1 (edcfbbe)
C           -2.25853258898571       -0.05896367673868       -0.00380701672857
C           -0.78437214810433        0.11794091567135       -0.00191224547762
C            0.02640821593818        1.23158564732938        0.00185844220990
C            1.33707193601898        0.73266457181658        0.00557919378247
N            1.34804094305008       -0.58747979495613        0.00301524406433
N            0.05981236517069       -0.93865427042864       -0.00149559069478
H           -2.75168143433230        0.91064469999429        0.01940945670276
H           -2.58786730899780       -0.62862209852404        0.86851400560208
H           -2.59074723918584       -0.58839080426676       -0.89998622789213
H           -0.28364141175496        2.25651418926676        0.00107098361316
H            2.26659005443927        1.26948881776024        0.01102779397490
H           -0.17188283956924       -1.91321813568512       -0.00760228176254
C           -0.61590195356517       -3.81064065758287       -0.02302846750440
N           -0.90525045932099       -5.04078276468364       -0.03181898701892
N           -1.16352890155459       -6.13471514524286       -0.03960978545057
H           -1.44933064593215       -3.12508687747669       -0.02467707084867
H            0.43532478668588       -3.56210063625320       -0.01571009657140
17
 energy: -26.363384178295 gnorm: 0.010743628121 xtb: 6.7.1 (edcfbbe)
C           -2.24958550821017       -0.03669678475297       -0.00394767739062
C           -0.77489018475459        0.15468458621248       -0.00140002742022
C            0.02953806835357        1.27396465437486        0.00275042610182
C            1.34215371796514        0.78071435704719        0.00525501468019
N            1.35085112641418       -0.53530051300402        0.00347850266629
N            0.06972012117427       -0.89541533975886       -0.00033754824992
H           -2.74914242621209        0.92683801143746        0.01839171077803
H           -2.56892773901198       -0.61152929589648        0.86708493616290
H           -2.57184639691101       -0.57184896674447       -0.89889536170318
H           -0.28354410809601        2.29578880252541        0.00265797625046
H            2.26668097562616        1.31960495334592        0.00951999211759
H           -0.16282911561501       -1.86870908585169       -0.00506966225118
C           -0.63608989305812       -3.90307059356189       -0.02372302442575
N           -0.91960323824958       -5.12195044704301       -0.03231839009119
N           -1.17678442925069       -6.21944753354241       -0.03998863875518
H           -1.46101539239167       -3.21624803306652       -0.02592686421283
H            0.40582579222761       -3.64119479172107       -0.01670401425719
17
 energy: -26.365967575868 gnorm: 0.006600748871 xtb: 6.7.1 (edcfbbe)
C           -2.23962298300129       -0.00679205152494       -0.00379951912831
C           -0.76553011429189        0.19505290194601       -0.00038265013239
C            0.02962603676763        1.32101533254734        0.00304099347692
C            1.34607647773776        0.83455815579408        0.00548383232613
N            1.36189673580183       -0.48115687811875        0.00351566401205
N            0.08520412723745       -0.85157705931310        0.00078813478793
H           -2.74777394920759        0.95141505571157        0.01731659123894
H           -2.54933808305165       -0.58550610414068        0.86718621916008
H           -2.55134938716094       -0.54679118933602       -0.89878263259170
H           -0.28886196657987        2.34163545293817        0.00350901624847
H            2.26512722551929        1.38226480858979        0.00846129482982
H           -0.14906348941094       -1.82717482543475       -0.00198232864886
C           -0.65816318032138       -4.00683647085864       -0.02472230708715
N           -0.93828952695268       -5.22918611932548       -0.03295790568677
N           -1.19295390790949       -6.32743132955144       -0.04019892900125
H           -1.47295294044096       -3.30978250281634       -0.02759129621000
H            0.37648029526472       -3.72352319710691       -0.01805682759388
17
 energy: -26.367092041514 gnorm: 0.003373783111 xtb: 6.7.1 (edcfbbe)
C           -2.23310649216873        0.01781511431990       -0.00359009912788
C           -0.76018251652586        0.22341540480544        0.00067210331151
C            0.02838015645963        1.35310903346488        0.00317083952067
C            1.34794533731296        0.87314436875451        0.00520971600999
N            1.37319405454680       -0.44318710866455        0.00468586414713
N            0.09764786691337       -0.82107932383648        0.00174808642932
H           -2.74535814404158        0.97420985316048        0.01645329597824
H           -2.54035890469514       -0.56107180327768        0.86782878877315
H           -2.54079506998714       -0.52338627366329       -0.89898437707721
H           -0.29432031513811        2.37319469602909        0.00364654310744
H            2.26279096911716        1.42992627962842        0.00731134343011
H           -0.13723992552072       -1.79837325692092        0.00071995039913
C           -0.67205632335055       -4.08554072107442       -0.02606023370998
N           -0.95096783550996       -5.30863890841017       -0.03344728298968
N           -1.20519615101430       -6.40743623036705       -0.03979795520375
H           -1.47899848139107       -3.37791822844038       -0.02929456200922
H            0.35913314499322       -3.78799891550788       -0.01944467098894
17
 energy: -26.367606706353 gnorm: 0.002343531963 xtb: 6.7.1 (edcfbbe)
C           -2.22917130308903        0.03712738587231       -0.00334615084470
C           -0.75727288466329        0.24318938636666        0.00150068711845
C            0.02741968133271        1.37499256799857        0.00288702125607
C            1.34869007523311        0.90022646791516        0.00544146538764
N            1.38031936831983       -0.41616515331019        0.00506313083567
N            0.10519820894559       -0.79936067734780        0.00296746075933
H           -2.74098325039019        0.99423510649728        0.01564051097019
H           -2.53818695956227       -0.54027534188830        0.86843771059069
H           -2.53720450579314       -0.50385722100785       -0.89872237831490
H           -0.29791136311516        2.39452434868935        0.00277818911210
H            2.26051489345781        1.46296444426127        0.00688528044997
H           -0.12872446088281       -1.77746943097201        0.00341804904860
C           -0.67929483961941       -4.14275633520552       -0.02698173351595
N           -0.95856230034723       -5.36536154132338       -0.03356743584021
N           -1.21354862361362       -6.46414145856787       -0.03907568291049
H           -1.48125984929987       -3.42862160814116       -0.03134079724919
H            0.35048948308695       -3.83906695983662       -0.02115797685322
17
 energy: -26.367883035474 gnorm: 0.002202925090 xtb: 6.7.1 (edcfbbe)
C           -2.22723322825443        0.05335504802272       -0.00317458034714
C           -0.75578613713376        0.25787954289810        0.00201760245507
C            0.02677160782584        1.39104692843470        0.00266108454911
C            1.34882346271648        0.91947492337461        0.00514938068567
N            1.38372580623590       -0.39681737420602        0.00670748938766
N            0.10898863001232       -0.78321198575533        0.00421959918325
H           -2.73667854987832        1.01210971365275        0.01492278096836
H           -2.53887462881547       -0.52240159276984        0.86889124286773
H           -2.53700304765092       -0.48730368921625       -0.89822707301153
H           -0.30029783924498        2.41010295762072        0.00180088957024
H            2.25886238011910        1.48518134524935        0.00622350721214
H           -0.12295265335914       -1.76194882506715        0.00585055005166
C           -0.68219309165328       -4.18505321669618       -0.02886105135991
N           -0.96253709666559       -5.40726211802487       -0.03390989586698
N           -1.21863480041177       -6.50590696130104       -0.03788005871312
H           -1.48183446753959       -3.46839727517834       -0.03311577931582
H            0.34736502369761       -3.88066344103804       -0.02244833831635
17
 energy: -26.368060884726 gnorm: 0.001630686826 xtb: 6.7.1 (edcfbbe)
C           -2.22672161679780        0.06860810277165       -0.00294085595221
C           -0.75517239984115        0.27036813885356        0.00237166167092
C            0.02634276913448        1.40438752069301        0.00178715208041
C            1.34868336880080        0.93438788412547        0.00558106976772
N            1.38483232068142       -0.38187147037169        0.00756961459755
N            0.11039680954507       -0.76988236757285        0.00589850980535
H           -2.73321400323356        1.02912913158821        0.01403713982863
H           -2.54067904045384       -0.50533959102253        0.86955858489408
H           -2.53824893335520       -0.47204330582684       -0.89744823158695
H           -0.30200849606299        2.42304692274007       -0.00034277619386
H            2.25794413627628        1.50118416894235        0.00618246208499
H           -0.11914292418004       -1.74934579325141        0.00887403990561
C           -0.68266711744036       -4.21990129100608       -0.02846559399130
N           -0.96417110936798       -5.44191225206154       -0.03312952793157
N           -1.22124620675299       -6.54038108170854       -0.03666550131425
H           -1.48167459747819       -3.50300248233030       -0.03660309877964
H            0.34725841052603       -3.91724825456265       -0.02543729888544
17
 energy: -26.368231830398 gnorm: 0.000955561298 xtb: 6.7.1 (edcfbbe)
C           -2.22744606539475        0.09158861022297       -0.00254648075844
C           -0.75520852380143        0.28823080581634        0.00287009123903
C            0.02607828220521        1.42268487203427        0.00105900626106
C            1.34836629808513        0.95321096081094        0.00540065839270
N            1.38434622517954       -0.36312803740329        0.01131054663572
N            0.11005684229998       -0.75177154399027        0.00840582035471
H           -2.72932409273065        1.05458354452818        0.01295417176129
H           -2.54409793704416       -0.47974243924141        0.87066441250606
H           -2.54126781904347       -0.44903946002542       -0.89623690912272
H           -0.30354262134775        2.44091412862855       -0.00295234233059
H            2.25756210689801        1.51995135418648        0.00563166530047
H           -0.11606241097171       -1.73235222131790        0.01262778637666
C           -0.68135210190920       -4.26755261556286       -0.03777395490540
N           -0.96401966668827       -5.48956941923698       -0.03564801393459
N           -1.22187883337056       -6.58795976521988       -0.03259432287553
H           -1.48079713763371       -3.55187510392827       -0.03762584853288
H            0.34909882526777       -3.96798969030155       -0.02471893636752
17
 energy: -26.368308197729 gnorm: 0.001726927008 xtb: 6.7.1 (edcfbbe)
C           -2.22895101245295        0.11271878457358       -0.00249027299729
C           -0.75594438832143        0.30468732596032        0.00294328700582
C            0.02637536783233        1.43856980272447       -0.00189379252348
C            1.34817709721178        0.96807981139088        0.00571061978530
N            1.38267513635142       -0.34836023504762        0.01352427039515
N            0.10801346697661       -0.73617523119342        0.01273841463529
H           -2.72706030719507        1.07763570293941        0.01043536689554
H           -2.54758264235036       -0.45534377380977        0.87199307932684
H           -2.54412482558607       -0.42898303111723       -0.89496311045294
H           -0.30343320146612        2.45672197668554       -0.00906859186257
H            2.25801509394948        1.53383500291081        0.00500653147129
H           -0.11627492809030       -1.71748679603435        0.02097301536819
C           -0.67970400076867       -4.30944128141967       -0.01936478891230
N           -0.96186096056209       -5.53156250929094       -0.02650599796805
N           -1.21897415748372       -6.63004025705472       -0.03219886147813
H           -1.47969718247369       -3.59466270364639       -0.05460813740830
H            0.35086281442882       -4.01000860857097       -0.04140368128030
17
 energy: -26.368379389918 gnorm: 0.001163593567 xtb: 6.7.1 (edcfbbe)
C           -2.23032155965710        0.12745728626422       -0.00185012413935
C           -0.75688522663614        0.31661074083095        0.00370874639682
C            0.02709198353970        1.44929157197771       -0.00279451631508
C            1.34822154862544        0.97700101427195        0.00727752079170
N            1.38086392239574       -0.33948386479958        0.01470855873218
N            0.10551865519885       -0.72567452314596        0.01492518808504
H           -2.72643534675381        1.09335577676274        0.00973032360535
H           -2.54996515838618       -0.43891577897093        0.87324296873024
H           -2.54606864974896       -0.41463875946128       -0.89376762620616
H           -0.30181470445697        2.46774432192863       -0.01197591499068
H            2.25886395301351        1.54159638838691        0.00594322029600
H           -0.11914050656848       -1.70698972607727        0.02331506181417
C           -0.67854927991812       -4.33770359357039       -0.03549982142585
N           -0.95871183596376       -5.56034468714022       -0.03153400214061
N           -1.21387715610998       -6.65942246896342       -0.02655346972037
H           -1.47905155329940       -3.62396112165564       -0.05187796150594
H            0.35077228472562       -4.03573859663847       -0.03617080200741
17
 energy: -26.368415803055 gnorm: 0.001352706065 xtb: 6.7.1 (edcfbbe)
C           -2.23191372305881        0.14389401598315       -0.00192741691333
C           -0.75818636050408        0.33002432014368        0.00410970690250
C            0.02831327217522        1.46087086681911       -0.00307548850958
C            1.34840867932804        0.98568358825734        0.00483000898626
N            1.37817245552038       -0.33084980800667        0.02258472495497
N            0.10189739303262       -0.71433227350034        0.01803499252828
H           -2.72608528208215        1.11085511592762        0.00816395211698
H           -2.55296285577523       -0.42052205335453        0.87389840625704
H           -2.54844397490187       -0.39894530502870       -0.89308799605933
H           -0.29844331589009        2.48003486407506       -0.01407534430945
H            2.26012344447837        1.54853374559512        0.00343499661075
H           -0.12488408322575       -1.69519823660945        0.02817651251437
C           -0.67766030229213       -4.36843831759296       -0.04371894280248
N           -0.95356416969198       -5.59195562707904       -0.03265243267539
N           -1.20479268596667       -6.69205004838585       -0.02077893015292
H           -1.47986754696820       -3.65621116187796       -0.05596523499057
H            0.35040042582228       -4.06120970536562       -0.03712416445807
