5
 energy: -8.910402551768 gnorm: 0.084570043885 xtb: 6.7.1 (edcfbbe)
C            1.09202000000000        0.04717000000000       -0.07670000000000
N            2.40841000000000        0.04717000000000       -0.07670000000000
N            3.54805000000000        0.04717000000000       -0.07670000000000
H            0.53688000000000       -0.84217000000000        0.25142000000000
H            0.53688000000000        0.93652000000000       -0.40481000000000
5
 energy: -8.916683342251 gnorm: 0.017616597500 xtb: 6.7.1 (edcfbbe)
C            1.10809545333706        0.04717191589059       -0.07669707966548
N            2.36943907375997        0.04717053957819       -0.07669996469906
N            3.49804591304325        0.04716955640414       -0.07670192923464
H            0.57332877759635       -0.82946065200884        0.24673012802704
H            0.57333078226337        0.92380864013593       -0.40012115442787
5
 energy: -8.916811645100 gnorm: 0.004636513093 xtb: 6.7.1 (edcfbbe)
C            1.11064119304967        0.04717261942281       -0.07669635290351
N            2.36133608274140        0.04717036062569       -0.07670002921329
N            3.49122349415624        0.04716957832323       -0.07670237976683
H            0.57951837584986       -0.82612310363701        0.24549856605192
H            0.57952085420283        0.92047054526528       -0.39888980416828
5
 energy: -8.916818415797 gnorm: 0.000096241057 xtb: 6.7.1 (edcfbbe)
C            1.11003676298894        0.04717395494201       -0.07669288973185
N            2.36287061720712        0.04717017517758       -0.07669986579530
N            3.49247685132248        0.04716884580172       -0.07670468452897
H            0.57842667763345       -0.82633558338959        0.24557622040197
H            0.57842909084801        0.92068260746828       -0.39896878034585
