12
 energy: -17.448064898029 gnorm: 0.039654731171 xtb: 6.7.1 (edcfbbe)
C            2.20842000000000        0.02319000000000       -0.00219000000000
C            0.72727000000000        0.07185000000000       -0.00042000000000
C           -0.10716000000000        1.21297000000000       -0.00071000000000
C           -1.38756000000000        0.71582000000000        0.00024000000000
N           -1.26252000000000       -0.64167000000000        0.00095000000000
N            0.01291000000000       -1.06084000000000        0.00089000000000
H            2.63500000000000        1.03136000000000        0.00197000000000
H            2.57534000000000       -0.49563000000000       -0.89364000000000
H            2.57758000000000       -0.50372000000000        0.88346000000000
H            0.18849000000000        2.25236000000000       -0.00128000000000
H           -2.35538000000000        1.19571000000000       -0.00043000000000
H           -1.99754000000000       -1.34082000000000        0.00157000000000
12
 energy: -17.449457747473 gnorm: 0.011813709165 xtb: 6.7.1 (edcfbbe)
C            2.21496843520921        0.02912795373503       -0.00207009176421
C            0.73012973861408        0.07237348830021       -0.00068815785648
C           -0.10639224726661        1.20412992132624       -0.00103405914646
C           -1.38726213897139        0.70744244541654        0.00013712623675
N           -1.27011903610416       -0.63833292718121        0.00093506354658
N            0.00406874059735       -1.03939397687922        0.00035642954164
H            2.62921583846497        1.03720695266741        0.00226267864947
H            2.57820639657047       -0.49606973432163       -0.88536641740763
H            2.57981477431020       -0.50454354888332        0.87540561929757
H            0.19249477651258        2.23391873012920       -0.00161730694705
H           -2.34690617969038        1.18646171257948        0.00017360293203
H           -2.00336909824633       -1.33174101688874        0.00191551291778
12
 energy: -17.449556307417 gnorm: 0.003161614247 xtb: 6.7.1 (edcfbbe)
C            2.21619316368910        0.03023007263298       -0.00210582873875
C            0.73002307206007        0.06940071163531       -0.00076011067523
C           -0.10539003654952        1.20187093424259       -0.00097905430839
C           -1.38534911241578        0.70420053770125        0.00010605211356
N           -1.26997795570203       -0.63867216239591        0.00090255120685
N            0.00169997441669       -1.03544830047915        0.00053054485244
H            2.61979732227753        1.03986262717390        0.00234654888118
H            2.57796452531161       -0.49500013967350       -0.88427109935386
H            2.57935066934060       -0.50362606013007        0.87423228903999
H            0.19522000100871        2.22934605886829       -0.00174199631245
H           -2.34117387881409        1.18713545574242        0.00027546643728
H           -2.00350774462290       -1.32871973531811        0.00187463685739
12
 energy: -17.449565472501 gnorm: 0.001223096320 xtb: 6.7.1 (edcfbbe)
C            2.21651016595514        0.03051857262449       -0.00206047195977
C            0.72959197912917        0.06723619783174       -0.00086256474127
C           -0.10528548079836        1.20132020897813       -0.00112608049406
C           -1.38503569905376        0.70340292857906        0.00011911141052
N           -1.26986892813520       -0.63964852041621        0.00094409833616
N            0.00097599271685       -1.03653480635877        0.00031649755302
H            2.61674712645911        1.04092606604331        0.00261345224823
H            2.57894445786606       -0.49376918942436       -0.88432462793884
H            2.58015077183861       -0.50270568044573        0.87427414602813
H            0.19626824252937        2.22853816463554       -0.00197976305548
H           -2.33949403095999        1.18952283623031        0.00047074162343
H           -2.00465459754700       -1.32822677827752        0.00202546098994
