17
 energy: -27.867209529149 gnorm: 0.123790490149 xtb: 6.7.1 (edcfbbe)
C           -2.29504400000000       -1.28131200000000       -0.47441500000000
C           -1.17464200000000       -0.39266800000000       -0.02947300000000
C           -1.33559400000000        0.93477600000000       -0.00320300000000
C           -0.26564800000000        1.88429400000000        0.37104600000000
N            0.98378900000000        1.54729400000000        0.50395900000000
N            1.45703900000000        0.23156900000000        0.36804200000000
C            2.88989300000000       -0.01998500000000        0.38077200000000
S            0.35412200000000       -1.11953800000000        0.49417500000000
O            0.17188500000000       -1.28766800000000        1.99642400000000
H           -3.17789600000000       -1.13368900000000        0.18295500000000
H           -1.99165900000000       -2.34812000000000       -0.42478800000000
H           -2.57331500000000       -1.04086000000000       -1.52227100000000
H           -2.29593400000000        1.35538900000000       -0.27727200000000
H           -0.53146700000000        2.92731800000000        0.47801100000000
H            3.13063900000000       -0.86581000000000       -0.29687600000000
H            3.21364500000000       -0.27119700000000        1.41223500000000
H            3.44018600000000        0.88020700000000        0.03396100000000
17
 energy: -27.882143270421 gnorm: 0.069526269705 xtb: 6.7.1 (edcfbbe)
C           -2.26683647325230       -1.28635735395194       -0.47175470581503
C           -1.16058189671820       -0.37694157310659       -0.03507573933758
C           -1.31132094903887        0.95060352573670        0.00787620532919
C           -0.23273306049228        1.85595789504149        0.35715417867918
N            0.99987663631900        1.53032134088849        0.47859916838077
N            1.41188038759789        0.24476016184601        0.34349159863667
C            2.83696219200259       -0.00099800751665        0.38297855570309
S            0.36017532559678       -1.14233821620125        0.51255840489001
O            0.15724453942540       -1.30829601134311        1.98642957461757
H           -3.14515502027405       -1.14712070894154        0.16599304525464
H           -1.97305628526637       -2.33773380082552       -0.41842301239532
H           -2.56441911883265       -1.05823618625817       -1.50055799703302
H           -2.26727968771886        1.38666617277776       -0.25709091062348
H           -0.47750620875968        2.89914758584957        0.48320282548348
H            3.07552536140232       -0.83877209938017       -0.28123864698900
H            3.17460258203553       -0.25457500728272        1.39639931705775
H            3.38262067597374        0.88391228266764        0.04274013816108
17
 energy: -27.886676784010 gnorm: 0.019396278137 xtb: 6.7.1 (edcfbbe)
C           -2.24367255046248       -1.29127891465965       -0.46993257571853
C           -1.15537750169020       -0.35999196275788       -0.04016815848511
C           -1.29822722152375        0.96932563792244        0.02375158294825
C           -0.21736170821064        1.84545668211796        0.35392698268705
N            1.01065196706310        1.51126745868948        0.45858718158894
N            1.37576781011279        0.25865487379130        0.31852174256742
C            2.79381147549525        0.00315560380713        0.38118713637145
S            0.36324444316959       -1.15548183943991        0.53005459765116
O            0.15635743503807       -1.34655660571324        1.96906766033338
H           -3.11913330834996       -1.16282845386553        0.16295905186690
H           -1.92472589536609       -2.32579326117204       -0.40613508063273
H           -2.54604672263117       -1.07506118047709       -1.49267154564888
H           -2.24859906805878        1.41889952712599       -0.23444771194051
H           -0.42678377992493        2.89894315408846        0.46951429440873
H            3.03192159827491       -0.83290105928255       -0.27411349384395
H            3.12041013633543       -0.24379113124520        1.39363288897982
H            3.32776189072886        0.88798147107034        0.04954744686661
17
 energy: -27.887228863186 gnorm: 0.007222029552 xtb: 6.7.1 (edcfbbe)
C           -2.23263147847244       -1.29327574983411       -0.46901250919599
C           -1.15849690961103       -0.34810068771013       -0.03718734419727
C           -1.30219099891437        0.98246936799335        0.03447921801366
C           -0.21987516863082        1.86385311096346        0.34811590550462
N            1.01035859269889        1.51641857419195        0.44298108613267
N            1.36819641301409        0.25943033860611        0.30993401044137
C            2.78443816310292       -0.00551861014035        0.38084545897795
S            0.35894176833776       -1.15722181035548        0.52816994416165
O            0.15798457744516       -1.36658443260294        1.95936552415245
H           -3.11255722900899       -1.18276217182218        0.16379167051556
H           -1.88606411534164       -2.32155074938176       -0.40019544905461
H           -2.53474289267260       -1.08839250611982       -1.49562361634120
H           -2.25396775270066        1.43374427359742       -0.21422498876962
H           -0.41419108053717        2.92039431218696        0.46312363623877
H            3.01958442071653       -0.84462049491226       -0.27239937497709
H            3.09555899598843       -0.24993978083096        1.39972232884628
H            3.31965369458593        0.88165701617074        0.05139649955079
17
 energy: -27.887388296198 gnorm: 0.002604179746 xtb: 6.7.1 (edcfbbe)
C           -2.22575481279427       -1.29412351375257       -0.46485622461877
C           -1.16376626448381       -0.33611449842042       -0.03516708584619
C           -1.30772731091186        0.99370347734319        0.04149617940724
C           -0.22331564706347        1.87818412029686        0.34462090467586
N            1.00831396444766        1.52271320792259        0.43072289862837
N            1.36360595167441        0.26243500815166        0.30328018509753
C            2.77931867456648       -0.01062382737929        0.38345374915826
S            0.35503246245069       -1.15495739258433        0.51786424190356
O            0.16227416056160       -1.38968866812214        1.94351420551564
H           -3.11012937599437       -1.20169975262268        0.16635252409119
H           -1.85622477827979       -2.31640864046795       -0.39286321888251
H           -2.52834169452621       -1.10014430590727       -1.49440026499345
H           -2.26221371641120        1.44602341867075       -0.19652336905041
H           -0.40482066925065        2.93677998166267        0.44948772026898
H            3.01271353318856       -0.85115953965363       -0.26906306558746
H            3.07697526714694       -0.25914803029821        1.40609750835790
H            3.32405925567931        0.87422895516076        0.05926511187429
17
 energy: -27.887424611780 gnorm: 0.002205867280 xtb: 6.7.1 (edcfbbe)
C           -2.22528310637864       -1.29426242181099       -0.46080525986815
C           -1.16629651700093       -0.33198381507684       -0.03556756508446
C           -1.30988842310171        0.99721829269688        0.04144458539900
C           -0.22340351299872        1.88178251659282        0.33925462349446
N            1.00770434630025        1.52524854167353        0.42580482632987
N            1.36349894059745        0.26484681385965        0.30082239572513
C            2.77863806085540       -0.01077910006885        0.38745054767130
S            0.35534338747162       -1.15351243884963        0.50625770489560
O            0.16707176817749       -1.40333404920450        1.93007050220983
H           -3.10923280569032       -1.20580188143649        0.17078240535083
H           -1.85077921547413       -2.31438764392390       -0.38734601302174
H           -2.52970787804055       -1.10426432912138       -1.49065876940890
H           -2.26587553915071        1.44999672899418       -0.19090436532732
H           -0.40239713320234        2.94008409924337        0.44365209616897
H            3.01260128480258       -0.85057133671257       -0.26615880500600
H            3.06988412410932       -0.26320876977954        1.41103894580411
H            3.32812121872397        0.87292879292424        0.06814414466749
17
 energy: -27.887478671714 gnorm: 0.002107548013 xtb: 6.7.1 (edcfbbe)
C           -2.22701405320448       -1.29424835419401       -0.45182754330590
C           -1.17018684631210       -0.32613693134696       -0.03754651575191
C           -1.31263298470474        1.00228446539173        0.03893544133170
C           -0.22283449111409        1.88583431474172        0.33017240044954
N            1.00705792529962        1.52922120923056        0.41943814397329
N            1.36467054117951        0.26957154934353        0.29747142034496
C            2.77824614867779       -0.00936519540003        0.39645819574139
S            0.35815038188750       -1.15205451930181        0.47962456547211
O            0.17816012754227       -1.43181661287816        1.90015548289549
H           -3.10948344216568       -1.20735149382268        0.18050023706149
H           -1.84738466904359       -2.31142735667999       -0.37398136431407
H           -2.53458235619982       -1.11188017445355       -1.48215012306793
H           -2.27102986464541        1.45604074576328       -0.18283888953751
H           -0.39923526552640        2.94431270721780        0.43022467069510
H            3.01510009186669       -0.84652829389877       -0.25998340886264
H            3.05832323298578       -0.26977814853986        1.42101380141921
H            3.33467452347714        0.87332208882720        0.08761548545575
17
 energy: -27.887520840600 gnorm: 0.003116613362 xtb: 6.7.1 (edcfbbe)
C           -2.23091057987465       -1.29382690740508       -0.44362851115032
C           -1.17219842786163       -0.32304361616961       -0.04113729520883
C           -1.31365098926867        1.00516718394047        0.03492908936843
C           -0.22160006876746        1.88791929987647        0.32124876009627
N            1.00742836602676        1.53180173292610        0.41456474673148
N            1.36677585145588        0.27321215888067        0.29431701696743
C            2.77891043701550       -0.00691410995213        0.40527611541258
S            0.36232495923568       -1.15245550658016        0.45367088720834
O            0.18899585367963       -1.45801354507115        1.87073863395344
H           -3.11133429901264       -1.20225338139067        0.19010247897140
H           -1.85083400059108       -2.30990513908655       -0.35932451216683
H           -2.54132017696369       -1.11933669832949       -1.47453546382011
H           -2.27412443550269        1.45942013167723       -0.17683011718338
H           -0.39808431005918        2.94651498165937        0.41996198458863
H            3.02115463077224       -0.84076638126401       -0.25364217955499
H            3.04904932063930       -0.27401848277458        1.43065735263377
H            3.33941686907669        0.87649827906313        0.10691301315279
17
 energy: -27.887566477756 gnorm: 0.003272258349 xtb: 6.7.1 (edcfbbe)
C           -2.23604943156663       -1.29296186425149       -0.43651039584387
C           -1.17241064355846       -0.32233921297992       -0.04567214815417
C           -1.31319088339518        1.00599098793843        0.03064687631605
C           -0.22032157742528        1.88854099418590        0.31398848530833
N            1.00833434997573        1.53318227826859        0.41148039164743
N            1.36936041585168        0.27577698990654        0.29115056988978
C            2.78029674998908       -0.00377956631175        0.41315876193931
S            0.36726521301552       -1.15440992071941        0.43002023011134
O            0.19910332197847       -1.48145344724820        1.84314791069767
H           -3.11488986789322       -1.19091636188867        0.19788190595435
H           -1.86001838852714       -2.30967668718036       -0.34321234305884
H           -2.54738896641589       -1.12705243174268       -1.46853445967373
H           -2.27540214152379        1.46008596350289       -0.17223968371733
H           -0.39838050324964        2.94741496885998        0.41175387883558
H            3.02965904002488       -0.83384651057032       -0.24794143261220
H            3.04165377665538       -0.27637159188759        1.43925568525906
H            3.34237853606450        0.88181541211806        0.12490776710137
17
 energy: -27.887634770582 gnorm: 0.003015812052 xtb: 6.7.1 (edcfbbe)
C           -2.24419424325585       -1.29108514448656       -0.42676696924493
C           -1.17132258998028       -0.32278198561216       -0.05309905464419
C           -1.31169704997504        1.00576339831450        0.02481561106815
C           -0.21871489378526        1.88916701502695        0.30411879075477
N            1.00982145710522        1.53467589880743        0.40726238633740
N            1.37337134426636        0.27882876588340        0.28523497412718
C            2.78291362839747        0.00128759007566        0.42397888738964
S            0.37488628996934       -1.15834522116730        0.39683082678410
O            0.21381437312251       -1.51559633078268        1.80338689681188
H           -3.12195223811458       -1.16806963025658        0.20638866499930
H           -1.87794512627400       -2.31007171069039       -0.31571794532170
H           -2.55397135856548       -1.14033094965575       -1.46169045262402
H           -2.27672624227665        1.45870087862315       -0.16531825310121
H           -0.39957715396929        2.94824394036957        0.40166368716978
H            3.04428312149602       -0.82262400041765       -0.24027467705614
H            3.03100861031483       -0.27902558850429        1.45138656802792
H            3.34600107152472        0.89126307447271        0.15108205852224
17
 energy: -27.887731220217 gnorm: 0.004580535882 xtb: 6.7.1 (edcfbbe)
C           -2.25814179158330       -1.28720208711635       -0.40873309401349
C           -1.16919816461982       -0.32327049711573       -0.06631739051837
C           -1.30934522683515        1.00532259143096        0.01589074244278
C           -0.21648380020240        1.89110531680252        0.28682725213153
N            1.01194755745606        1.53745587128972        0.39827333226094
N            1.38018974509894        0.28438460453452        0.27154367465639
C            2.78730690939885        0.01029344799446        0.44311406626574
S            0.38840609924734       -1.16535029562165        0.33663801377737
O            0.24123004977169       -1.57872087194197        1.73019753253199
H           -3.13596883865518       -1.12368049857879        0.21781905919081
H           -1.91104677510768       -2.30984438549808       -0.26053551790765
H           -2.56136183066056       -1.16790332225359       -1.45042720764846
H           -2.27994001887184        1.45542737636528       -0.15115751327756
H           -0.40078752817191        2.95031050132539        0.38413683572869
H            3.07144580522908       -0.80162663546518       -0.22711892063897
H            3.00909785590685       -0.28513504610520        1.47309033665864
H            3.35264895259905        0.90843392995370        0.20004079835989
17
 energy: -27.887787863273 gnorm: 0.007759864849 xtb: 6.7.1 (edcfbbe)
C           -2.27387899447185       -1.28214657153463       -0.38597057715024
C           -1.16682984122084       -0.32375659881495       -0.08217595035910
C           -1.30686402325968        1.00455743612660        0.00646254744684
C           -0.21413573855737        1.89352631884657        0.26575027581380
N            1.01412761243191        1.54027169057216        0.38481864587006
N            1.38829260623343        0.29099465012134        0.25060042397447
C            2.79165076372415        0.02038736534738        0.46632560309809
S            0.40445938850805       -1.17282038010712        0.26261884275591
O            0.27539392423661       -1.65133786727072        1.63828926610416
H           -3.15244988324600       -1.06981496930046        0.22830699361483
H           -1.95007942970276       -2.30671941507197       -0.19017861777112
H           -2.56762571498188       -1.20402765720004       -1.43558940407058
H           -2.28444774003325        1.45058216716646       -0.13161953284014
H           -0.40101296356195        2.95243486983070        0.36486609555388
H            3.10566408835800       -0.77539406418811       -0.21097501086944
H            2.97817591399027       -0.29513532472349        1.49872754081153
H            3.35955903155321        0.92839835020032        0.26302485801740
17
 energy: -27.887847632803 gnorm: 0.003975251733 xtb: 6.7.1 (edcfbbe)
C           -2.27448240605959       -1.28107504424133       -0.38290574153784
C           -1.16623700358211       -0.32443079004909       -0.08412594218808
C           -1.30649320411752        1.00361130844034        0.00691700563189
C           -0.21421442878387        1.89354514012551        0.26389538212347
N            1.01416937699682        1.53974739795292        0.38127938154591
N            1.38933512679510        0.29120819630045        0.24402011007815
C            2.79102414757912        0.02054635045249        0.46867234224629
S            0.40580481240555       -1.17253223612958        0.25432337244523
O            0.27963268224245       -1.65378723759033        1.62530955110691
H           -3.15298807058226       -1.06387576306828        0.22640580212482
H           -1.95349821962303       -2.30303335204744       -0.18027246310614
H           -2.56685123846371       -1.20992540386617       -1.43215543432694
H           -2.28463982260616        1.44828752008757       -0.12768501991447
H           -0.40009905091738        2.95211271012552        0.36475637936568
H            3.11124118382270       -0.77165581578739       -0.20862391386294
H            2.97050118818761       -0.29859161605813        1.50018196750836
H            3.35779392670631        0.92984863535297        0.27328922076006
17
 energy: -27.887936577687 gnorm: 0.002894962062 xtb: 6.7.1 (edcfbbe)
C           -2.27898905379803       -1.27816909259859       -0.36722296252355
C           -1.16711932350535       -0.32121694300000       -0.09146179021100
C           -1.30678071794063        1.00617719529361        0.00450714027670
C           -0.21355752935285        1.89829573616174        0.25196603239505
N            1.01439602881078        1.54330778021028        0.37069451066234
N            1.39362597117913        0.29647717194980        0.22625098121507
C            2.78916616006218        0.02355467104282        0.48198944549199
S            0.41244571900130       -1.17104796549999        0.20666608856917
O            0.30309462383376       -1.69828386837977        1.56241600829737
H           -3.16057178082799       -1.03508942446743        0.22462043851046
H           -1.96549841072462       -2.29381543089805       -0.12726396952526
H           -2.56129418322412       -1.24225045558247       -1.42165037107429
H           -2.28872368834039        1.44779762201090       -0.11078184390058
H           -0.39693809687775        2.95664963407742        0.35255631728043
H            3.12823803463927       -0.75630433730683       -0.19920098303368
H            2.94080154843700       -0.31326487990081        1.51200264525264
H            3.35770369862835        0.93718258688739        0.31719431231755
17
 energy: -27.888022939579 gnorm: 0.007450996682 xtb: 6.7.1 (edcfbbe)
C           -2.28540970562057       -1.27547019297308       -0.33827368815738
C           -1.16865528307942       -0.31399608058657       -0.10546246058943
C           -1.30718114151852        1.01232331856133       -0.00238489918041
C           -0.21193939030721        1.90618109429568        0.23167336743290
N            1.01488649610328        1.55047928584265        0.35328073899970
N            1.40055545230106        0.30687472461013        0.19413336652607
C            2.78454052701854        0.02814530927090        0.50444615268223
S            0.42331601008725       -1.16577015592321        0.12039778945688
O            0.34290733684951       -1.76937895476347        1.44902324368798
H           -3.17765634597994       -0.98016678054358        0.21605452442781
H           -1.98719256207633       -2.27925267455599       -0.02354421877141
H           -2.54133247886292       -1.30861875456756       -1.40404817386616
H           -2.29593472975050        1.44991855573100       -0.08144071389357
H           -0.39339371180390        2.96293509301645        0.33906036310750
H            3.15633968987297       -0.72732771547817       -0.18844252271476
H            2.88671155475962       -0.34591027602256        1.52989309237628
H            3.35943728200714        0.94903420408608        0.39891603847629
17
 energy: -27.888112640520 gnorm: 0.006666675892 xtb: 6.7.1 (edcfbbe)
C           -2.27653827215992       -1.27863372595887       -0.33306046977595
C           -1.17182214322208       -0.30666600160629       -0.10308652565866
C           -1.31007439055455        1.01907041476804       -0.00003369033051
C           -0.21253892029995        1.91112505713775        0.23345324227604
N            1.01345835795101        1.55526973686037        0.35263472938465
N            1.39914322644786        0.31086837956504        0.18793448733776
C            2.77637874037082        0.02298088517572        0.50306199370098
S            0.41844043377274       -1.15367594147044        0.11107396320770
O            0.34589562223832       -1.76710588394090        1.43286110955584
H           -3.17932971418075       -0.98187223793654        0.19799406056628
H           -1.97224037430836       -2.26983233469706        0.00370883504144
H           -2.51528348983033       -1.33480580958424       -1.40032829435260
H           -2.29737726647977        1.45774119434091       -0.07618034318722
H           -0.39156775739355        2.96693765799714        0.34476280784665
H            3.14853789900527       -0.72634566966749       -0.19424639793458
H            2.87018848302976       -0.36490527146969        1.52105114363863
H            3.35472856561356        0.93984955048659        0.41168134868409
17
 energy: -27.888200997210 gnorm: 0.006641652895 xtb: 6.7.1 (edcfbbe)
C           -2.27942886363712       -1.27789123459442       -0.31533471093058
C           -1.17203236554447       -0.30248404460922       -0.10963132980552
C           -1.31124349834661        1.02276830809405       -0.00185989592149
C           -0.21179690482329        1.91534715433100        0.22322358451369
N            1.01394899571262        1.56004629986371        0.34524457013566
N            1.40267445789565        0.31820180125923        0.17070495249618
C            2.77272991169501        0.02444734591476        0.51568640767533
S            0.42566254450970       -1.14917832343495        0.05890395210037
O            0.36890982749107       -1.80237557698075        1.36427190279563
H           -3.19223081161917       -0.95340403374739        0.18578643321442
H           -1.98830537721510       -2.25772983002508        0.06730392722026
H           -2.49603351551574       -1.37720145788429       -1.38508258817003
H           -2.30001953159256        1.46054153290238       -0.06144794889834
H           -0.39182246987358        2.97116583406292        0.33719129763587
H            3.16498432234515       -0.70884418149369       -0.19060689250493
H            2.83973231903272       -0.38722808765963        1.52774059500477
H            3.35426995948582        0.94381849400142        0.46118774343931
17
 energy: -27.888306592465 gnorm: 0.005021943846 xtb: 6.7.1 (edcfbbe)
C           -2.28347414402731       -1.27664551178723       -0.30075415025916
C           -1.16929109036337       -0.30056317745979       -0.11737322661859
C           -1.31111604714383        1.02461032054141       -0.00549166900700
C           -0.21086937627921        1.91715227274641        0.21448871248081
N            1.01546483549145        1.56393187805139        0.34228779595029
N            1.40580787813406        0.32592269981096        0.16063944152278
C            2.77054454982993        0.02574634369076        0.52740204564797
S            0.43524175508458       -1.14646232491389        0.00898546298480
O            0.38814703499090       -1.82761945077325        1.29928250089542
H           -3.20558398667823       -0.92753349154895        0.16782393343910
H           -2.01289435898210       -2.24173389211648        0.12957507281405
H           -2.47483552019525       -1.42061642715737       -1.36667994978545
H           -2.30151382951258        1.46332061708425       -0.04693024047610
H           -0.39694139282413        2.97390808377517        0.33128535405811
H            3.18110864129385       -0.69149095411873       -0.18845296808357
H            2.81801256262753       -0.40799430004721        1.53064131024505
H            3.35219148855381        0.94606731422261        0.50655257419214
17
 energy: -27.888365786304 gnorm: 0.008560145056 xtb: 6.7.1 (edcfbbe)
C           -2.28181061068189       -1.27557227689635       -0.29098461550661
C           -1.16969822725996       -0.29545996233389       -0.12120361750059
C           -1.31127523827586        1.02946896986696       -0.00792362602007
C           -0.21084308444380        1.92153022938363        0.21058320436004
N            1.01525225284090        1.56851696754988        0.34193803346750
N            1.40640948591864        0.33264936453163        0.15653589186701
C            2.76504864606024        0.02479709951187        0.53312465447432
S            0.43826798953073       -1.13966394146204       -0.02609217343565
O            0.40257189610971       -1.85061567846453        1.25048964438909
H           -3.21328780244728       -0.90410730583124        0.14421225843731
H           -2.01892414400972       -2.22335558069120        0.19097050362815
H           -2.44845008761996       -1.47025389708243       -1.35795377468623
H           -2.30152214280526        1.46867601902826       -0.03541577751203
H           -0.39915162847222        2.97828613309945        0.32979203661828
H            3.18313306718093       -0.67811462819951       -0.19130091051075
H            2.79824167723948       -0.43217334514444        1.52649038889956
H            3.34603695113543        0.94539183313402        0.54001987903134
17
 energy: -27.888402048323 gnorm: 0.009159628428 xtb: 6.7.1 (edcfbbe)
C           -2.27513106804347       -1.27519935075352       -0.29660800834688
C           -1.17045761545903       -0.29270540837963       -0.11575253241449
C           -1.31106572067743        1.03291997483927       -0.00713827196434
C           -0.21240291836267        1.92418575515745        0.21765544261059
N            1.01389419622993        1.57110899242291        0.35381636477433
N            1.40075398554589        0.33605315398897        0.17907779920043
C            2.76010086837947        0.02047764346526        0.52546231124321
S            0.43464378076133       -1.13303488271777       -0.01911187437007
O            0.39969137741938       -1.84408126596611        1.25482797412893
H           -3.21182853727443       -0.90341028931980        0.10924837405251
H           -2.01239466357447       -2.19834260520186        0.21649050887213
H           -2.42038739114630       -1.50716090902539       -1.35323559966006
H           -2.29503835929317        1.47498367143560       -0.03914859647012
H           -0.40561555069822        2.98228593839678        0.33141966254840
H            3.16364519844539       -0.67286010570466       -0.20898703956334
H            2.80588478680220       -0.45402920807069        1.50610585971774
H            3.33570663094571        0.93880889543326        0.53915962564165
17
 energy: -27.888548301521 gnorm: 0.006356792809 xtb: 6.7.1 (edcfbbe)
C           -2.27732074936584       -1.27593992571752       -0.28405573397952
C           -1.17052087600163       -0.29171868202820       -0.12348077188025
C           -1.31081984853089        1.03369409160147       -0.01180230111796
C           -0.21207539214606        1.92710319229142        0.20841681494634
N            1.01366141785345        1.57373868536662        0.34484088305718
N            1.40293673374447        0.33894011656571        0.16717499946449
C            2.75900180325483        0.02110404402481        0.53370723941225
S            0.43759468713307       -1.12905475046569       -0.05063833598857
O            0.41435428124247       -1.86478011532660        1.21078628975834
H           -3.22033951149767       -0.87828439033684        0.09423632343036
H           -2.02779821320814       -2.18724074188951        0.26176073912741
H           -2.40465130445606       -1.53794917394680       -1.33775781010023
H           -2.30007386484047        1.47262227929062       -0.02300949960811
H           -0.40502692075099        2.98358311925535        0.32644424346789
H            3.18024075374930       -0.65355775437209       -0.21368834346902
H            2.78458128174133       -0.47653222391064        1.50922086305194
H            3.33625472207894        0.94427222959796        0.58112640042815
17
 energy: -27.888639878800 gnorm: 0.002800524042 xtb: 6.7.1 (edcfbbe)
C           -2.27992409449138       -1.27496192771951       -0.28429492565510
C           -1.17146798313694       -0.29247376433635       -0.12544583659498
C           -1.31156317710542        1.03240401845880       -0.00983312584532
C           -0.21306984175991        1.92662613027410        0.21144150385384
N            1.01242159211386        1.57232311750289        0.34766465452690
N            1.40248794432176        0.33660613313716        0.17039257337859
C            2.76255071918691        0.02269499160874        0.53260326597923
S            0.43719706565678       -1.13145225273432       -0.04671150677854
O            0.41209167406822       -1.87026532283410        1.21253052929334
H           -3.22372945805090       -0.87263998211493        0.08031758632783
H           -2.04134089999997       -2.18230155183891        0.27004980277055
H           -2.40057245899516       -1.54376339055142       -1.33549123686559
H           -2.30162058405686        1.47003939541499       -0.02802220910522
H           -0.40322709246102        2.98220915841067        0.32965324157891
H            3.18685834130801       -0.64661209080191       -0.21691889559491
H            2.79661539971644       -0.47432447242089        1.50665432792633
H            3.33629185368571        0.94589181054505        0.57869225080483
17
 energy: -27.888719274394 gnorm: 0.001839228390 xtb: 6.7.1 (edcfbbe)
C           -2.28376278603673       -1.27288848776472       -0.28633415179604
C           -1.17235022841514       -0.29410893256180       -0.12699486169910
C           -1.31193453499940        1.03012756055678       -0.00680734203312
C           -0.21388359265430        1.92478860172738        0.21672914338840
N            1.01095421032471        1.56860127948238        0.35277207380549
N            1.40128671031359        0.33146016610462        0.17650422676085
C            2.76777560356417        0.02585448048317        0.52944572894664
S            0.43688360911683       -1.13704508635819       -0.03945499131785
O            0.40708300787322       -1.87863723171538        1.21733864639763
H           -3.23090858694479       -0.85732639682608        0.05060511694443
H           -2.06374087099924       -2.17039420628799        0.28995379886699
H           -2.38609369744570       -1.56074171662342       -1.33386765389697
H           -2.30319029803593        1.46569014496986       -0.03217638524050
H           -0.39983538788597        2.97956740642856        0.33666010598385
H            3.19439195444468       -0.63476274413100       -0.22590221975335
H            2.81373008097958       -0.47272932579709        1.50078063926952
H            3.33359380680055        0.95254448831299        0.57403012537382
17
 energy: -27.888804071235 gnorm: 0.004472636847 xtb: 6.7.1 (edcfbbe)
C           -2.28802453266654       -1.26985397054110       -0.29134167587132
C           -1.17328736202397       -0.29618821230671       -0.12636471538489
C           -1.31206415385222        1.02738621888168       -0.00044270741690
C           -0.21447570440142        1.92135126459379        0.22698236325213
N            1.00956093072457        1.56222376228279        0.36132964844419
N            1.39869763422039        0.32323244432451        0.18667626214152
C            2.77446308208913        0.03025778898105        0.52182256339963
S            0.43614856752546       -1.14557446148652       -0.02777783245988
O            0.39733823020905       -1.88759694379940        1.22737697472877
H           -3.24426091917839       -0.82895172102168       -0.01020230302837
H           -2.10155529542450       -2.14660760186499        0.33066365782675
H           -2.34994637901344       -1.60007811145974       -1.33172956730059
H           -2.30442530095258        1.46068965128755       -0.03262328811647
H           -0.39511342640579        2.97608576444851        0.34913013946680
H            3.20205546345775       -0.61668990461602       -0.24480477020092
H            2.83814195030868       -0.47454700301881        1.48810216254582
H            3.32674621538394        0.96486103531518        0.56648508797439
17
 energy: -27.888854723875 gnorm: 0.004051417659 xtb: 6.7.1 (edcfbbe)
C           -2.28745315361776       -1.26937677003658       -0.29417313535944
C           -1.17348446040718       -0.29601967115506       -0.12468386363986
C           -1.31212643196643        1.02748135860524        0.00283925617032
C           -0.21427840196001        1.92031215529755        0.23130938972738
N            1.00984957012150        1.56066995125030        0.36381255251968
N            1.39752228708487        0.32134687555269        0.19015267234811
C            2.77507838304490        0.03063211002392        0.51761025504173
S            0.43527870464432       -1.14689021195115       -0.02340738875848
O            0.39268735439957       -1.88541379631297        1.23346865295833
H           -3.24760803312541       -0.82157583071230       -0.03713335030738
H           -2.11365833275124       -2.13585753832583        0.34587189310789
H           -2.33121599728418       -1.61910640570004       -1.32956496903937
H           -2.30410833697596        1.46122215025753       -0.02868821287243
H           -0.39463799994220        2.97564758908563        0.35366773144183
H            3.20060174227195       -0.61246436128470       -0.25359644326899
H            2.84351924623117       -0.47844884991291        1.48168252500866
H            3.32403286023222        0.96784124531877        0.56411443492269
17
 energy: -27.888948234234 gnorm: 0.005367118552 xtb: 6.7.1 (edcfbbe)
C           -2.28407834057875       -1.26957235437590       -0.30189314840730
C           -1.17429643084159       -0.29466668579300       -0.12067137877780
C           -1.31325506224988        1.02850811291935        0.01187793479657
C           -0.21454066651266        1.91844985091865        0.24354688088240
N            1.01037292822553        1.55879400578293        0.37014750545002
N            1.39429899876839        0.31890469113965        0.19908329591475
C            2.77525971129233        0.02967397268698        0.50521985124821
S            0.43210079398193       -1.14707223852305       -0.01098840384609
O            0.38056436975921       -1.87324400581367        1.25277893980978
H           -3.25432943820298       -0.80632347332628       -0.11041105534120
H           -2.14340155265316       -2.10730129732153        0.38572020508343
H           -2.27781472773856       -1.66998733161659       -1.32202385175477
H           -2.30369230583010        1.46473283586937       -0.01826983819589
H           -0.39629530465293        2.97499245514040        0.36629603154869
H            3.19389658309271       -0.60327045606209       -0.27873842584236
H            2.85526387380511       -0.49306083235374        1.46245627790854
H            3.31994557033551        0.97044275072863        0.55915117952369
17
 energy: -27.888999601108 gnorm: 0.003544386194 xtb: 6.7.1 (edcfbbe)
C           -2.28109718188597       -1.27072630102424       -0.30516549559356
C           -1.17440529382696       -0.29346919190595       -0.11961380836119
C           -1.31400733764014        1.02949919951714        0.01486172371752
C           -0.21488036638592        1.91849609904485        0.24785327845204
N            1.01062952131617        1.55991642419229        0.37201874554759
N            1.39319596491631        0.32003215692736        0.20223833386835
C            2.77396218526738        0.02775202819638        0.50010631006222
S            0.43044471898453       -1.14474267224830       -0.00483536895993
O            0.37624113832236       -1.86258663234096        1.26409580447894
H           -3.25243343305945       -0.80772608138435       -0.13330151966266
H           -2.15024227749717       -2.09813521424907        0.39339728940776
H           -2.26013935857693       -1.68508572160648       -1.31680767160973
H           -2.30334009500205        1.46777536543430       -0.01549485907475
H           -0.39893536542965        2.97530965057354        0.37047746599942
H            3.18811812346601       -0.60168329327564       -0.28930926102378
H            2.85614612340113       -0.50225713840363        1.45380381455345
H            3.32074193363047        0.96763132255285        0.55895721819897
17
 energy: -27.889045877761 gnorm: 0.004675237231 xtb: 6.7.1 (edcfbbe)
C           -2.27833990977641       -1.27212523847473       -0.31187480011369
C           -1.17543773074886       -0.29244517920065       -0.11714023041432
C           -1.31611188542041        1.02983430446377        0.02198768223072
C           -0.21664954831308        1.91825483257489        0.25809299474373
N            1.00976568145198        1.56109920002922        0.37744249125133
N            1.39086818932468        0.32059551962826        0.20945223018953
C            2.77445504104017        0.02546281106167        0.48921472839434
S            0.42724948828935       -1.14264974748828        0.01043917570862
O            0.36918049284859       -1.84792492045543        1.28697835364161
H           -3.25520042271464       -0.80094319682156       -0.19177647496523
H           -2.17579569105573       -2.07691562732528        0.41983616111324
H           -2.21846853443785       -1.71980810961021       -1.30847063010253
H           -2.30435733586099        1.47029162940267       -0.01232015670817
H           -0.40281671866862        2.97447741521505        0.38237643848757
H            3.18246882424473       -0.59368678745119       -0.31179856171491
H            2.86620110564467       -0.51701714371122        1.43540734382207
H            3.32298795415255        0.96350023816311        0.55543525443671
17
 energy: -27.889090666733 gnorm: 0.002418166018 xtb: 6.7.1 (edcfbbe)
C           -2.27704397305272       -1.27358418921050       -0.31642871505935
C           -1.17626611753092       -0.29219422743766       -0.11536133512304
C           -1.31806093456571        1.02940684407947        0.02618707847646
C           -0.21876824266452        1.91886168056119        0.26470200200582
N            1.00828820986441        1.56333351512639        0.38100581996793
N            1.38974310795646        0.32232240892671        0.21327788734891
C            2.77517158937010        0.02318472865068        0.48191922366498
S            0.42483375962133       -1.14073365255275        0.02513621852452
O            0.36749791286152       -1.83557680064676        1.30811995012342
H           -3.25373770253164       -0.80166786148160       -0.22479773663462
H           -2.19287158692473       -2.06601920746243        0.42811417227197
H           -2.19616185185383       -1.73386827283214       -1.30157375967284
H           -2.30582507581408        1.47105132884720       -0.01575695175336
H           -0.40617366395869        2.97366360871455        0.39065049364481
H            3.17915933266488       -0.58750324918383       -0.32727522904830
H            2.87246811692495       -0.52788914472432        1.42166512520329
H            3.32774611963333        0.95721249062588        0.55369775606000
17
 energy: -27.889109303211 gnorm: 0.003618388762 xtb: 6.7.1 (edcfbbe)
C           -2.27651423947693       -1.27359989240599       -0.32221112670274
C           -1.17722825839407       -0.29224168441406       -0.11139571089590
C           -1.31944965254540        1.02882773346345        0.03248791628975
C           -0.22021210518003        1.91816329443396        0.27431455306361
N            1.00717325404845        1.56269438303407        0.38644315287331
N            1.38794589373636        0.32099089497575        0.21815417199859
C            2.77694353394491        0.02242009473615        0.47242538990773
S            0.42207901594867       -1.14224212293424        0.04225285776031
O            0.36303502074709       -1.82575884372170        1.33149584223272
H           -3.25522053379272       -0.79479703807303       -0.27480756737139
H           -2.21974716792695       -2.04764721154165        0.44661685177170
H           -2.16298600468950       -1.76106582547851       -1.29381485714009
H           -2.30675764512967        1.47113919118441       -0.01772276643303
H           -0.40666422728841        2.97234882781103        0.40192257241371
H            3.17689784093957       -0.57651695963233       -0.34783588564938
H            2.88285380758483       -0.53933089362078        1.40443228506787
H            3.32785046747394        0.95661605218356        0.55052432081382
17
 energy: -27.889131615465 gnorm: 0.002060174611 xtb: 6.7.1 (edcfbbe)
C           -2.27747938685482       -1.27285289346475       -0.32351885114535
C           -1.17733254011495       -0.29318902764538       -0.10902965920018
C           -1.31919505171985        1.02802123873465        0.03320868963002
C           -0.22030141131053        1.91719656210342        0.27682444436358
N            1.00685151147794        1.56076257631993        0.38798174335177
N            1.38782554163373        0.31905038927678        0.21744830312376
C            2.77814522143834        0.02331075292870        0.47003003636329
S            0.42148023074953       -1.14540213712093        0.04908004677676
O            0.36280862093166       -1.82472163047726        1.34004878629330
H           -3.25368912254572       -0.79220407315334       -0.28535580338406
H           -2.22933223676275       -2.04375698663761        0.44698644224453
H           -2.15865787971688       -1.76461481665570       -1.29120560092838
H           -2.30661622069186        1.46957315348328       -0.02129371967158
H           -0.40465059010757        2.97137406177705        0.40563595253528
H            3.17866692348494       -0.57042728625349       -0.35337615924108
H            2.88589789481288       -0.54150093349476        1.39909944211247
H            3.32557749529604        0.95938105027950        0.55071790677647
17
 energy: -27.889148729642 gnorm: 0.001702350999 xtb: 6.7.1 (edcfbbe)
C           -2.27799803094591       -1.27231155289148       -0.32779664420257
C           -1.17754007839162       -0.29515688593744       -0.10422415990705
C           -1.31908452411196        1.02640118093295        0.03581178363406
C           -0.22078085392284        1.91450655326455        0.28396856181799
N            1.00640297510684        1.55707586873849        0.39221435307997
N            1.38720328263225        0.31563169768931        0.21788269616153
C            2.78036686787396        0.02445648219243        0.46229754852550
S            0.41974711992354       -1.15022893366349        0.06454634177729
O            0.35924239596119       -1.81708575098955        1.36143635474677
H           -3.25142734975704       -0.78454280593918       -0.32197312900766
H           -2.25411154234519       -2.03076134279856        0.45645478031618
H           -2.13969665297955       -1.78098350655514       -1.28371893477489
H           -2.30614672093782        1.46760959217170       -0.02528364783879
H           -0.40313857563475        2.96880984840110        0.41582094218159
H            3.18097916929621       -0.55723684936788       -0.36960193311851
H            2.89450338645949       -0.54999139046508        1.38440563224160
H            3.32147813177333        0.96380779521737        0.55104145436758
17
 energy: -27.889156407740 gnorm: 0.000842671662 xtb: 6.7.1 (edcfbbe)
C           -2.27841976937989       -1.27210652983090       -0.33099797308695
C           -1.17769604786006       -0.29716202409561       -0.10075711794004
C           -1.31871012893288        1.02505680977090        0.03689921742617
C           -0.22074200929071        1.91150913105942        0.28866447835435
N            1.00670059349073        1.55381955696305        0.39507206384033
N            1.38735936231663        0.31323486617724        0.21667503666129
C            2.78175554598669        0.02529142745761        0.45625467287461
S            0.41823493017094       -1.15300105641742        0.07504849302130
O            0.35485052544012       -1.80806244756723        1.37740296723024
H           -3.24812602604584       -0.78019142556729       -0.34486526840278
H           -2.27015692444851       -2.02174462326363        0.46029213419946
H           -2.12903561481465       -1.79202362093146       -1.27823232922392
H           -2.30504774143343        1.46684777444311       -0.02767138107892
H           -0.40317847479169        2.96606375389323        0.42327457446542
H            3.18404891921795       -0.54764292365315       -0.38062949108808
H            2.89995885677292       -0.55655520421026        1.37363213904737
H            3.31820300360181        0.96666653577249        0.55321978370073
17
 energy: -27.889154687041 gnorm: 0.002042908349 xtb: 6.7.1 (edcfbbe)
C           -2.27762832855791       -1.27260467086488       -0.33570447996975
C           -1.17786177304238       -0.29808183102734       -0.09874846464519
C           -1.31915739529120        1.02401234190871        0.04045991863269
C           -0.22138616087076        1.90976058552381        0.29568766393139
N            1.00655393309159        1.55285980355172        0.39901083270036
N            1.38680129213661        0.31229883259062        0.21887688668256
C            2.78296524694056        0.02481525236485        0.44849162447163
S            0.41623947967610       -1.15361641042348        0.08822794569026
O            0.34932968128096       -1.79619288721482        1.39698677879577
H           -3.24630908662062       -0.77611673358557       -0.37944541420997
H           -2.28976635921381       -2.00870625585135        0.47054039906210
H           -2.10819377401505       -1.81065864533587       -1.27152188189216
H           -2.30476869428679        1.46697478515006       -0.02875371703944
H           -0.40493874873509        2.96379833532201        0.43255189820607
H            3.18341453121816       -0.53891030478385       -0.39590753895041
H            2.90657479676616       -0.56562232463082        1.36001002321525
H            3.31813035952361        0.96599012730629        0.55251952531940
17
 energy: -27.889159806242 gnorm: 0.000767942218 xtb: 6.7.1 (edcfbbe)
C           -2.27739719147845       -1.27285649667143       -0.33423695190360
C           -1.17752283108618       -0.29766532594471       -0.10069677605796
C           -1.31899561196840        1.02428635822651        0.03932143973126
C           -0.22115870225917        1.91051974094037        0.29320240016990
N            1.00674298779016        1.55398935055905        0.39752131397518
N            1.38714075032433        0.31330472215969        0.21846688438471
C            2.78231281411620        0.02458723562556        0.45124157236551
S            0.41703658802438       -1.15228352305664        0.08324527213012
O            0.35047722651353       -1.79870042838167        1.39002948263788
H           -3.24655083898554       -0.77856751575304       -0.36619741354866
H           -2.28150789873749       -2.01369838403418        0.46649126798729
H           -2.11612807066389       -1.80386747419271       -1.27401111017692
H           -2.30478697405588        1.46720086496122       -0.02760718054892
H           -0.40537811478539        2.96445545992893        0.42919863483819
H            3.18281930765969       -0.54317163348494       -0.39015818934944
H            2.90350909502687       -0.56235407907804        1.36511209425153
H            3.31938646456535        0.96482112819615        0.55235925911451
17
 energy: -27.889160546975 gnorm: 0.000245171143 xtb: 6.7.1 (edcfbbe)
C           -2.27713600325639       -1.27288052117208       -0.33452190869821
C           -1.17728001693156       -0.29756434458574       -0.10131569634901
C           -1.31896254822926        1.02420926144435        0.03960441054248
C           -0.22113652944933        1.91068849090215        0.29316261939466
N            1.00675838970348        1.55426423078903        0.39739744976861
N            1.38703764323859        0.31330582584412        0.21874400227275
C            2.78222293842907        0.02440975530950        0.45135178688029
S            0.41705948642434       -1.15218520314573        0.08364775273993
O            0.34959325263843       -1.79807067755880        1.39050119748336
H           -3.24613926364830       -0.77941004238966       -0.36507862541504
H           -2.28023402658577       -2.01377824645588        0.46523636360181
H           -2.11695092657127       -1.80332591449617       -1.27427592464034
H           -2.30477246867705        1.46711397803961       -0.02721479288435
H           -0.40549839752391        2.96456262714140        0.42896872015335
H            3.18225672685843       -0.54375086260386       -0.38995084531902
H            2.90353067632051       -0.56219716862215        1.36534009782874
H            3.31965006726012        0.96460881156001        0.55168539264058
