15
 energy: -20.622641109012 gnorm: 0.043928057839 xtb: 6.7.1 (edcfbbe)
C            1.93585000000000       -1.11511000000000       -0.00231000000000
C            0.52652000000000       -0.65705000000000        0.00426000000000
C           -0.65465000000000       -1.36918000000000        0.00900000000000
C           -1.66755000000000       -0.39537000000000        0.00871000000000
N           -1.17776000000000        0.84548000000000        0.00739000000000
N            0.15651000000000        0.66485000000000        0.00749000000000
C            1.02817000000000        1.81636000000000        0.01874000000000
H            1.99104000000000       -2.20845000000000        0.01095000000000
H            2.46988000000000       -0.74105000000000        0.87679000000000
H            2.45263000000000       -0.76372000000000       -0.90100000000000
H           -0.76907000000000       -2.44384000000000        0.01113000000000
H           -2.74038000000000       -0.53694000000000        0.00971000000000
H            0.42881000000000        2.73014000000000       -0.01069000000000
H            1.67503000000000        1.76961000000000       -0.86063000000000
H            1.61998000000000        1.79022000000000        0.93685000000000
15
 energy: -20.624744989308 gnorm: 0.013161533282 xtb: 6.7.1 (edcfbbe)
C            1.93103308190320       -1.10177997082724       -0.00079385013120
C            0.51804334897623       -0.65421822342443        0.00549539830581
C           -0.66343442364684       -1.36828842274844        0.00641277537044
C           -1.67384313460902       -0.40214230775228        0.01001941956754
N           -1.16614188296352        0.81925400379560        0.01106381008541
N            0.16157477648313        0.65640510756884        0.00767409006858
C            1.03841251994229        1.79822719539622        0.01771055637593
H            1.97220587198481       -2.18977504298182        0.01142269619314
H            2.46615460503747       -0.72644756433091        0.87334777811469
H            2.44998018157469       -0.74787051853982       -0.89362977732688
H           -0.77884820999521       -2.43469005236720        0.00538881760524
H           -2.73977881728158       -0.54000686336151        0.01086348950616
H            0.42142381131646        2.69380058337992       -0.01072356988738
H            1.69464037799941        1.78044359060410       -0.85467792424601
H            1.64358789327845        1.80303848558898        0.92681629039853
15
 energy: -20.624898470484 gnorm: 0.002934288309 xtb: 6.7.1 (edcfbbe)
C            1.93024928562924       -1.09900187750915       -0.00029803788726
C            0.51516062334197       -0.65342704596466        0.00565103089431
C           -0.66512621640557       -1.36856572538972        0.00565826027148
C           -1.67325490159397       -0.39967500326192        0.00993927170020
N           -1.15907709356345        0.81492682341034        0.01212689318641
N            0.16357803551879        0.65345789122452        0.00870938504941
C            1.03825028484398        1.79006942076540        0.01744832139648
H            1.97177207360997       -2.18478326327090        0.01131035106266
H            2.46200947853871       -0.71988265844372        0.87295516256184
H            2.44750119223776       -0.74019006683502       -0.89092440631189
H           -0.78051589219383       -2.43308014296917        0.00347545747642
H           -2.73633522086184       -0.53507806154479        0.01115973565021
H            0.41554374582273        2.68113162619421       -0.00992695140132
H            1.69613444191417        1.77821426745144       -0.85375185201787
H            1.64912016316135        1.80183381614314        0.92285737836892
15
 energy: -20.624907024854 gnorm: 0.000917564804 xtb: 6.7.1 (edcfbbe)
C            1.93073059033573       -1.09920512900353        0.00015964828510
C            0.51460271089717       -0.65410976135272        0.00568377413971
C           -0.66555932985282       -1.36923789188665        0.00520314788274
C           -1.67315759096643       -0.39822363729328        0.01005940380981
N           -1.15751090936966        0.81554193944147        0.01301048889905
N            0.16395091494549        0.65279597283149        0.00952500668180
C            1.03738783824307        1.78856346842314        0.01708632559148
H            1.97406694684085       -2.18459296224916        0.01116568473962
H            2.46063472788361       -0.71901704169202        0.87407722310045
H            2.44721837819513       -0.73829794705137       -0.89003531331738
H           -0.78100778766822       -2.43376381653199        0.00213302762582
H           -2.73616522115059       -0.53336485672378        0.01114621683078
H            0.41481852323199        2.68000647564706       -0.00905181443266
H            1.69453175238789        1.77778104492057       -0.85497307393441
H            1.65046845604680        1.80107414252077        0.92120025409808
