Traceback (most recent call last):
  File "/project/shared/el_agente_benchmark/estructural_revision/Estructural_Case7__gpt-5.4__max__repeat_4__216019aa/ts-study/calculations/pathway_A/../../run_sella_A_v0.py", line 33, in <module>
    opt.run(fmax=0.03, steps=150)
  File "/h/399/yunhengzou/micromamba/envs/el-agente/lib/python3.11/site-packages/ase/optimize/optimize.py", line 414, in run
    return Dynamics.run(self, steps=steps)
           ^^^^^^^^^^^^^^^^^^^^^^^^^^^^^^^
  File "/h/399/yunhengzou/micromamba/envs/el-agente/lib/python3.11/site-packages/ase/optimize/optimize.py", line 283, in run
    for converged in Dynamics.irun(self, steps=steps):
  File "/h/399/yunhengzou/micromamba/envs/el-agente/lib/python3.11/site-packages/ase/optimize/optimize.py", line 254, in irun
    self.step()
  File "/h/399/yunhengzou/micromamba/envs/el-agente/lib/python3.11/site-packages/sella/optimize/optimize.py", line 356, in step
    s, smag = self._predict_step()
              ^^^^^^^^^^^^^^^^^^^^
  File "/h/399/yunhengzou/micromamba/envs/el-agente/lib/python3.11/site-packages/sella/optimize/optimize.py", line 320, in _predict_step
    self.pes.diag(**self.diagkwargs)
  File "/h/399/yunhengzou/micromamba/envs/el-agente/lib/python3.11/site-packages/sella/peswrapper.py", line 524, in diag
    rayleigh_ritz(Hproj - Ufree.T @ Hc @ Ufree, gamma, P, v0=v0,
  File "/h/399/yunhengzou/micromamba/envs/el-agente/lib/python3.11/site-packages/sella/eigensolvers.py", line 52, in rayleigh_ritz
    AV = A.dot(V)
         ^^^^^^^^
  File "/h/399/yunhengzou/micromamba/envs/el-agente/lib/python3.11/site-packages/scipy/sparse/linalg/_interface.py", line 466, in dot
    return self.matvec(x)
           ^^^^^^^^^^^^^^
  File "/h/399/yunhengzou/micromamba/envs/el-agente/lib/python3.11/site-packages/scipy/sparse/linalg/_interface.py", line 256, in matvec
    raise ValueError('dimension mismatch')
ValueError: dimension mismatch
