17
 energy: -27.867209600130 gnorm: 0.123790404635 xtb: 6.7.1 (edcfbbe)
O            0.92825700000000        2.01204200000000       -0.22052300000000
S            0.46397900000000        0.88368600000000        0.69023900000000
N            1.39596700000000       -0.49029700000000        0.14124500000000
C            2.70615400000000       -0.73604400000000        0.72393600000000
N            1.00604700000000       -1.19675000000000       -1.00873600000000
C           -0.18882300000000       -1.14346000000000       -1.52037500000000
C           -1.30505500000000       -0.38270100000000       -0.91895800000000
C           -1.15287600000000        0.49601300000000        0.07773900000000
C           -2.34526000000000        1.18384200000000        0.66772000000000
H            2.65250200000000       -0.63750500000000        1.82847100000000
H            3.04967900000000       -1.76256900000000        0.47557400000000
H            3.43443400000000       -0.00029300000000        0.32379100000000
H           -0.39892000000000       -1.73700800000000       -2.39989800000000
H           -2.29734400000000       -0.56579300000000       -1.31408100000000
H           -3.03894600000000        0.43162200000000        1.09925000000000
H           -2.03530600000000        1.88238600000000        1.47304500000000
H           -2.87448900000000        1.76282800000000       -0.11844000000000
17
 energy: -27.882143286263 gnorm: 0.069526251793 xtb: 6.7.1 (edcfbbe)
O            0.91104448212678        2.02478757388237       -0.20375916456550
S            0.47744975032112        0.90974354808290        0.69606907351266
N            1.34451653437379       -0.50162659899840        0.13487452850287
C            2.65874855507532       -0.73216030967561        0.69385774547015
N            1.01028223514479       -1.20563868835004       -0.97567582486693
C           -0.16436452878741       -1.14206923094978       -1.48191560716597
C           -1.27857719845362       -0.39425248817590       -0.93026931398462
C           -1.14264521382147        0.47702646486382        0.07438894847025
C           -2.31845921230235        1.18060065116831        0.67768922996372
H            2.60862602358000       -0.63016028560641        1.78337440576660
H            3.00100373940129       -1.74224511828350        0.45062593316285
H            3.39213708717186       -0.01037672919050        0.31111357065686
H           -0.34737139092105       -1.72997597198490       -2.36787327583751
H           -2.26328032296106       -0.58387700974834       -1.34090013059658
H           -3.02156886315643        0.45507772719343        1.09992576994119
H           -2.01587908172141        1.87342089044706        1.46698524967708
H           -2.85166259507015        1.75172457532548       -0.08851213810712
17
 energy: -27.886676803098 gnorm: 0.019396284497 xtb: 6.7.1 (edcfbbe)
O            0.90347259176279        2.04124110161137       -0.16583867836244
S            0.48771582731749        0.92927212354644        0.69482468565359
N            1.30110002421929       -0.51645465228962        0.13089708456483
C            2.61874728451520       -0.72321995307124        0.67963095620606
N            1.01195257193926       -1.20804835994433       -0.94616276767105
C           -0.15161507001640       -1.14129273495052       -1.46799403076983
C           -1.26028819624975       -0.40144160488777       -0.94996298317010
C           -1.14026169163160        0.46016829619590        0.06728798114816
C           -2.29659212302230        1.17826192637603        0.68665917628854
H            2.57191834284390       -0.61664333556904        1.76201486456892
H            2.95395936877736       -1.72424963153371        0.42748596445708
H            3.34161348210783       -0.00343568668158        0.28966804495588
H           -0.30701033057347       -1.75383979475566       -2.34417341074952
H           -2.23726055654848       -0.59806460755572       -1.37287492201950
H           -3.00136817463750        0.46650096285713        1.11193842249687
H           -1.96699173498937        1.85813420077954        1.46457585883885
H           -2.82909161581425        1.75311074987278       -0.06797724643634
17
 energy: -27.887228889160 gnorm: 0.007222027187 xtb: 6.7.1 (edcfbbe)
O            0.90115260118820        2.04883269014374       -0.14498484666375
S            0.48304169434314        0.93061265038928        0.69602876138652
N            1.29062333485821       -0.52017190945641        0.13374484513988
C            2.61019979417527       -0.71443745682447        0.68324123156852
N            1.00509959127649       -1.22153111061682       -0.93972622237661
C           -0.15656108030904       -1.15730558527969       -1.47787555352679
C           -1.25957424566791       -0.40278051800239       -0.96732026001167
C           -1.14200174751132        0.45454667129964        0.05608962366755
C           -2.28615177005078        1.17693159267639        0.69065626228196
H            2.56157632748318       -0.60349477571663        1.76557310037196
H            2.94744639960180       -1.71612927666457        0.42838649863601
H            3.32165988484727        0.01230818917823        0.28284983185748
H           -0.29851444312864       -1.77695575745119       -2.35145884758175
H           -2.23387718450873       -0.59416070088084       -1.39800474835644
H           -2.99216188476365        0.47069312976598        1.12649556332390
H           -1.92944133668411        1.84721186753952        1.46890841520399
H           -2.82251593514935        1.76582929990021       -0.05260465492078
17
 energy: -27.887388320003 gnorm: 0.002604144327 xtb: 6.7.1 (edcfbbe)
O            0.89872106528978        2.05390347651852       -0.11720365170761
S            0.47515509582480        0.92364021003354        0.70000443588865
N            1.28363436874190       -0.52514684935814        0.13463089238433
C            2.60670396366620       -0.70760481038648        0.68365517511865
N            0.99804011088360       -1.23317288940503       -0.93677542728385
C           -0.16132951157858       -1.16867680745250       -1.48667244230444
C           -1.26181495536211       -0.40464260077678       -0.98137773010319
C           -1.14609750464376        0.44889682416467        0.04482781235110
C           -2.27815724599739        1.17809641416334        0.69053897679745
H            2.55681245257810       -0.59465105152449        1.76601566917285
H            2.95483070948561       -1.70718169130923        0.42976800824595
H            3.30755851920180        0.02851613497227        0.27980782020946
H           -0.29590844423086       -1.80009513068965       -2.35140701354618
H           -2.23412834273808       -0.58916381361889       -1.42052425894098
H           -2.98568519797531        0.47789352138010        1.13581193635325
H           -1.89933582156408        1.83919881326578        1.46915338796905
H           -2.81899926158158        1.78018925002297       -0.04025459060451
17
 energy: -27.887424634037 gnorm: 0.002205793014 xtb: 6.7.1 (edcfbbe)
O            0.89763638522425        2.05362264464547       -0.09749010686608
S            0.47056987633860        0.91515020740521        0.70662083905970
N            1.28247942371750       -0.52839008155773        0.13450195734065
C            2.60775745201198       -0.70475158162601        0.68097028056779
N            0.99539925983009       -1.23791365665187       -0.93553750271623
C           -0.16369715284998       -1.17461545374621       -1.48573981232157
C           -1.26384447446118       -0.40652198079654       -0.98443931409157
C           -1.14861605526033        0.44646933759651        0.04145342235517
C           -2.27603450646384        1.18062446561233        0.68814058523113
H            2.55791657393208       -0.59319129510005        1.76368235605191
H            2.96224665352872       -1.70184703594964        0.42608631388179
H            3.30323321207651        0.03668182245264        0.27740127021278
H           -0.29618697609789       -1.80688069712717       -2.34923679856388
H           -2.23515763433436       -0.58731618670951       -1.42802689980497
H           -2.98531022132530        0.48361104674642        1.13588188748219
H           -1.89210989747682        1.83961995958072        1.46572119619851
H           -2.81628191838998        1.78564748522539       -0.03999067401732
17
 energy: -27.887478697789 gnorm: 0.002107340524 xtb: 6.7.1 (edcfbbe)
O            0.89557332990438        2.05153570912643       -0.05481689337200
S            0.46197185908866        0.89635364334597        0.72371768048851
N            1.28208298836440       -0.53423264627312        0.13369714705011
C            2.61114727229059       -0.69991915198637        0.67400850040858
N            0.99210032021670       -1.24458672618555       -0.93437898898948
C           -0.16702735061204       -1.18343585298260       -1.48252112272555
C           -1.26745139897396       -0.41088924329017       -0.98716384559797
C           -1.15305242855896        0.44222906049369        0.03750444129271
C           -2.27385544926574        1.18683770000434        0.68179531142701
H            2.56271607387192       -0.59289900453057        1.75754848006811
H            2.97633243180674       -1.69174232656588        0.41504982375893
H            3.29698105385397        0.05117944805100        0.27219383248245
H           -0.29897901260856       -1.81936869956742       -2.34256882637942
H           -2.23654730427459       -0.58493645710155       -1.43900881907558
H           -2.98608546783360        0.49590269327420        1.13429752566961
H           -1.88347776240984        1.84497547145343        1.45593432766792
H           -2.81242915486001        1.79299538273410       -0.04528957417394
17
 energy: -27.887520808590 gnorm: 0.003110123118 xtb: 6.7.1 (edcfbbe)
O            0.89346287584636        2.04821706580742       -0.01427558336387
S            0.45494626618270        0.87894790961682        0.74202496790320
N            1.28263426953813       -0.53944413284243        0.13379952491016
C            2.61539655902317       -0.69627732498783        0.66676631884724
N            0.99037623894400       -1.24961073124174       -0.93292071662725
C           -0.16965228751969       -1.19093260008682       -1.47783837689678
C           -1.27007876892167       -0.41516316926333       -0.98687321200892
C           -1.15640934100511        0.43836795746149        0.03709256100734
C           -2.27398028087079        1.19290443251515        0.67506214174757
H            2.57077966384174       -0.59480202145871        1.75114454450980
H            2.98862917639300       -1.68320685580565        0.40167578028590
H            3.29265724984329        0.06308137201643        0.26624411424023
H           -0.30224104078747       -1.82776323737384       -2.33713194829839
H           -2.23688877900847       -0.58259523073815       -1.44615654444449
H           -2.98892958488273        0.50804234712381        1.13264431035053
H           -1.88053057374678        1.85422310276480        1.44437192892719
H           -2.81017164286960        1.79601011649251       -0.05563081108947
17
 energy: -27.887566512030 gnorm: 0.003268972160 xtb: 6.7.1 (edcfbbe)
O            0.89141493824704        2.04431735985937        0.02313162283141
S            0.44956664950824        0.86380193090653        0.76023044267095
N            1.28362694930283       -0.54406672449523        0.13479874360192
C            2.61991478426018       -0.69391479812211        0.65982757115202
N            0.98989093928320       -1.25283124007067       -0.93162426280336
C           -0.17153609642778       -1.19638220390844       -1.47318056209173
C           -1.27146328534952       -0.41861265876092       -0.98453763651979
C           -1.15850981541999        0.43504728458776        0.03948136330349
C           -2.27568609734234        1.19836996113585        0.66833096284813
H            2.58081108827479       -0.59867518085485        1.74502148658027
H            2.99878622158656       -1.67644504755805        0.38707662998541
H            3.28955467298482        0.07246490196665        0.26016226926531
H           -0.30595906359400       -1.83354408709072       -2.33250419147529
H           -2.23613828028987       -0.57976369729945       -1.44999007909257
H           -2.99183499788803        0.51919113722671        1.13241981774606
H           -1.88213872761298        1.86708618141182        1.43105947825056
H           -2.81029987952303        1.79395588106567       -0.06970465625279
17
 energy: -27.887634801424 gnorm: 0.003022465983 xtb: 6.7.1 (edcfbbe)
O            0.88860055525339        2.03891194131482        0.07729490779868
S            0.44266028394173        0.84319906200992        0.78679719277716
N            1.28476047043534       -0.55121118638947        0.13765269757865
C            2.62675326737232       -0.69143199169233        0.64997898004060
N            0.98945518385975       -1.25703220145890       -0.92950137939694
C           -0.17421397320373       -1.20359412943340       -1.46673576865098
C           -1.27254549454666       -0.42261138672752       -0.98016094907246
C           -1.16062490898555        0.43031338689619        0.04492598580200
C           -2.27903502552527        1.20569020457980        0.65831555077878
H            2.59716159597986       -0.60620229886594        1.73636667705411
H            3.01291198712115       -1.66762653689271        0.36445833355134
H            3.28498076538550        0.08528730215020        0.25105894818262
H           -0.31127823848825       -1.84019489665179       -2.32686707980728
H           -2.23443318479696       -0.57397873432245       -1.45391700105433
H           -2.99477973209908        0.53498399373468        1.13541025137994
H           -1.88691784614822        1.89025229836716        1.40826454652675
H           -2.81345570555519        1.78524417338166       -0.09334289348863
17
 energy: -27.887731231647 gnorm: 0.004593746704 xtb: 6.7.1 (edcfbbe)
O            0.88372818314296        2.02904900949535        0.17720533906577
S            0.42986902047583        0.80585743307691        0.83476701168858
N            1.28516263173493       -0.56591817685004        0.14460979101166
C            2.63862611578573       -0.68700726809499        0.63247526736137
N            0.98758958728983       -1.26536608720288       -0.92499831583716
C           -0.17944075959019       -1.21663392676947       -1.45621352994360
C           -1.27413790831753       -0.42867847325661       -0.97337990297378
C           -1.16421895984797        0.42162404447428        0.05446251633800
C           -2.28421416404524        1.21859828570735        0.63982858731463
H            2.62706492641174       -0.62097973790554        1.72090071432243
H            3.03920377992453       -1.65074810674695        0.32248606421393
H            3.27421583613084        0.11004423845309        0.23491266814370
H           -0.31973041839682       -1.85244368443620       -2.31726995981148
H           -2.23139542179268       -0.56168816982803       -1.46176678651877
H           -2.99642767898932        0.56398794911767        1.14533956757445
H           -1.89391529034432        1.93512525268793        1.36266129208392
H           -2.82197947957212        1.76517641807804       -0.13602132403365
17
 energy: -27.887787936873 gnorm: 0.007762960578 xtb: 6.7.1 (edcfbbe)
O            0.87728665959802        2.01201158700076        0.29778618922581
S            0.41362524012480        0.75934477823311        0.89273274394178
N            1.28369005243696       -0.58635186173171        0.15590966032797
C            2.65213485416161       -0.68076100621623        0.61156162270835
N            0.98391277456484       -1.27656412130723       -0.91760474328761
C           -0.18614178892766       -1.23243807999482       -1.44354350643292
C           -1.27581418481588       -0.43486766438182       -0.96600133273332
C           -1.16868861359785        0.41118870697324        0.06578991965634
C           -2.28905962787991        1.23420113761301        0.61694635853807
H            2.66454148037502       -0.63970913496531        1.70186891915040
H            3.07152936950219       -1.62704999799849        0.26954303480923
H            3.25697067207977        0.14275848355443        0.21635677535470
H           -0.32800775245404       -1.86611017230178       -2.30631065213445
H           -2.22726504046092       -0.54448235928705       -1.47236289674709
H           -2.99545799817346        0.60097622322764        1.15927183799601
H           -1.90000855377418        1.98932807417739        1.30348925208475
H           -2.83324754275908        1.73852440740474       -0.18543418245799
17
 energy: -27.887847745255 gnorm: 0.003985691221 xtb: 6.7.1 (edcfbbe)
O            0.87573648761695        2.00420878470212        0.30927716941572
S            0.41136404697326        0.75342443350773        0.89836459816021
N            1.28188386064458       -0.59101657039772        0.16035387244765
C            2.65255764916865       -0.67919065420777        0.60972471262198
N            0.98247794952433       -1.27845753843211       -0.91491736627573
C           -0.18699340955787       -1.23361611453838       -1.44236296978846
C           -1.27527372003990       -0.43402181047178       -0.96551175948554
C           -1.16895838603437        0.41023967539325        0.06772317020585
C           -2.28834828084422        1.23558083078847        0.61400491062069
H            2.67058646642628       -0.64258517359988        1.69930761647129
H            3.07422333457325       -1.62100789904731        0.26128331822669
H            3.25063103121905        0.14848820620707        0.21560718702431
H           -0.32722723743171       -1.86623414756624       -2.30574097752212
H           -2.22575864271796       -0.54027652756880       -1.47336268232619
H           -2.99324734858195        0.60715570343625        1.16142411936556
H           -1.89903672291699        1.99408731913780        1.29341040049247
H           -2.83461707802113        1.73322048265718       -0.18858631965439
17
 energy: -27.887936754889 gnorm: 0.002888778875 xtb: 6.7.1 (edcfbbe)
O            0.87134052372734        1.98883719721485        0.38827983652967
S            0.39745215998952        0.72008823797809        0.93023328282954
N            1.27827824650072       -0.60735872612850        0.16946129257977
C            2.65639892818254       -0.67230724046872        0.59841380946950
N            0.97821049734857       -1.28778927914407       -0.91048433492559
C           -0.19144724516391       -1.24477497352353       -1.43776733003185
C           -1.27657102449842       -0.43728971148624       -0.96583180359705
C           -1.17286531010732        0.40355720732621        0.06998058294395
C           -2.28592290332770        1.24483480301436        0.60045570943508
H            2.68979570297638       -0.65266270403536        1.68729974489538
H            3.09240034037391       -1.59830202679777        0.22754132413950
H            3.22875412735148        0.17541991448990        0.20964844978067
H           -0.32951871435555       -1.87817659109969       -2.30008987554184
H           -2.22239514649445       -0.52795466224899       -1.48518155693749
H           -2.98338996880039        0.63515907764120        1.17893937177457
H           -1.88789886757370        2.02483339664734        1.24897492077833
H           -2.84262134612875        1.71388508062077       -0.20987442412212
17
 energy: -27.888022934645 gnorm: 0.007439359645 xtb: 6.7.1 (edcfbbe)
O            0.86105416418943        1.95546126729958        0.52313078524382
S            0.37128142229364        0.65843459433953        0.98558274956816
N            1.27102234362250       -0.63718359309489        0.18500945142643
C            2.66149877798688       -0.65994964134668        0.57930286552683
N            0.97130920707325       -1.30405899404548       -0.90407242648385
C           -0.19853615145260       -1.26371133176522       -1.42967295716416
C           -1.27988085278312       -0.44589836879467       -0.96578603546517
C           -1.18018091200066        0.39001863793855        0.07356068292310
C           -2.27970351216745        1.26318703405925        0.57794446075706
H            2.71937976893354       -0.67487776079764        1.66810380108121
H            3.12787976601079       -1.55546501216202        0.16673465961447
H            3.18757395995222        0.22621854017730        0.20534678016848
H           -0.33199351071952       -1.89223452111989       -2.29473879051465
H           -2.21672577985276       -0.50869712657918       -1.50777183124425
H           -2.95710416514479        0.68739137757157        1.21984645862045
H           -1.86449694372521        2.08674118924586        1.16524451963524
H           -2.86237758221578        1.67462270907386       -0.24776617369314
17
 energy: -27.888112472807 gnorm: 0.006678380476 xtb: 6.7.1 (edcfbbe)
O            0.85697309478356        1.94264263083510        0.53309334609361
S            0.36276966448859        0.64530914490367        0.98179527252794
N            1.26707088349137       -0.64359489262334        0.18586480256711
C            2.65356819947296       -0.65467446206858        0.58144964223720
N            0.96966988801971       -1.30747394391117       -0.90741585235619
C           -0.19840908551137       -1.26594364959783       -1.43447001249729
C           -1.28161348592501       -0.44834081740695       -0.97289686230841
C           -1.18216228745543        0.38725269036731        0.06594955228903
C           -2.26940912324171        1.26608953470077        0.57930982581305
H            2.70989859804938       -0.67693188428536        1.66890083564343
H            3.12909446078107       -1.53934117253634        0.16344645135902
H            3.16902478067857        0.23917912272322        0.21966001723365
H           -0.32799135496377       -1.89202074386005       -2.30073412770994
H           -2.21593380465682       -0.51045881638622       -1.51713159445170
H           -2.93149463253830        0.70058624048150        1.24343542975872
H           -1.83959931983113        2.09291248053130        1.14509994019575
H           -2.87145647564133        1.66480753813278       -0.23535766639496
17
 energy: -27.888200776697 gnorm: 0.006648500105 xtb: 6.7.1 (edcfbbe)
O            0.84968290581176        1.91727472369882        0.60908974831993
S            0.34749051183156        0.60684011435956        1.01462416761764
N            1.26300311696804       -0.66079137022765        0.19291516959565
C            2.65552280200721       -0.64661085642097        0.57116141685451
N            0.96697085213144       -1.31569421393130       -0.90584186929999
C           -0.20206257555040       -1.27565339345203       -1.43058051058453
C           -1.28348395778627       -0.45176952528595       -0.97464193458030
C           -1.18513497824647        0.38020622521788        0.06719879024671
C           -2.26465439541526        1.27768370232018        0.56643063223867
H            2.72614794481750       -0.69201072498343        1.65899196670037
H            3.14929282763046       -1.51063636179317        0.12838754559828
H            3.14448960209514        0.26844663711757        0.22217150348022
H           -0.33145654253429       -1.89976694558877       -2.29884873518737
H           -2.21222478942705       -0.50232851047877       -1.52939531678475
H           -2.90713648617172        0.73456149371266        1.26882836580238
H           -1.82782684429159        2.12949999910807        1.09067997228788
H           -2.88861999386965        1.64074800662711       -0.25117191230531
17
 energy: -27.888306375181 gnorm: 0.005012171891 xtb: 6.7.1 (edcfbbe)
O            0.84034243067115        1.88821369583407        0.67436114683405
S            0.33534267401571        0.57043487966350        1.04784313459812
N            1.26158827290717       -0.67354677036078        0.19489482475148
C            2.65842722526270       -0.63946714184150        0.56203700291292
N            0.96707384904151       -1.32074682381447       -0.90623509230998
C           -0.20487804542952       -1.28271775291004       -1.42591702665196
C           -1.28491486503011       -0.45542113524641       -0.97352372178718
C           -1.18590003930162        0.37313480546106        0.07165921638464
C           -2.26227947783930        1.28725035252188        0.55495066479104
H            2.74142343309110       -0.70781313362770        1.65009932719216
H            3.16628842911669       -1.48291387618609        0.09684790974167
H            3.12635343071399        0.29150886299183        0.22860305877477
H           -0.33861332695823       -1.90388620530554       -2.29842111858556
H           -2.20757809701760       -0.49468165606534       -1.54116893713351
H           -2.87972407762645        0.77059466914786        1.29342100268765
H           -1.82441369145400        2.16498516585795        1.03204595498059
H           -2.90853812416275        1.61507106387953       -0.26149834718088
17
 energy: -27.888364967221 gnorm: 0.008606131874 xtb: 6.7.1 (edcfbbe)
O            0.83331250533647        1.86908823320375        0.72679417846463
S            0.32326356578583        0.54220772675216        1.06689697831041
N            1.26031408512063       -0.68121664152521        0.19303957315642
C            2.65584089280163       -0.63345688139285        0.55734104421718
N            0.96665946363895       -1.32421257634445       -0.90926641060533
C           -0.20655827294296       -1.28837406161364       -1.42641983705642
C           -1.28615458280740       -0.46040184167973       -0.97541349444225
C           -1.18796069564080        0.36715142255350        0.07044774820905
C           -2.25667114409863        1.29224399304219        0.54826980346913
H            2.74196277331230       -0.71981646550875        1.64307227118848
H            3.17479718042879       -1.45917542743818        0.07361442490442
H            3.10682593645516        0.31220534322286        0.24260417724153
H           -0.34129413572265       -1.90729824916417       -2.30116758699154
H           -2.20282486982514       -0.49111264572121       -1.55252045643864
H           -2.85134757973496        0.80364833019563        1.33045844534291
H           -1.80436624633023        2.19292925628886        0.97717869863340
H           -2.92579887577655        1.58558948512902       -0.26493055760334
17
 energy: -27.888403524616 gnorm: 0.009093321652 xtb: 6.7.1 (edcfbbe)
O            0.83251536865109        1.86823371558290        0.71826955114505
S            0.32287249646533        0.54319254977417        1.05656091134939
N            1.26452522486263       -0.66767870215317        0.17447898088680
C            2.64824577082769       -0.63378325071110        0.56389991211412
N            0.97031528123285       -1.31814115371800       -0.91907377860220
C           -0.20505421252118       -1.28530795351395       -1.43327303264654
C           -1.28569190715290       -0.46236492739774       -0.97831175049234
C           -1.18643333358253        0.36891158395624        0.06474718661599
C           -2.25299720783789        1.28640489441526        0.55362105255658
H            2.71690036974191       -0.72867536913623        1.64525202768990
H            3.16514304005212       -1.45214685424872        0.07601324991864
H            3.10566005348681        0.31237006901944        0.27308686812761
H           -0.34643193029236       -1.90715419849567       -2.30683541017519
H           -2.19864373523828       -0.49989459401791       -1.55263215986486
H           -2.82383338580730        0.82399693316781        1.36101170126450
H           -1.78822988903170        2.18918086137612        0.94558049469943
H           -2.93886200385586        1.56285539610037       -0.24239680458686
17
 energy: -27.888547820476 gnorm: 0.006298716359 xtb: 6.7.1 (edcfbbe)
O            0.82776273819992        1.85074031070769        0.76491239151701
S            0.31247736667774        0.51980931267512        1.07481261020192
N            1.26152767352324       -0.67778283802857        0.18074740205613
C            2.65066161003870       -0.62873848334658        0.55789563576121
N            0.96635888204702       -1.32554193307868       -0.91519896138789
C           -0.20861605850534       -1.29323123293907       -1.42927397386176
C           -1.28740046015689       -0.46590940768604       -0.97572948812308
C           -1.18968671656487        0.36338977819255        0.06906254508605
C           -2.24977954387051        1.29545335653302        0.54547204344728
H            2.72961353285093       -0.75030618137440        1.63965494182211
H            3.18293525074086       -1.42979561300383        0.04535805625399
H            3.08811140123560        0.33652725769835        0.28074507470966
H           -0.34799698508997       -1.91132857257269       -2.30437367587916
H           -2.19646101503185       -0.48655191855227       -1.56277135111855
H           -2.80286055353069        0.85068206461296        1.37690954246596
H           -1.78359860029675        2.21434229977307        0.90436662636955
H           -2.95304852226669        1.53824080038919       -0.25259041932041
17
 energy: -27.888638458111 gnorm: 0.002782122280 xtb: 6.7.1 (edcfbbe)
O            0.82652361939250        1.85643902527179        0.76698573604839
S            0.31379308090553        0.52412447344408        1.07384006505885
N            1.26249682738185       -0.67393868331985        0.18015061798435
C            2.65338534460600       -0.63163687064342        0.55853225921622
N            0.96643966320769       -1.32236869591483       -0.91642307198152
C           -0.20825120042483       -1.29067357279968       -1.43120605598802
C           -1.28722737811265       -0.46352632665841       -0.97631587028231
C           -1.19133614615144        0.36297311995951        0.07058344004864
C           -2.25225950886848        1.29536470117922        0.54420119611504
H            2.73414444080884       -0.75926457596027        1.63880095548156
H            3.18189984465417       -1.43249883728885        0.04580372130978
H            3.09790030850900        0.32971320163159        0.28435797142451
H           -0.34504388385032       -1.90888143946029       -2.30498330318953
H           -2.19989088501401       -0.48742184493066       -1.55816664768053
H           -2.79813242572303        0.85500608699483        1.38080700463242
H           -1.79242361575894        2.22020232905086        0.89157098831455
H           -2.96201808556143        1.52638690944417       -0.24854000651238
17
 energy: -27.888718348756 gnorm: 0.001854069014 xtb: 6.7.1 (edcfbbe)
O            0.82407559135265        1.86703788239286        0.76834877378435
S            0.31663198401457        0.53284342616662        1.07297214703002
N            1.26404270091697       -0.66597027506200        0.17941287768538
C            2.65678624490719       -0.63750585597794        0.55989302158101
N            0.96730992370535       -1.31598984814869       -0.91760215342979
C           -0.20674581220141       -1.28572815253979       -1.43362905333508
C           -1.28625552072822       -0.45986003758212       -0.97678847102335
C           -1.19276318090795        0.36341255626818        0.07250093683513
C           -2.25665400065895        1.29372749694597        0.54294677863602
H            2.73707413031754       -0.77578939291092        1.63849353520288
H            3.17736894617320       -1.43940623825893        0.04335386661314
H            3.11105687303946        0.31961817783858        0.29209731839318
H           -0.33899405637759       -1.90354629305582       -2.30673640592473
H           -2.20299922536236       -0.48650283681100       -1.55282131131560
H           -2.78394789660238        0.86383611798099        1.39610020858401
H           -1.80465112696348        2.23128821659668        0.86350506936535
H           -2.98133557462415        1.49853405615714       -0.24204813868189
17
 energy: -27.888802979624 gnorm: 0.004491359602 xtb: 6.7.1 (edcfbbe)
O            0.81953859011367        1.88267338950878        0.76533085509379
S            0.32093100232789        0.54647220447745        1.07116987872474
N            1.26604409334746       -0.65290470771749        0.17779693521353
C            2.65958541582215       -0.64746113504656        0.56368406752750
N            0.96971233904383       -1.30565103077567       -0.91911131224525
C           -0.20295951898475       -1.27662604683060       -1.43805103607269
C           -1.28366421321648       -0.45384192009613       -0.97904704402351
C           -1.19330849438341        0.36557039223523        0.07326747020100
C           -2.26262239446321        1.28966905278362        0.54284345977957
H            2.73583460480301       -0.80283368440749        1.64030632618312
H            3.16784598426694       -1.45085872535985        0.03766249279525
H            3.12789344794908        0.30554144106318        0.30863828090516
H           -0.32952057855546       -1.89461843980040       -2.31103110407571
H           -2.20419108446963       -0.48285235312853       -1.54943233515058
H           -2.74971499611753        0.88223422816161        1.43285903516016
H           -1.82219709938458        2.25164317885003        0.80947033514619
H           -3.01920709809856        1.44384315608263       -0.22635730516221
17
 energy: -27.888853929631 gnorm: 0.004064424668 xtb: 6.7.1 (edcfbbe)
O            0.81780993604319        1.88639118018381        0.75849250581148
S            0.32197936197655        0.55044112452673        1.06899797027599
N            1.26645515078122       -0.64898306440652        0.17650979527652
C            2.65837617720813       -0.65059329865304        0.56633802111818
N            0.97103607974977       -1.30304739000692       -0.91955047719138
C           -0.20095254007530       -1.27318899805998       -1.44007731180322
C           -1.28234865051844       -0.45179919849639       -0.98127150974530
C           -1.19279272207413        0.36657725956601        0.07200066293283
C           -2.26328470198812        1.28736517693227        0.54451329161796
H            2.73076288049441       -0.81100810129060        1.64263577008487
H            3.16435075245098       -1.45367368437878        0.03632127812470
H            3.13015990521761        0.30261199619502        0.31712913266457
H           -0.32717718362645       -1.89155716715698       -2.31353659721035
H           -2.20226833626120       -0.48082530798502       -1.55227892305081
H           -2.73147153255362        0.89152156219624        1.45029307111241
H           -1.82698374174873        2.25733851345070        0.78845334086958
H           -3.03365083507546        1.42242839738325       -0.21497102088799
17
 energy: -27.888947964373 gnorm: 0.005391761937 xtb: 6.7.1 (edcfbbe)
O            0.81466152277619        1.89365085671961        0.73385559652825
S            0.32427564038182        0.55941412549897        1.06010275206774
N            1.26729629052179       -0.64055089397051        0.17145061708245
C            2.65336110326323       -0.65785724987186        0.57513912302202
N            0.97418841272929       -1.29781294105247       -0.92220770660464
C           -0.19603914049675       -1.26398098755295       -1.44681447198806
C           -1.27961457453641       -0.44642936478378       -0.98822007502752
C           -1.19188543861234        0.36841177042911        0.06819547786675
C           -2.26342698851991        1.28159137370377        0.55066008637446
H            2.71397414727513       -0.83160180094710        1.65060190335641
H            3.15853488245386       -1.45745210267591        0.03653305482972
H            3.13301707726032        0.29723515843974        0.34340673139192
H           -0.32335927995388       -1.88251683983545       -2.32179275152240
H           -2.19759361545281       -0.47681504309104       -1.56142919405605
H           -2.67885106062819        0.91651351363851        1.49682089701194
H           -1.83776109770167        2.27142823689882        0.73354917093206
H           -3.07077788075925        1.36677118845236       -0.17985221126500
17
 energy: -27.888999623533 gnorm: 0.003529153627 xtb: 6.7.1 (edcfbbe)
O            0.81531985845926        1.89448704345304        0.71779285572525
S            0.32528992412584        0.56210338663776        1.05400207351290
N            1.26759049678495       -0.63905538485025        0.16829668318831
C            2.65005976867030       -0.65930861174314        0.57941935702673
N            0.97517509615501       -1.29752698186919       -0.92412215668888
C           -0.19456167417460       -1.26120876767963       -1.44972286047438
C           -1.27908023605678       -0.44503658911017       -0.99106744967969
C           -1.19156209221773        0.36824862779041        0.06663364021507
C           -2.26204307156439        1.27945750387753        0.55445983174333
H            2.70428691523302       -0.83763259427674        1.65467368714036
H            3.15925504744186       -1.45576732650720        0.03885845620501
H            3.13024997349948        0.29807983908476        0.35570834932822
H           -0.32402497777734       -1.87931593648828       -2.32547966618240
H           -2.19616038215577       -0.47733323084545       -1.56528376137230
H           -2.66048451235348        0.92521410825068        1.50903094599801
H           -1.84083794727921        2.27177809920284        0.72026062145532
H           -3.07847218679003        1.35281581507282       -0.16346160714079
17
 energy: -27.889045694441 gnorm: 0.004691630391 xtb: 6.7.1 (edcfbbe)
O            0.81823379628497        1.90068110613773        0.69070512742143
S            0.32871559659802        0.57122715645520        1.04172857119269
N            1.26847916243756       -0.63416647340755        0.16254270173133
C            2.64598035027652       -0.66474389233964        0.58824589510649
N            0.97663702498944       -1.29464921066050       -0.92872820976301
C           -0.19188485259187       -1.25399675268703       -1.45673497606143
C           -1.27802133261198       -0.44011685520324       -0.99656256109431
C           -1.19148212164500        0.36938897982990        0.06399576401288
C           -2.26231732192711        1.27535836906681        0.56059406862226
H            2.68966023801860       -0.85591171358985        1.66203059312833
H            3.15985942788382       -1.45573657478980        0.04466499285968
H            3.13187321807630        0.29387119415238        0.38095795148724
H           -0.32254416597996       -1.86999521890122       -2.33376783847466
H           -2.19577617119782       -0.47676302182878       -1.56945367765957
H           -2.61852501569250        0.94275008749085        1.54024428716318
H           -1.85326536238248        2.28128536572972        0.68050473384988
H           -3.10562247053614        1.31151645454481       -0.13096842352234
17
 energy: -27.889090693866 gnorm: 0.002397039836 xtb: 6.7.1 (edcfbbe)
O            0.82529448081842        1.90575411797042        0.66828793051297
S            0.33257279547194        0.57978491993154        1.03034553210455
N            1.26902103039187       -0.63266323489722        0.15859754521778
C            2.64366444324885       -0.66793492625717        0.59470120821888
N            0.97673816627492       -1.29353683077735       -0.93299270513138
C           -0.19107840972205       -1.24964979548228       -1.46202130618998
C           -1.27803543263372       -0.43659703569948       -0.99952079494561
C           -1.19149755951792        0.37056636454815        0.06244631531385
C           -2.26303906559544        1.27314256952125        0.56486872770280
H            2.68031647542031       -0.86897846793116        1.66669845231261
H            3.16347611371480       -1.45382765003706        0.05148118734373
H            3.13197854831472        0.29100210923003        0.39907341593715
H           -0.32211090355245       -1.86323455938821       -2.33948724618997
H           -2.19852325970786       -0.47897228169805       -1.56819140364964
H           -2.59540848907486        0.95037886378253        1.55204630366403
H           -1.86533367665912        2.28402072489080        0.66253035024289
H           -3.11803525719204        1.29074411229306       -0.10886451246458
17
 energy: -27.889109666819 gnorm: 0.003544568725 xtb: 6.7.1 (edcfbbe)
O            0.83091381445638        1.91481629540411        0.64525207732659
S            0.33718389217199        0.59239103565775        1.01962840054285
N            1.26942110194886       -0.62821354177550        0.15591584046444
C            2.64135310467321       -0.67384712348262        0.60181409305322
N            0.97797143637091       -1.28937248954795       -0.93636748852128
C           -0.18842073928527       -1.24273176849010       -1.46811881775712
C           -1.27668692200497       -0.43184054442773       -1.00353897954423
C           -1.19071965406870        0.37337824463517        0.05965754674699
C           -2.26494961618043        1.26939521664914        0.56871003795179
H            2.66970648419042       -0.88890419946900        1.67159083919831
H            3.16231902231712       -1.45534898628429        0.05393684044735
H            3.13425233036056        0.28519052444353        0.42103040990241
H           -0.31789273520160       -1.85511918245316       -2.34594352979327
H           -2.20021903026918       -0.48004756889790       -1.56717818509726
H           -2.56221715923737        0.96443422107059        1.57522486598485
H           -1.88207257995364        2.29065207085846        0.63038778116547
H           -3.13994275028793        1.25516679610929       -0.08200273207101
17
 energy: -27.889132324652 gnorm: 0.002086636069 xtb: 6.7.1 (edcfbbe)
O            0.83473834054959        1.92010880948439        0.63747930426002
S            0.33982918670494        0.59994058874864        1.01659289281249
N            1.26904351095262       -0.62707895493542        0.15761057438329
C            2.64130701193783       -0.67669439237566        0.60349374584104
N            0.97840763443441       -1.28669998752178       -0.93629377392641
C           -0.18730491398207       -1.24003917665246       -1.46942759323577
C           -1.27607964591575       -0.43063514481937       -1.00354347306833
C           -1.18975517301918        0.37577826587111        0.05860557980805
C           -2.26649815092571        1.26813331240782        0.56895891979123
H            2.66835826436110       -0.89848641030383        1.67167322084150
H            3.16028622254012       -1.45651124931326        0.05129824203332
H            3.13487113371573        0.28213631883173        0.42819700763126
H           -0.31426259261733       -1.85219566847047       -2.34745366476110
H           -2.20171285169328       -0.48138873890884       -1.56353508399893
H           -2.55545597018812        0.96803668274230        1.57829483152078
H           -1.89173746640072        2.29127762646852        0.62307519158106
H           -3.14403454045380        1.24431711874636       -0.07502692151342
17
 energy: -27.889148876299 gnorm: 0.001739846174 xtb: 6.7.1 (edcfbbe)
O            0.84015010561510        1.92899507282145        0.61746356273079
S            0.34462295297008        0.61328572907675        1.00957446084315
N            1.26870708349020       -0.62429924482942        0.15947858474726
C            2.64004117374502       -0.68294749425681        0.60829267258460
N            0.97980686363605       -1.28141077965609       -0.93658307157889
C           -0.18476987299721       -1.23357250567815       -1.47223921816032
C           -1.27490507055680       -0.42794829662558       -1.00404789858591
C           -1.18796453129476        0.38015661353330        0.05687611159477
C           -2.26865176417825        1.26525378723582        0.57122720764686
H            2.66354721401900       -0.91844716313022        1.67361776818673
H            3.15679125363666       -1.45805310499195        0.04685612736612
H            3.13650522497906        0.27647670043787        0.44596266064578
H           -0.30881442839959       -1.84445130900372       -2.35179646970122
H           -2.20280218539912       -0.48259886509376       -1.55966251008620
H           -2.53511241613676        0.97868021952303        1.59030957344598
H           -1.90999262486899        2.29551934972306        0.60084821499117
H           -3.15715897825932        1.21536029091425       -0.05617877667057
17
 energy: -27.889156085786 gnorm: 0.000989335335 xtb: 6.7.1 (edcfbbe)
O            0.84258357809972        1.93399921273709        0.59974211913299
S            0.34763254600762        0.62237114760554        1.00451163327651
N            1.26832612472797       -0.62348549451437        0.16227481582922
C            2.63882259422291       -0.68782663481316        0.61189653873755
N            0.98134618746831       -1.27728997035600       -0.93586287810444
C           -0.18270943934170       -1.22848818529693       -1.47297567686853
C           -1.27407485143952       -0.42651756093025       -1.00354423952654
C           -1.18658744183547        0.38392002399857        0.05602448530498
C           -2.27040311208201        1.26324759320028        0.57291570588802
H            2.66197636306522       -0.93325495805942        1.67474033316255
H            3.15453366488186       -1.45769966977951        0.04201736160173
H            3.13696114561995        0.27267472367087        0.45892008549841
H           -0.30560004175134       -1.83779397760341       -2.35457712191005
H           -2.20271985609329       -0.48390296012138       -1.55715865334194
H           -2.52357240811567        0.98677983174698        1.59715280133116
H           -1.92314652954889        2.29623031665358        0.58774594166619
H           -3.16336852388530        1.19703556186131       -0.04382425167770
17
 energy: -27.889153820647 gnorm: 0.002191154064 xtb: 6.7.1 (edcfbbe)
O            0.84569009938467        1.93990805540742        0.57660741074751
S            0.35142420900945        0.63210472162784        0.99558505185547
N            1.26875402123011       -0.62110149466158        0.16130060250249
C            2.63663980489580       -0.69295876127208        0.61780536576573
N            0.98290562937324       -1.27390563933865       -0.93785350282899
C           -0.18026703490424       -1.22239491160774       -1.47664432073413
C           -1.27294681103601       -0.42325280255253       -1.00537351027270
C           -1.18586037119833        0.38602345800498        0.05519763743891
C           -2.27172441434632        1.26027511004760        0.57660815627858
H            2.65469933511977       -0.94960781816416        1.67846064076998
H            3.15410009202459       -1.45767429570130        0.04287558763817
H            3.13753880101036        0.26831026925256        0.47668278700952
H           -0.30315360346928       -1.82956862350302       -2.35967572973918
H           -2.20297141276362       -0.48478100153833       -1.55645188516687
H           -2.50057138199226        0.99849413790066        1.61264970739117
H           -1.93733236953058        2.29958931985864        0.56517029187391
H           -3.17692459280700        1.17053927623949       -0.02294529052945
17
 energy: -27.889159482667 gnorm: 0.000988756522 xtb: 6.7.1 (edcfbbe)
O            0.84433683674355        1.93770893320794        0.58004800843342
S            0.35057695506912        0.62904296515970        0.99689045010017
N            1.26892888225424       -0.62192009464489        0.16080222507261
C            2.63695975316646       -0.69139087798772        0.61669530889411
N            0.98256371636493       -1.27544353184483       -0.93784599996881
C           -0.18086310480205       -1.22395519198763       -1.47594655360995
C           -1.27317744256198       -0.42385598807793       -1.00499417172994
C           -1.18632406151959        0.38456917996865        0.05619530958061
C           -2.27103564481438        1.26094781038655        0.57648667850123
H            2.65565487993596       -0.94439155886457        1.67804102215869
H            3.15517564872298       -1.45741841098467        0.04454812711191
H            3.13693592835348        0.26963464162378        0.47212840014283
H           -0.30465040299788       -1.83113119391348       -2.35869522674593
H           -2.20256528157524       -0.48425068386792       -1.55729777208173
H           -2.50675951367198        0.99533006958893        1.60866550913217
H           -1.93292314838025        2.29827709914033        0.57188460540967
H           -3.17283400028702        1.17824583309756       -0.02760692040095
17
 energy: -27.889159613539 gnorm: 0.000543196490 xtb: 6.7.1 (edcfbbe)
O            0.84184558873779        1.93481409657074        0.59005014322020
S            0.34894106429887        0.62423223941221        1.00057356342775
N            1.26892141597367       -0.62255939552954        0.16051178398107
C            2.63779803448812       -0.68878748314144        0.61416669054028
N            0.98190361445230       -1.27727348875116       -0.93744175802256
C           -0.18189833828204       -1.22671599755483       -1.47461794350591
C           -1.27341381133394       -0.42479539591069       -1.00455902206320
C           -1.18673940956880        0.38275770913393        0.05714139229248
C           -2.27020386716076        1.26200130729690        0.57502537609954
H            2.65809521388405       -0.93605107871194        1.67664079352748
H            3.15558035161403       -1.45776688114614        0.04540578337279
H            3.13676944954377        0.27162418018189        0.46390346747258
H           -0.30640250751692       -1.83499811146357       -2.35637020837260
H           -2.20222836021808       -0.48355744802253       -1.55803162151871
H           -2.51662838980457        0.99047547683316        1.60225832712499
H           -1.92571823685461        2.29594145935273        0.58188018435102
H           -3.16662181225255        1.19065781145008       -0.03653795192709
