15
 energy: -20.618350642482 gnorm: 0.053960281251 xtb: 6.7.1 (edcfbbe)
C            2.46563000000000       -0.59525800000000        0.18644500000000
C            1.06484900000000       -0.08632100000000        0.12016100000000
N           -0.02566300000000       -0.87532900000000        0.17571600000000
N           -1.08007700000000       -0.09093600000000        0.02109800000000
C           -2.45100800000000       -0.57736600000000       -0.04551600000000
C           -0.68598700000000        1.18227900000000       -0.16949200000000
C            0.69091300000000        1.22479000000000       -0.11177000000000
H            3.12263000000000        0.15918500000000        0.66819500000000
H            2.83392900000000       -0.79961000000000       -0.84028400000000
H            2.50056500000000       -1.53260700000000        0.78033500000000
H           -2.73501000000000       -0.74321800000000       -1.10567200000000
H           -2.54211800000000       -1.53440100000000        0.51051300000000
H           -3.14164500000000        0.16499800000000        0.40807800000000
H           -1.34909600000000        2.01725300000000       -0.35609200000000
H            1.33208900000000        2.08654100000000       -0.24171500000000
15
 energy: -20.622531880098 gnorm: 0.018097706241 xtb: 6.7.1 (edcfbbe)
C            2.44737643023836       -0.61263320051642        0.19264582923720
C            1.05713865774675       -0.08855784592345        0.09823614074445
N           -0.02125114457207       -0.86819198458731        0.17514046148902
N           -1.07287878489603       -0.07363499297457        0.00770518785651
C           -2.42269012585429       -0.57431835017820       -0.04563388977428
C           -0.69929492892232        1.20476927237470       -0.18032976377734
C            0.67607957876348        1.23791419453098       -0.12404886520927
H            3.09761457997938        0.12971186779694        0.66106546823702
H            2.83579257625635       -0.82022494852334       -0.80821662828424
H            2.48266593097581       -1.53700870601350        0.77145199713766
H           -2.72431374281294       -0.75144924988214       -1.08445057064085
H           -2.48350741796347       -1.51619324859065        0.50543683703330
H           -3.10258115183446        0.15473189586123        0.40433049508600
H           -1.38256141171682        2.01927439501877       -0.34380236585891
H            1.31241195461227        2.09581090160695       -0.22953033327628
15
 energy: -20.623179603570 gnorm: 0.006823690556 xtb: 6.7.1 (edcfbbe)
C            2.43730283560217       -0.62077696568019        0.19730284096537
C            1.05475416298487       -0.08460678321867        0.08333164527729
N           -0.01771129490262       -0.85859256427756        0.15328561912288
N           -1.06904811969047       -0.05903575982110       -0.00588664612105
C           -2.40656517478569       -0.57528819025996       -0.04155802784338
C           -0.70040392108507        1.22218531313415       -0.18860368064449
C            0.67446167683280        1.25050405355607       -0.13466074774224
H            3.08413826465526        0.10995363983992        0.67589001016289
H            2.83664662093930       -0.83094988300432       -0.79461412260378
H            2.44156358632924       -1.54284352117448        0.76932688609112
H           -2.72258387665450       -0.75868443195240       -1.07128157752982
H           -2.43507157170076       -1.51507693450113        0.50573564583430
H           -3.08851570608999        0.13866595341876        0.41675909679560
H           -1.40157532897999        2.01984464155789       -0.33592933134774
H            1.31260884654546        2.10470143238303       -0.22909761041694
15
 energy: -20.623330818206 gnorm: 0.004319632655 xtb: 6.7.1 (edcfbbe)
C            2.43245803202239       -0.62498700607751        0.19837842663674
C            1.05443013361341       -0.07830014629589        0.07380872080221
N           -0.01767728316559       -0.84892776269651        0.14307617375477
N           -1.06886489056510       -0.04865892380902       -0.01603656454464
C           -2.40070887466206       -0.57772132203688       -0.03946405210477
C           -0.69802553247884        1.23376556340226       -0.19438190795797
C            0.67619683636876        1.26085135119501       -0.13907343719809
H            3.08068742856722        0.09576769111590        0.68995016078992
H            2.84241858849429       -0.83651123711281       -0.78917936094024
H            2.41415279344875       -1.55000786078223        0.76653220582005
H           -2.72779591270717       -0.76648505591213       -1.06548751233591
H           -2.40616026619657       -1.51860507534587        0.50772885481326
H           -3.08807055578687        0.12540059166732        0.42845501470219
H           -1.41049817879045        2.02139490627332       -0.33534571129964
H            1.31745868183783        2.11302428641503       -0.22896101093786
15
 energy: -20.623370755745 gnorm: 0.001948541904 xtb: 6.7.1 (edcfbbe)
C            2.42955006702568       -0.62684341517168        0.19986731139170
C            1.05462417139298       -0.07319442709188        0.07014473824005
N           -0.01845967906058       -0.84293068586969        0.13699867249525
N           -1.06959920630132       -0.04269992275924       -0.02274478283789
C           -2.39861557455047       -0.57966789438862       -0.03729814281656
C           -0.69552140405846        1.24012169835410       -0.19815663395130
C            0.67795673722690        1.26655407828780       -0.14236264399319
H            3.07906826754599        0.08555441334722        0.70369122798443
H            2.84684671653264       -0.83458474416104       -0.78577036171049
H            2.39931244188684       -1.55656297464769        0.76162592237402
H           -2.73275460618920       -0.76820928262118       -1.06154823959404
H           -2.39043485495960       -1.52266881100337        0.50708247434422
H           -3.08937356695177        0.11553612261240        0.43974386539923
H           -1.41419281553646        2.02238077600632       -0.33828219655993
H            1.32159430599685        2.11721506910656       -0.23299121076549
15
 energy: -20.623383349754 gnorm: 0.001228162387 xtb: 6.7.1 (edcfbbe)
C            2.42829931105117       -0.62723466955451        0.20102100057096
C            1.05486649227049       -0.07107491786315        0.07058915110630
N           -0.01925141273481       -0.84088506399897        0.13795243895233
N           -1.07023715127109       -0.04104616361880       -0.02532766887596
C           -2.39843469223271       -0.58040991928152       -0.03552417217726
C           -0.69420591403903        1.24136751411394       -0.20150481758953
C            0.67873204173404        1.26757086399812       -0.14374215942884
H            3.07674764619163        0.07966431006125        0.71484307480713
H            2.85006981719623       -0.82626082015641       -0.78464245742362
H            2.39509399697981       -1.56198750904485        0.75450709487510
H           -2.73699737273623       -0.76488073210523       -1.05909794194580
H           -2.38501748425820       -1.52540225993853        0.50469311570921
H           -3.08875342877379        0.11088183381111        0.44846996232358
H           -1.41425266148434        2.02204766968920       -0.34547711728320
H            1.32334181210684        2.11764986388837       -0.23675950362039
15
 energy: -20.623402040722 gnorm: 0.002507546121 xtb: 6.7.1 (edcfbbe)
C            2.42774830544266       -0.62701756369687        0.20369748065665
C            1.05504326439067       -0.07029330269916        0.07251048053099
N           -0.01985220675228       -0.84032722326370        0.14162953959777
N           -1.07059611775348       -0.04093861198722       -0.02673491339816
C           -2.39887190089711       -0.58023095123393       -0.03268873271500
C           -0.69368302052237        1.24057701228838       -0.20679891853670
C            0.67906837161686        1.26632459513790       -0.14776295854738
H            3.07266101237041        0.07265888191975        0.73233992636474
H            2.85598903868721       -0.80929232046588       -0.78268608375892
H            2.39297511008109       -1.57039027721814        0.74237579333714
H           -2.74393018350590       -0.75527094506117       -1.05571906105268
H           -2.38086737412254       -1.52965186564168        0.49898566844182
H           -3.08643197699441        0.10645147293153        0.46199951569964
H           -1.41312929876068        2.02121886858717       -0.35683824660483
H            1.32387797671988        2.11618223040304       -0.24430949001509
15
 energy: -20.623434024580 gnorm: 0.003802004576 xtb: 6.7.1 (edcfbbe)
C            2.42714720733820       -0.62665363376493        0.20820873102466
C            1.05510273810897       -0.06963028877090        0.07515405210529
N           -0.02051718943359       -0.83916130412067        0.14993820800885
N           -1.07075691262407       -0.04077009557751       -0.02758030583759
C           -2.39924432351978       -0.57959962005543       -0.02752831018909
C           -0.69321521824801        1.23904308733028       -0.21700215361882
C            0.67952399144868        1.26450078174649       -0.15611725960696
H            3.06449733949215        0.05954719633427        0.76450418478349
H            2.86813285600386       -0.77882584808307       -0.77855567536704
H            2.38817851416774       -1.58526989957376        0.71976470380840
H           -2.75608529746816       -0.73667188983547       -1.04961968308038
H           -2.37397683127594       -1.53787044091583        0.48744184431334
H           -3.08173090478335        0.09811282244169        0.48693999561116
H           -1.41134235270421        2.01932911895966       -0.37681240330114
H            1.32428738349752        2.11392001388520       -0.25873592865417
15
 energy: -20.623472270832 gnorm: 0.006091519808 xtb: 6.7.1 (edcfbbe)
C            2.42645609697718       -0.62576464326911        0.21689640455257
C            1.05502253555119       -0.06922059627611        0.07913084909618
N           -0.02140506380508       -0.83736930408470        0.16440079767041
N           -1.07089867495893       -0.04088866079329       -0.02746114604893
C           -2.40000484027153       -0.57805349137825       -0.01824332649914
C           -0.69262410779394        1.23581789971876       -0.23497901309942
C            0.68027323620647        1.26088820687450       -0.17358556153442
H            3.04894163119637        0.03582381963959        0.82190228740633
H            2.89097998980959       -0.72452718531761       -0.76850699133435
H            2.38058254425161       -1.61021495562063        0.67978514147945
H           -2.77789940696251       -0.69965754680743       -1.03868850312961
H           -2.36293728072109       -1.55361181592754        0.46377650196407
H           -3.07288051376784        0.08205584287848        0.53341036860492
H           -1.40844204589114        2.01551003108202       -0.40986836974063
H            1.32483690017966        2.10921239928133       -0.28796943938742
15
 energy: -20.623509514902 gnorm: 0.004911474180 xtb: 6.7.1 (edcfbbe)
C            2.42673155250030       -0.62499190439122        0.22050423548106
C            1.05489132658171       -0.07017778119860        0.07966525436270
N           -0.02149552751478       -0.83723495408661        0.17044991848558
N           -1.07080863333710       -0.04170844998601       -0.02605435019041
C           -2.40054859915357       -0.57695076864739       -0.01465411071417
C           -0.69260614867635        1.23353891749139       -0.24218697519803
C            0.68045810403380        1.25865351855198       -0.18199997239733
H            3.04151394577081        0.02681959576653        0.84186790563110
H            2.90084310516155       -0.70478489392871       -0.76113552232667
H            2.38019866791243       -1.61622211592255        0.66542189970182
H           -2.78745202844548       -0.68027257444778       -1.03377691865823
H           -2.36113163906550       -1.56056946730456        0.45021881688622
H           -3.06811210194083        0.07433224202232        0.55368638155292
H           -1.40727839939993        2.01316910863936       -0.42101375307689
H            1.32479737557295        2.10639952744188       -0.30099280953968
15
 energy: -20.623574692600 gnorm: 0.002516193767 xtb: 6.7.1 (edcfbbe)
C            2.42724962955699       -0.62354809490741        0.22836189654879
C            1.05479011880314       -0.07167012540662        0.07658674572235
N           -0.02086222146025       -0.83574410018535        0.17863739066145
N           -1.07010064137335       -0.04225946120998       -0.02398652947316
C           -2.40067089295205       -0.57453634703945       -0.00611722698032
C           -0.69216066421427        1.22994932529853       -0.25884051232407
C            0.68106287421951        1.25560066493041       -0.20163722851421
H            3.02264780401591        0.00538996694230        0.89016551139984
H            2.92506929271187       -0.66224561531932       -0.74236231617916
H            2.37253573709592       -1.63051069429854        0.63337891507165
H           -2.80837256162095       -0.63801207718438       -1.02020442213452
H           -2.35355216276204       -1.57521717502078        0.42052627861486
H           -3.05628986287034        0.05435755395398        0.60024829342014
H           -1.40686711876742        2.00739767681388       -0.44301727413245
H            1.32552166961730        2.10104850263279       -0.33173952170118
15
 energy: -20.623608596674 gnorm: 0.002103497072 xtb: 6.7.1 (edcfbbe)
C            2.42761963799812       -0.62294970941743        0.23294711298136
C            1.05471929547728       -0.07298577711339        0.07190028710251
N           -0.02010279395280       -0.83459083258187        0.18244315645571
N           -1.06944740898797       -0.04251081054844       -0.02260328866929
C           -2.40070467798480       -0.57272342135381       -0.00095893021070
C           -0.69181595983215        1.22784723695911       -0.26893416132405
C            0.68144772508383        1.25408593854716       -0.21499987134234
H            3.00616372256041       -0.00918948889711        0.92105274214367
H            2.94408780058273       -0.63594177448253       -0.72665373126673
H            2.36821778262924       -1.63778220477129        0.61331175068186
H           -2.82262262457211       -0.60905258447800       -1.00924957754109
H           -2.34986102901660       -1.58348830584730        0.39900597221365
H           -3.04641547244806        0.03929184827308        0.63104911226291
H           -1.40794182482412        2.00298163248405       -0.45397013235297
H            1.32665682728698        2.09700825322782       -0.35434044113448
15
 energy: -20.623300050595 gnorm: 0.016410979296 xtb: 6.7.1 (edcfbbe)
C            2.42710546708060       -0.62113842351374        0.24909774577542
C            1.05468062852676       -0.07418957951893        0.06636328779219
N           -0.01977710155656       -0.83049765179622        0.20032067258435
N           -1.06862719102074       -0.04241758879235       -0.02193427018848
C           -2.40150152465425       -0.56840251120753        0.01696605526955
C           -0.69024979129224        1.22194947211411       -0.30355329286073
C            0.68299261620334        1.24869281480016       -0.25399825623641
H            2.96183183624835       -0.05788257151597        1.02931833146513
H            2.99889779872055       -0.53972289573193       -0.68859678475783
H            2.35320410610988       -1.67393394807823        0.54074034272678
H           -2.86874633271257       -0.52480018021013       -0.97868654712278
H           -2.33158936027247       -1.61237203095557        0.33993674344844
H           -3.02058631362620       -0.00301096674026        0.72897804482765
H           -1.40756708650092        1.99190084199391       -0.50446090230618
H            1.32993324874645        2.08582521915276       -0.42049117041709
15
 energy: -20.623632248775 gnorm: 0.002825284682 xtb: 6.7.1 (edcfbbe)
C            2.42738732197408       -0.62191484705342        0.23913547598116
C            1.05490457173941       -0.07341021570064        0.06865826266243
N           -0.01974434819009       -0.83314337989821        0.18727823717426
N           -1.06904248782488       -0.04247426823750       -0.02302575160687
C           -2.40109985198902       -0.57098788072131        0.00570163737022
C           -0.69113059560637        1.22565925253131       -0.28141731320558
C            0.68201732067042        1.25211864007693       -0.22928642250088
H            2.98770587295983       -0.02784863112822        0.95853183978360
H            2.96347675179607       -0.60217807921881       -0.70868723768456
H            2.36526207566383       -1.64871190981153        0.58721685134495
H           -2.83984544225841       -0.57589246699096       -0.99534022698557
H           -2.34458991854702       -1.59326948958632        0.37464849368943
H           -3.03521429937830        0.02130690296385        0.66741683956359
H           -1.40840845335880        1.99850892234265       -0.47148166990570
H            1.32832248234923        2.09223745043221       -0.37934901568048
15
 energy: -20.623639162698 gnorm: 0.001882160629 xtb: 6.7.1 (edcfbbe)
C            2.42712631005206       -0.62180003704765        0.23968766262271
C            1.05493491548623       -0.07332712373075        0.06876618597637
N           -0.02013495524068       -0.83321357508350        0.18747625827610
N           -1.06925255703743       -0.04254944866202       -0.02454892914822
C           -2.40139378714402       -0.57094823958513        0.00659942607737
C           -0.69092317110187        1.22530967395398       -0.28330588820850
C            0.68215018562139        1.25148128489142       -0.23038217727712
H            2.98538397012122       -0.03075002759537        0.96412852180534
H            2.96624350429623       -0.59643138792060       -0.70728097332330
H            2.36524370985934       -1.65030840613321        0.58336188927884
H           -2.84309669209520       -0.57306528319735       -0.99325176371010
H           -2.34351908297709       -1.59383145928883        0.37300275616571
H           -3.03354094723746        0.01967543571406        0.67189008186072
H           -1.40785102745576        1.99823649657154       -0.47534798225026
H            1.32863062485303        2.09152209711350       -0.38079506814565
15
 energy: -20.623647769366 gnorm: 0.003620806003 xtb: 6.7.1 (edcfbbe)
C            2.42557166622098       -0.62046157659487        0.24621156080139
C            1.05515625358200       -0.07228149986822        0.06822960534007
N           -0.02182974794037       -0.83251895571332        0.18853356423550
N           -1.07006562875244       -0.04254414433405       -0.03357222096604
C           -2.40260216276724       -0.57023443931933        0.01355435241878
C           -0.68967914549422        1.22336650141995       -0.29736621371935
C            0.68307972697307        1.24818923334233       -0.24153008414361
H            2.96839162330694       -0.05117072378185        1.00187855835476
H            2.98309505186268       -0.56013217519422       -0.69031352972038
H            2.36371713755442       -1.66080207833645        0.55689370983922
H           -2.86667969014588       -0.54372927623699       -0.97736048937881
H           -2.33372027664389       -1.60331005086280        0.35184311809183
H           -3.01991203267252        0.00306302110942        0.71122091566755
H           -1.40532035251734        1.99561201989820       -0.50109856436235
H            1.33079857743380        2.08695414447226       -0.39712428245854
15
 energy: -20.623657933672 gnorm: 0.002115924992 xtb: 6.7.1 (edcfbbe)
C            2.42587514314969       -0.62043104783712        0.24580533515726
C            1.05514566648226       -0.07254377260585        0.06789833318693
N           -0.02152471448713       -0.83259072271044        0.18865411103011
N           -1.06985804311318       -0.04279202755699       -0.03265268708779
C           -2.40232065116607       -0.57020607963904        0.01361772497542
C           -0.68979113905946        1.22316311333810       -0.29706859341257
C            0.68302265242994        1.24837925968821       -0.24122548602870
H            2.96820332197589       -0.05093746370454        1.00100352243367
H            2.98306917631403       -0.56036162506314       -0.69022643856554
H            2.36383352789929       -1.66061694482620        0.55623709047669
H           -2.86485797806361       -0.54554309490131       -0.97657159785076
H           -2.33614550387916       -1.60176153765881        0.35302373841014
H           -3.01966004260646        0.00376327814203        0.70782008457849
H           -1.40554826424772        1.99529125929807       -0.49958906444244
H            1.33055784837166        2.08718740603710       -0.39672607286089
15
 energy: -20.623664071124 gnorm: 0.000461353682 xtb: 6.7.1 (edcfbbe)
C            2.42612191838795       -0.62039189383562        0.24683174422537
C            1.05508569732085       -0.07301838821009        0.06694090371334
N           -0.02117380430270       -0.83250730982821        0.18908726562891
N           -1.06956127769016       -0.04321162387117       -0.03238582036396
C           -2.40207878085872       -0.56973891459419        0.01440245999783
C           -0.68991413102498        1.22250679068396       -0.29880516049123
C            0.68302910523196        1.24807466434766       -0.24377825234154
H            2.96514960331638       -0.05319805011967        1.00403554139090
H            2.98566001072525       -0.55761346902056       -0.68596116574764
H            2.36401787325885       -1.65990536489268        0.55410478798230
H           -2.86760872905344       -0.53850691299597       -0.97389888717485
H           -2.33660923729427       -1.60350131146068        0.34703551709123
H           -3.01670823884111        0.00012124819925        0.71401235560571
H           -1.40574802374662        1.99425489851542       -0.50095254211191
H            1.33033901457072        2.08663563708261       -0.40066874740443
15
 energy: -20.623672454067 gnorm: 0.000840173175 xtb: 6.7.1 (edcfbbe)
C            2.42604374133456       -0.61947294624593        0.25181207443567
C            1.05518651236173       -0.07314466066835        0.06560446465678
N           -0.02094906393269       -0.83149955663466        0.19225130191389
N           -1.06915932665770       -0.04378926724952       -0.03480280128576
C           -2.40188475344063       -0.56852509452056        0.01982108375908
C           -0.68954467187546        1.22033831379990       -0.30939212418448
C            0.68346782348576        1.24638179807980       -0.25377432724288
H            2.95152606887830       -0.06876185828722        1.03153995054248
H            2.99878731518456       -0.53090005997852       -0.67096066947421
H            2.36243746761452       -1.66749364545535        0.53221991642590
H           -2.88147410050050       -0.51464733560390       -0.96031222430559
H           -2.33433592290743       -1.60930872103205        0.32879106329113
H           -3.00564762903731       -0.01370848854656        0.74032213471118
H           -1.40516549516104        1.99069810350631       -0.51670678688170
H            1.33071303465329        2.08383341883669       -0.41641305636149
15
 energy: -20.623672020638 gnorm: 0.002251975836 xtb: 6.7.1 (edcfbbe)
C            2.42565616657412       -0.61847522723841        0.25778037041351
C            1.05524464197708       -0.07347362552047        0.06434058965362
N           -0.02110271883661       -0.83052215056344        0.19644099960905
N           -1.06900289626387       -0.04454577112789       -0.03804638557622
C           -2.40220480088771       -0.56693894232487        0.02591545874372
C           -0.68908125632680        1.21749672562535       -0.32177437120137
C            0.68396895424783        1.24363835380059       -0.26606816285399
H            2.93490206863371       -0.08786711751780        1.06309568416564
H            3.01456791705681       -0.49971020478265       -0.65248160358627
H            2.36232970930156       -1.67406249729351        0.50844861299483
H           -2.89969214846281       -0.48214723131805       -0.94443380934771
H           -2.33056349029775       -1.61757795840417        0.30393227260251
H           -2.99206078267816       -0.03196168906754        0.77537881960428
H           -1.40415690465954        1.98644871119721       -0.53662719802331
H            1.33119654062212        2.07969862453575       -0.43590127719827
15
 energy: -20.623677041119 gnorm: 0.000831885661 xtb: 6.7.1 (edcfbbe)
C            2.42567988654712       -0.61869011462709        0.25625277185343
C            1.05524000353575       -0.07322153512125        0.06521406237949
N           -0.02109977429645       -0.83063929565568        0.19576189848376
N           -1.06909141525660       -0.04426530061765       -0.03714921521450
C           -2.40215614394674       -0.56735657722107        0.02412037606800
C           -0.68922240648359        1.21826067887604       -0.31830835567755
C            0.68381127888036        1.24433811029409       -0.26259035635320
H            2.93975146784285       -0.08323921929114        1.05385257108360
H            3.00934068368603       -0.50830353242851       -0.65722218673471
H            2.36297116780933       -1.67190166840486        0.51482432202836
H           -2.89446230572449       -0.49056539660076       -0.94847110153356
H           -2.33159026932731       -1.61517234038690        0.31018317400496
H           -2.99571908860667       -0.02763960414825        0.76582471022499
H           -1.40438073553031        1.98757402781664       -0.53175436362041
H            1.33092865087069        2.08082176751647       -0.43053830699264
15
 energy: -20.623677805452 gnorm: 0.000176242836 xtb: 6.7.1 (edcfbbe)
C            2.42565844340181       -0.61847551761115        0.25627028555494
C            1.05525320679105       -0.07303061061965        0.06563816832581
N           -0.02123682054563       -0.83051832042200        0.19614794291209
N           -1.06922590541184       -0.04410316059642       -0.03677671510181
C           -2.40228999391771       -0.56744690155299        0.02419666998774
C           -0.68906342226997        1.21818577560652       -0.31836529281483
C            0.68388819255600        1.24414700772695       -0.26252031160479
H            2.93997617226829       -0.08365363746591        1.05369091541220
H            3.00903111885874       -0.50796666342163       -0.65701264358261
H            2.36344018483109       -1.67155491995010        0.51447847724105
H           -2.89451853978430       -0.49019201930686       -0.94783093460679
H           -2.33214805876328       -1.61482550518928        0.30960544639898
H           -2.99574236451291       -0.02846016496100        0.76553336550192
H           -1.40417523789679        1.98740431393893       -0.53230751291963
H            1.33115402439542        2.08049032382469       -0.43074786070424
