12
 energy: -17.449791260647 gnorm: 0.039384484418 xtb: 6.7.1 (edcfbbe)
C           -2.26575000000000       -0.06964000000000       -0.00308000000000
C           -0.79497000000000        0.08229000000000       -0.00173000000000
C            0.01585000000000        1.19578000000000        0.00000000000000
C            1.32653000000000        0.68640000000000        0.00635000000000
N            1.35255000000000       -0.64775000000000        0.00479000000000
N            0.05404000000000       -0.99192000000000       -0.00362000000000
H           -2.75925000000000        0.90730000000000        0.02056000000000
H           -2.59684000000000       -0.63652000000000        0.87288000000000
H           -2.59870000000000       -0.59577000000000       -0.90330000000000
H           -0.29413000000000        2.23092000000000       -0.00143000000000
H            2.26172000000000        1.23131000000000        0.01198000000000
H           -0.18055000000000       -1.97883000000000       -0.01051000000000
12
 energy: -17.451038653947 gnorm: 0.012169795473 xtb: 6.7.1 (edcfbbe)
C           -2.26561770627838       -0.07520283527178       -0.00479552386890
C           -0.79208355670739        0.08008674722895       -0.00149087115818
C            0.02184487954602        1.19232513881691        0.00358185779907
C            1.32970996993031        0.69037760727900        0.00376556704827
N            1.33646091072220       -0.63092147058446        0.00102429132749
N            0.04702938086148       -0.98591825253093       -0.00067164998032
H           -2.74360310944773        0.90257215996067        0.01780671392571
H           -2.59856974856366       -0.64245229198064        0.86597386831384
H           -2.59961726819198       -0.60179069403397       -0.90039438695431
H           -0.28233595895417        2.22031835887054        0.00546949916030
H            2.25861868137713        1.23071516377986        0.00723893658318
H           -0.19133647429385       -1.96653963153415       -0.00461830219613
12
 energy: -17.451131224129 gnorm: 0.003245192996 xtb: 6.7.1 (edcfbbe)
C           -2.26589282402544       -0.07529883534611       -0.00393366586725
C           -0.78981998773092        0.07827715995245       -0.00103769681708
C            0.02205305062650        1.19156181901616        0.00234647927913
C            1.33041553034029        0.68955009058361        0.00510310648458
N            1.33209243149700       -0.62744759864385        0.00221117112104
N            0.04710736992038       -0.98460664517224       -0.00227862952189
H           -2.73967542394638        0.90214839928039        0.01819863144482
H           -2.59668214897788       -0.64315543882839        0.86582438014688
H           -2.59744651697127       -0.60269336415152       -0.89862750450218
H           -0.28225155235169        2.21771718101692        0.00311049986180
H            2.25568264885344        1.22985043698775        0.00860371010980
H           -0.19508257723402       -1.96233320469517       -0.00663048173965
12
 energy: -17.451140243614 gnorm: 0.001396694364 xtb: 6.7.1 (edcfbbe)
C           -2.26610502941438       -0.07507679887683       -0.00458173037636
C           -0.78899413939593        0.07747599291804       -0.00081826213293
C            0.02150525402754        1.19158107675067        0.00369555461884
C            1.33075610060108        0.68890147869548        0.00385953818578
N            1.33225827071554       -0.62779916260308        0.00096400765924
N            0.04827880735392       -0.98501450821095       -0.00133974646927
H           -2.73869176050696        0.90258037838253        0.01709544256098
H           -2.59677220777762       -0.64268642483298        0.86523608458214
H           -2.59663175665327       -0.60260793142045       -0.89949587411310
H           -0.28351360976140        2.21760705602442        0.00603111293032
H            2.25496842610884        1.23070017919803        0.00665705156383
H           -0.19655835529736       -1.96209133602488       -0.00441317900947
